Component: ARM Compiler 5.06 update 7 (build 960) Tool: armlink [4d3601]

==============================================================================

Section Cross References

    startup_stm32l432xx.o(RESET) refers to startup_stm32l432xx.o(STACK) for __initial_sp
    startup_stm32l432xx.o(RESET) refers to startup_stm32l432xx.o(.text) for Reset_Handler
    startup_stm32l432xx.o(RESET) refers to stm32l4xx_it.o(i.NMI_Handler) for NMI_Handler
    startup_stm32l432xx.o(RESET) refers to stm32l4xx_it.o(i.HardFault_Handler) for HardFault_Handler
    startup_stm32l432xx.o(RESET) refers to stm32l4xx_it.o(i.MemManage_Handler) for MemManage_Handler
    startup_stm32l432xx.o(RESET) refers to stm32l4xx_it.o(i.BusFault_Handler) for BusFault_Handler
    startup_stm32l432xx.o(RESET) refers to stm32l4xx_it.o(i.UsageFault_Handler) for UsageFault_Handler
    startup_stm32l432xx.o(RESET) refers to stm32l4xx_it.o(i.SVC_Handler) for SVC_Handler
    startup_stm32l432xx.o(RESET) refers to stm32l4xx_it.o(i.DebugMon_Handler) for DebugMon_Handler
    startup_stm32l432xx.o(RESET) refers to stm32l4xx_it.o(i.PendSV_Handler) for PendSV_Handler
    startup_stm32l432xx.o(RESET) refers to stm32l4xx_it.o(i.SysTick_Handler) for SysTick_Handler
    startup_stm32l432xx.o(.text) refers to system_stm32l4xx.o(i.SystemInit) for SystemInit
    startup_stm32l432xx.o(.text) refers to entry.o(.ARM.Collect$$$$00000000) for __main
    main.o(i.MX_SPI1_Init) refers to stm32l4xx_hal_spi.o(i.HAL_SPI_Init) for HAL_SPI_Init
    main.o(i.MX_SPI1_Init) refers to main.o(.bss) for .bss
    main.o(i.SystemClock_Config) refers to memseta.o(.text) for __aeabi_memclr4
    main.o(i.SystemClock_Config) refers to stm32l4xx_hal_rcc.o(i.HAL_RCC_OscConfig) for HAL_RCC_OscConfig
    main.o(i.SystemClock_Config) refers to stm32l4xx_hal_rcc.o(i.HAL_RCC_ClockConfig) for HAL_RCC_ClockConfig
    main.o(i.main) refers to stm32l4xx_hal.o(i.HAL_Init) for HAL_Init
    main.o(i.main) refers to main.o(i.SystemClock_Config) for SystemClock_Config
    main.o(i.main) refers to memseta.o(.text) for __aeabi_memclr4
    main.o(i.main) refers to stm32l4xx_hal_gpio.o(i.HAL_GPIO_WritePin) for HAL_GPIO_WritePin
    main.o(i.main) refers to stm32l4xx_hal_gpio.o(i.HAL_GPIO_Init) for HAL_GPIO_Init
    main.o(i.main) refers to main.o(i.MX_SPI1_Init) for MX_SPI1_Init
    main.o(i.main) refers to fatfs.o(i.MX_FATFS_Init) for MX_FATFS_Init
    main.o(i.main) refers to ff.o(i.f_mount) for f_mount
    main.o(i.main) refers to ff.o(i.f_getfree) for f_getfree
    main.o(i.main) refers to dfltui.o(.text) for __aeabi_ui2d
    main.o(i.main) refers to dmul.o(.text) for __aeabi_dmul
    main.o(i.main) refers to dfixui.o(.text) for __aeabi_d2uiz
    main.o(i.main) refers to ff.o(i.f_open) for f_open
    main.o(i.main) refers to ff.o(i.f_read) for f_read
    main.o(i.main) refers to ff.o(i.f_close) for f_close
    main.o(i.main) refers to ff.o(i.f_puts) for f_puts
    main.o(i.main) refers to main.o(.bss) for .bss
    main.o(i.main) refers to main.o(.data) for .data
    user_diskio.o(i.USER_initialize) refers to fatfs_sd.o(i.SD_disk_initialize) for SD_disk_initialize
    user_diskio.o(i.USER_initialize) refers to user_diskio.o(.data) for .data
    user_diskio.o(i.USER_ioctl) refers to fatfs_sd.o(i.SD_disk_ioctl) for SD_disk_ioctl
    user_diskio.o(i.USER_read) refers to fatfs_sd.o(i.SD_disk_read) for SD_disk_read
    user_diskio.o(i.USER_status) refers to fatfs_sd.o(i.SD_disk_status) for SD_disk_status
    user_diskio.o(i.USER_write) refers to fatfs_sd.o(i.SD_disk_write) for SD_disk_write
    user_diskio.o(.data) refers to user_diskio.o(i.USER_initialize) for USER_initialize
    user_diskio.o(.data) refers to user_diskio.o(i.USER_status) for USER_status
    user_diskio.o(.data) refers to user_diskio.o(i.USER_read) for USER_read
    user_diskio.o(.data) refers to user_diskio.o(i.USER_write) for USER_write
    user_diskio.o(.data) refers to user_diskio.o(i.USER_ioctl) for USER_ioctl
    fatfs.o(i.MX_FATFS_Init) refers to ff_gen_drv.o(i.FATFS_LinkDriver) for FATFS_LinkDriver
    fatfs.o(i.MX_FATFS_Init) refers to fatfs.o(.data) for .data
    fatfs.o(i.MX_FATFS_Init) refers to user_diskio.o(.data) for USER_Driver
    stm32l4xx_it.o(i.SDTimer_Handler) refers to stm32l4xx_it.o(.data) for .data
    stm32l4xx_it.o(i.SysTick_Handler) refers to stm32l4xx_hal.o(i.HAL_IncTick) for HAL_IncTick
    stm32l4xx_it.o(i.SysTick_Handler) refers to stm32l4xx_hal_cortex.o(i.HAL_SYSTICK_IRQHandler) for HAL_SYSTICK_IRQHandler
    stm32l4xx_it.o(i.SysTick_Handler) refers to stm32l4xx_it.o(.data) for .data
    stm32l4xx_hal_msp.o(i.HAL_SPI_MspDeInit) refers to stm32l4xx_hal_gpio.o(i.HAL_GPIO_DeInit) for HAL_GPIO_DeInit
    stm32l4xx_hal_msp.o(i.HAL_SPI_MspInit) refers to memseta.o(.text) for __aeabi_memclr4
    stm32l4xx_hal_msp.o(i.HAL_SPI_MspInit) refers to stm32l4xx_hal_gpio.o(i.HAL_GPIO_Init) for HAL_GPIO_Init
    stm32l4xx_hal_msp.o(i.HAL_UART_MspDeInit) refers to stm32l4xx_hal_gpio.o(i.HAL_GPIO_DeInit) for HAL_GPIO_DeInit
[...]
    Removing stm32l4xx_hal_uart_ex.o(i.HAL_UARTEx_EnableClockStopMode), (38 bytes).
    Removing stm32l4xx_hal_uart_ex.o(i.HAL_UARTEx_EnableStopMode), (38 bytes).
    Removing stm32l4xx_hal_uart_ex.o(i.HAL_UARTEx_StopModeWakeUpSourceConfig), (134 bytes).
    Removing stm32l4xx_hal_uart_ex.o(i.HAL_UARTEx_WakeupCallback), (2 bytes).
    Removing stm32l4xx_hal.o(.rev16_text), (4 bytes).
    Removing stm32l4xx_hal.o(.revsh_text), (4 bytes).
    Removing stm32l4xx_hal.o(.rrx_text), (6 bytes).
    Removing stm32l4xx_hal.o(i.HAL_DBGMCU_DisableDBGSleepMode), (16 bytes).
    Removing stm32l4xx_hal.o(i.HAL_DBGMCU_DisableDBGStandbyMode), (16 bytes).
    Removing stm32l4xx_hal.o(i.HAL_DBGMCU_DisableDBGStopMode), (16 bytes).
    Removing stm32l4xx_hal.o(i.HAL_DBGMCU_EnableDBGSleepMode), (16 bytes).
    Removing stm32l4xx_hal.o(i.HAL_DBGMCU_EnableDBGStandbyMode), (16 bytes).
    Removing stm32l4xx_hal.o(i.HAL_DBGMCU_EnableDBGStopMode), (16 bytes).
    Removing stm32l4xx_hal.o(i.HAL_DeInit), (44 bytes).
    Removing stm32l4xx_hal.o(i.HAL_Delay), (36 bytes).
    Removing stm32l4xx_hal.o(i.HAL_GetDEVID), (16 bytes).
    Removing stm32l4xx_hal.o(i.HAL_GetHalVersion), (6 bytes).
    Removing stm32l4xx_hal.o(i.HAL_GetREVID), (12 bytes).
    Removing stm32l4xx_hal.o(i.HAL_GetTickFreq), (12 bytes).
    Removing stm32l4xx_hal.o(i.HAL_GetTickPrio), (12 bytes).
    Removing stm32l4xx_hal.o(i.HAL_GetUIDw0), (12 bytes).
    Removing stm32l4xx_hal.o(i.HAL_GetUIDw1), (12 bytes).
    Removing stm32l4xx_hal.o(i.HAL_GetUIDw2), (12 bytes).
    Removing stm32l4xx_hal.o(i.HAL_MspDeInit), (2 bytes).
    Removing stm32l4xx_hal.o(i.HAL_MspInit), (2 bytes).
    Removing stm32l4xx_hal.o(i.HAL_ResumeTick), (14 bytes).
    Removing stm32l4xx_hal.o(i.HAL_SYSCFG_DisableIOAnalogSwitchBooster), (16 bytes).
    Removing stm32l4xx_hal.o(i.HAL_SYSCFG_DisableMemorySwappingBank), (12 bytes).
    Removing stm32l4xx_hal.o(i.HAL_SYSCFG_EnableIOAnalogSwitchBooster), (16 bytes).
    Removing stm32l4xx_hal.o(i.HAL_SYSCFG_EnableMemorySwappingBank), (12 bytes).
    Removing stm32l4xx_hal.o(i.HAL_SYSCFG_SRAM2Erase), (28 bytes).
    Removing stm32l4xx_hal.o(i.HAL_SetTickFreq), (32 bytes).
    Removing stm32l4xx_hal.o(i.HAL_SuspendTick), (14 bytes).
    Removing stm32l4xx_hal_i2c.o(.rev16_text), (4 bytes).
    Removing stm32l4xx_hal_i2c.o(.revsh_text), (4 bytes).
    Removing stm32l4xx_hal_i2c.o(.rrx_text), (6 bytes).
    Removing stm32l4xx_hal_i2c.o(i.HAL_I2C_AbortCpltCallback), (2 bytes).
    Removing stm32l4xx_hal_i2c.o(i.HAL_I2C_AddrCallback), (2 bytes).
    Removing stm32l4xx_hal_i2c.o(i.HAL_I2C_DeInit), (50 bytes).
    Removing stm32l4xx_hal_i2c.o(i.HAL_I2C_DisableListen_IT), (54 bytes).
    Removing stm32l4xx_hal_i2c.o(i.HAL_I2C_ER_IRQHandler), (104 bytes).
    Removing stm32l4xx_hal_i2c.o(i.HAL_I2C_EV_IRQHandler), (16 bytes).
    Removing stm32l4xx_hal_i2c.o(i.HAL_I2C_EnableListen_IT), (40 bytes).
    Removing stm32l4xx_hal_i2c.o(i.HAL_I2C_ErrorCallback), (2 bytes).
    Removing stm32l4xx_hal_i2c.o(i.HAL_I2C_GetError), (4 bytes).
    Removing stm32l4xx_hal_i2c.o(i.HAL_I2C_GetMode), (6 bytes).
    Removing stm32l4xx_hal_i2c.o(i.HAL_I2C_GetState), (6 bytes).
    Removing stm32l4xx_hal_i2c.o(i.HAL_I2C_Init), (184 bytes).
    Removing stm32l4xx_hal_i2c.o(i.HAL_I2C_IsDeviceReady), (298 bytes).
    Removing stm32l4xx_hal_i2c.o(i.HAL_I2C_ListenCpltCallback), (2 bytes).
    Removing stm32l4xx_hal_i2c.o(i.HAL_I2C_MasterRxCpltCallback), (2 bytes).
    Removing stm32l4xx_hal_i2c.o(i.HAL_I2C_MasterTxCpltCallback), (2 bytes).
    Removing stm32l4xx_hal_i2c.o(i.HAL_I2C_Master_Abort_IT), (96 bytes).
    Removing stm32l4xx_hal_i2c.o(i.HAL_I2C_Master_Receive), (298 bytes).
    Removing stm32l4xx_hal_i2c.o(i.HAL_I2C_Master_Receive_DMA), (304 bytes).
    Removing stm32l4xx_hal_i2c.o(i.HAL_I2C_Master_Receive_IT), (136 bytes).
    Removing stm32l4xx_hal_i2c.o(i.HAL_I2C_Master_Seq_Receive_DMA), (342 bytes).
    Removing stm32l4xx_hal_i2c.o(i.HAL_I2C_Master_Seq_Receive_IT), (164 bytes).
    Removing stm32l4xx_hal_i2c.o(i.HAL_I2C_Master_Seq_Transmit_DMA), (342 bytes).
    Removing stm32l4xx_hal_i2c.o(i.HAL_I2C_Master_Seq_Transmit_IT), (160 bytes).
    Removing stm32l4xx_hal_i2c.o(i.HAL_I2C_Master_Transmit), (298 bytes).
    Removing stm32l4xx_hal_i2c.o(i.HAL_I2C_Master_Transmit_DMA), (304 bytes).
    Removing stm32l4xx_hal_i2c.o(i.HAL_I2C_Master_Transmit_IT), (136 bytes).
    Removing stm32l4xx_hal_i2c.o(i.HAL_I2C_MemRxCpltCallback), (2 bytes).
    Removing stm32l4xx_hal_i2c.o(i.HAL_I2C_MemTxCpltCallback), (2 bytes).
    Removing stm32l4xx_hal_i2c.o(i.HAL_I2C_Mem_Read), (362 bytes).
    Removing stm32l4xx_hal_i2c.o(i.HAL_I2C_Mem_Read_DMA), (326 bytes).
    Removing stm32l4xx_hal_i2c.o(i.HAL_I2C_Mem_Read_IT), (210 bytes).
    Removing stm32l4xx_hal_i2c.o(i.HAL_I2C_Mem_Write), (350 bytes).
    Removing stm32l4xx_hal_i2c.o(i.HAL_I2C_Mem_Write_DMA), (318 bytes).
    Removing stm32l4xx_hal_i2c.o(i.HAL_I2C_Mem_Write_IT), (202 bytes).
    Removing stm32l4xx_hal_i2c.o(i.HAL_I2C_MspDeInit), (2 bytes).
    Removing stm32l4xx_hal_i2c.o(i.HAL_I2C_MspInit), (2 bytes).
    Removing stm32l4xx_hal_i2c.o(i.HAL_I2C_SlaveRxCpltCallback), (2 bytes).
    Removing stm32l4xx_hal_i2c.o(i.HAL_I2C_SlaveTxCpltCallback), (2 bytes).
    Removing stm32l4xx_hal_i2c.o(i.HAL_I2C_Slave_Receive), (304 bytes).
    Removing stm32l4xx_hal_i2c.o(i.HAL_I2C_Slave_Receive_DMA), (220 bytes).
    Removing stm32l4xx_hal_i2c.o(i.HAL_I2C_Slave_Receive_IT), (92 bytes).
    Removing stm32l4xx_hal_i2c.o(i.HAL_I2C_Slave_Seq_Receive_DMA), (360 bytes).
    Removing stm32l4xx_hal_i2c.o(i.HAL_I2C_Slave_Seq_Receive_IT), (196 bytes).
    Removing stm32l4xx_hal_i2c.o(i.HAL_I2C_Slave_Seq_Transmit_DMA), (360 bytes).
    Removing stm32l4xx_hal_i2c.o(i.HAL_I2C_Slave_Seq_Transmit_IT), (196 bytes).
    Removing stm32l4xx_hal_i2c.o(i.HAL_I2C_Slave_Transmit), (308 bytes).
    Removing stm32l4xx_hal_i2c.o(i.HAL_I2C_Slave_Transmit_DMA), (212 bytes).
    Removing stm32l4xx_hal_i2c.o(i.HAL_I2C_Slave_Transmit_IT), (92 bytes).
    Removing stm32l4xx_hal_i2c.o(i.I2C_ConvertOtherXferOptions), (26 bytes).
    Removing stm32l4xx_hal_i2c.o(i.I2C_DMAAbort), (40 bytes).
    Removing stm32l4xx_hal_i2c.o(i.I2C_DMAError), (18 bytes).
    Removing stm32l4xx_hal_i2c.o(i.I2C_DMAMasterReceiveCplt), (78 bytes).
    Removing stm32l4xx_hal_i2c.o(i.I2C_DMAMasterTransmitCplt), (78 bytes).
    Removing stm32l4xx_hal_i2c.o(i.I2C_DMASlaveReceiveCplt), (36 bytes).
    Removing stm32l4xx_hal_i2c.o(i.I2C_DMASlaveTransmitCplt), (30 bytes).
    Removing stm32l4xx_hal_i2c.o(i.I2C_Disable_IRQ), (84 bytes).
    Removing stm32l4xx_hal_i2c.o(i.I2C_Enable_IRQ), (92 bytes).
    Removing stm32l4xx_hal_i2c.o(i.I2C_Flush_TXDR), (34 bytes).
    Removing stm32l4xx_hal_i2c.o(i.I2C_ITAddrCplt), (136 bytes).
    Removing stm32l4xx_hal_i2c.o(i.I2C_ITError), (224 bytes).
    Removing stm32l4xx_hal_i2c.o(i.I2C_ITListenCplt), (96 bytes).
    Removing stm32l4xx_hal_i2c.o(i.I2C_ITMasterCplt), (180 bytes).
    Removing stm32l4xx_hal_i2c.o(i.I2C_ITMasterSeqCplt), (76 bytes).
    Removing stm32l4xx_hal_i2c.o(i.I2C_ITSlaveCplt), (240 bytes).
    Removing stm32l4xx_hal_i2c.o(i.I2C_ITSlaveSeqCplt), (84 bytes).
    Removing stm32l4xx_hal_i2c.o(i.I2C_IsAcknowledgeFailed), (132 bytes).
    Removing stm32l4xx_hal_i2c.o(i.I2C_Master_ISR_DMA), (272 bytes).
    Removing stm32l4xx_hal_i2c.o(i.I2C_Master_ISR_IT), (296 bytes).
    Removing stm32l4xx_hal_i2c.o(i.I2C_RequestMemoryRead), (100 bytes).
    Removing stm32l4xx_hal_i2c.o(i.I2C_RequestMemoryWrite), (100 bytes).
    Removing stm32l4xx_hal_i2c.o(i.I2C_Slave_ISR_DMA), (220 bytes).
    Removing stm32l4xx_hal_i2c.o(i.I2C_Slave_ISR_IT), (296 bytes).
    Removing stm32l4xx_hal_i2c.o(i.I2C_TransferConfig), (44 bytes).
    Removing stm32l4xx_hal_i2c.o(i.I2C_WaitOnFlagUntilTimeout), (88 bytes).
    Removing stm32l4xx_hal_i2c.o(i.I2C_WaitOnRXNEFlagUntilTimeout), (132 bytes).
    Removing stm32l4xx_hal_i2c.o(i.I2C_WaitOnSTOPFlagUntilTimeout), (76 bytes).
    Removing stm32l4xx_hal_i2c.o(i.I2C_WaitOnTXISFlagUntilTimeout), (80 bytes).
    Removing stm32l4xx_hal_i2c_ex.o(.rev16_text), (4 bytes).
    Removing stm32l4xx_hal_i2c_ex.o(.revsh_text), (4 bytes).
    Removing stm32l4xx_hal_i2c_ex.o(.rrx_text), (6 bytes).
    Removing stm32l4xx_hal_i2c_ex.o(i.HAL_I2CEx_ConfigAnalogFilter), (86 bytes).
    Removing stm32l4xx_hal_i2c_ex.o(i.HAL_I2CEx_ConfigDigitalFilter), (82 bytes).
    Removing stm32l4xx_hal_i2c_ex.o(i.HAL_I2CEx_DisableFastModePlus), (40 bytes).
    Removing stm32l4xx_hal_i2c_ex.o(i.HAL_I2CEx_DisableWakeUp), (78 bytes).
    Removing stm32l4xx_hal_i2c_ex.o(i.HAL_I2CEx_EnableFastModePlus), (40 bytes).
    Removing stm32l4xx_hal_i2c_ex.o(i.HAL_I2CEx_EnableWakeUp), (78 bytes).
    Removing stm32l4xx_hal_rcc.o(.rev16_text), (4 bytes).
    Removing stm32l4xx_hal_rcc.o(.revsh_text), (4 bytes).
    Removing stm32l4xx_hal_rcc.o(.rrx_text), (6 bytes).
    Removing stm32l4xx_hal_rcc.o(i.HAL_RCC_CSSCallback), (2 bytes).
    Removing stm32l4xx_hal_rcc.o(i.HAL_RCC_DeInit), (224 bytes).
    Removing stm32l4xx_hal_rcc.o(i.HAL_RCC_EnableCSS), (16 bytes).
    Removing stm32l4xx_hal_rcc.o(i.HAL_RCC_GetClockConfig), (64 bytes).
    Removing stm32l4xx_hal_rcc.o(i.HAL_RCC_GetHCLKFreq), (12 bytes).
    Removing stm32l4xx_hal_rcc.o(i.HAL_RCC_GetOscConfig), (228 bytes).
    Removing stm32l4xx_hal_rcc.o(i.HAL_RCC_GetPCLK1Freq), (36 bytes).
    Removing stm32l4xx_hal_rcc.o(i.HAL_RCC_GetPCLK2Freq), (36 bytes).
    Removing stm32l4xx_hal_rcc.o(i.HAL_RCC_MCOConfig), (72 bytes).
    Removing stm32l4xx_hal_rcc.o(i.HAL_RCC_NMI_IRQHandler), (24 bytes).
    Removing stm32l4xx_hal_rcc_ex.o(.rev16_text), (4 bytes).
    Removing stm32l4xx_hal_rcc_ex.o(.revsh_text), (4 bytes).
    Removing stm32l4xx_hal_rcc_ex.o(.rrx_text), (6 bytes).
    Removing stm32l4xx_hal_rcc_ex.o(i.HAL_RCCEx_CRSConfig), (76 bytes).
    Removing stm32l4xx_hal_rcc_ex.o(i.HAL_RCCEx_CRSGetSynchronizationInfo), (36 bytes).
    Removing stm32l4xx_hal_rcc_ex.o(i.HAL_RCCEx_CRSSoftwareSynchronizationGenerate), (16 bytes).
    Removing stm32l4xx_hal_rcc_ex.o(i.HAL_RCCEx_CRSWaitSynchronization), (132 bytes).
    Removing stm32l4xx_hal_rcc_ex.o(i.HAL_RCCEx_CRS_ErrorCallback), (2 bytes).
    Removing stm32l4xx_hal_rcc_ex.o(i.HAL_RCCEx_CRS_ExpectedSyncCallback), (2 bytes).
    Removing stm32l4xx_hal_rcc_ex.o(i.HAL_RCCEx_CRS_IRQHandler), (108 bytes).
    Removing stm32l4xx_hal_rcc_ex.o(i.HAL_RCCEx_CRS_SyncOkCallback), (2 bytes).
    Removing stm32l4xx_hal_rcc_ex.o(i.HAL_RCCEx_CRS_SyncWarnCallback), (2 bytes).
    Removing stm32l4xx_hal_rcc_ex.o(i.HAL_RCCEx_DisableLSCO), (88 bytes).
    Removing stm32l4xx_hal_rcc_ex.o(i.HAL_RCCEx_DisableLSECSS), (28 bytes).
    Removing stm32l4xx_hal_rcc_ex.o(i.HAL_RCCEx_DisableMSIPLLMode), (16 bytes).
    Removing stm32l4xx_hal_rcc_ex.o(i.HAL_RCCEx_DisablePLLSAI1), (80 bytes).
    Removing stm32l4xx_hal_rcc_ex.o(i.HAL_RCCEx_EnableLSCO), (140 bytes).
    Removing stm32l4xx_hal_rcc_ex.o(i.HAL_RCCEx_EnableLSECSS), (20 bytes).
    Removing stm32l4xx_hal_rcc_ex.o(i.HAL_RCCEx_EnableLSECSS_IT), (56 bytes).
    Removing stm32l4xx_hal_rcc_ex.o(i.HAL_RCCEx_EnableMSIPLLMode), (16 bytes).
    Removing stm32l4xx_hal_rcc_ex.o(i.HAL_RCCEx_EnablePLLSAI1), (156 bytes).
    Removing stm32l4xx_hal_rcc_ex.o(i.HAL_RCCEx_GetPeriphCLKConfig), (188 bytes).
    Removing stm32l4xx_hal_rcc_ex.o(i.HAL_RCCEx_GetPeriphCLKFreq), (798 bytes).
    Removing stm32l4xx_hal_rcc_ex.o(i.HAL_RCCEx_LSECSS_Callback), (2 bytes).
    Removing stm32l4xx_hal_rcc_ex.o(i.HAL_RCCEx_LSECSS_IRQHandler), (24 bytes).
    Removing stm32l4xx_hal_rcc_ex.o(i.HAL_RCCEx_PeriphCLKConfig), (650 bytes).
    Removing stm32l4xx_hal_rcc_ex.o(i.HAL_RCCEx_StandbyMSIRangeConfig), (24 bytes).
    Removing stm32l4xx_hal_rcc_ex.o(i.HAL_RCCEx_WakeUpStopCLKConfig), (20 bytes).
    Removing stm32l4xx_hal_rcc_ex.o(i.RCCEx_GetSAIxPeriphCLKFreq), (156 bytes).
    Removing stm32l4xx_hal_rcc_ex.o(i.RCCEx_PLLSAI1_Config), (300 bytes).
    Removing stm32l4xx_hal_flash.o(.rev16_text), (4 bytes).
    Removing stm32l4xx_hal_flash.o(.revsh_text), (4 bytes).
    Removing stm32l4xx_hal_flash.o(.rrx_text), (6 bytes).
    Removing stm32l4xx_hal_flash.o(i.FLASH_Program_DoubleWord), (28 bytes).
    Removing stm32l4xx_hal_flash.o(i.FLASH_Program_Fast), (44 bytes).
    Removing stm32l4xx_hal_flash.o(i.FLASH_WaitForLastOperation), (116 bytes).
    Removing stm32l4xx_hal_flash.o(i.HAL_FLASH_EndOfOperationCallback), (2 bytes).
    Removing stm32l4xx_hal_flash.o(i.HAL_FLASH_GetError), (12 bytes).
    Removing stm32l4xx_hal_flash.o(i.HAL_FLASH_IRQHandler), (256 bytes).
    Removing stm32l4xx_hal_flash.o(i.HAL_FLASH_Lock), (20 bytes).
    Removing stm32l4xx_hal_flash.o(i.HAL_FLASH_OB_Launch), (24 bytes).
    Removing stm32l4xx_hal_flash.o(i.HAL_FLASH_OB_Lock), (20 bytes).
    Removing stm32l4xx_hal_flash.o(i.HAL_FLASH_OB_Unlock), (36 bytes).
    Removing stm32l4xx_hal_flash.o(i.HAL_FLASH_OperationErrorCallback), (2 bytes).
    Removing stm32l4xx_hal_flash.o(i.HAL_FLASH_Program), (170 bytes).
    Removing stm32l4xx_hal_flash.o(i.HAL_FLASH_Program_IT), (120 bytes).
    Removing stm32l4xx_hal_flash.o(i.HAL_FLASH_Unlock), (40 bytes).
    Removing stm32l4xx_hal_flash.o(.data), (32 bytes).
    Removing stm32l4xx_hal_flash_ex.o(.rev16_text), (4 bytes).
    Removing stm32l4xx_hal_flash_ex.o(.revsh_text), (4 bytes).
    Removing stm32l4xx_hal_flash_ex.o(.rrx_text), (6 bytes).
    Removing stm32l4xx_hal_flash_ex.o(i.FLASH_FlushCaches), (84 bytes).
    Removing stm32l4xx_hal_flash_ex.o(i.FLASH_MassErase), (28 bytes).
    Removing stm32l4xx_hal_flash_ex.o(i.FLASH_OB_PCROPConfig), (104 bytes).
    Removing stm32l4xx_hal_flash_ex.o(i.FLASH_OB_UserConfig), (248 bytes).
    Removing stm32l4xx_hal_flash_ex.o(i.FLASH_PageErase), (40 bytes).
    Removing stm32l4xx_hal_flash_ex.o(i.HAL_FLASHEx_Erase), (230 bytes).
    Removing stm32l4xx_hal_flash_ex.o(i.HAL_FLASHEx_Erase_IT), (148 bytes).
    Removing stm32l4xx_hal_flash_ex.o(i.HAL_FLASHEx_OBGetConfig), (148 bytes).
    Removing stm32l4xx_hal_flash_ex.o(i.HAL_FLASHEx_OBProgram), (278 bytes).
    Removing stm32l4xx_hal_flash_ramfunc.o(.rev16_text), (4 bytes).
    Removing stm32l4xx_hal_flash_ramfunc.o(.revsh_text), (4 bytes).
    Removing stm32l4xx_hal_flash_ramfunc.o(.rrx_text), (6 bytes).
    Removing stm32l4xx_hal_flash_ramfunc.o(i.HAL_FLASHEx_DisableRunPowerDown), (36 bytes).
    Removing stm32l4xx_hal_flash_ramfunc.o(i.HAL_FLASHEx_EnableRunPowerDown), (36 bytes).
    Removing stm32l4xx_hal_gpio.o(.rev16_text), (4 bytes).
    Removing stm32l4xx_hal_gpio.o(.revsh_text), (4 bytes).
    Removing stm32l4xx_hal_gpio.o(.rrx_text), (6 bytes).
    Removing stm32l4xx_hal_gpio.o(i.HAL_GPIO_DeInit), (282 bytes).
    Removing stm32l4xx_hal_gpio.o(i.HAL_GPIO_EXTI_Callback), (2 bytes).
    Removing stm32l4xx_hal_gpio.o(i.HAL_GPIO_EXTI_IRQHandler), (24 bytes).
    Removing stm32l4xx_hal_gpio.o(i.HAL_GPIO_LockPin), (34 bytes).
    Removing stm32l4xx_hal_gpio.o(i.HAL_GPIO_ReadPin), (10 bytes).
    Removing stm32l4xx_hal_gpio.o(i.HAL_GPIO_TogglePin), (14 bytes).
    Removing stm32l4xx_hal_dma.o(.rev16_text), (4 bytes).
    Removing stm32l4xx_hal_dma.o(.revsh_text), (4 bytes).
    Removing stm32l4xx_hal_dma.o(.rrx_text), (6 bytes).
    Removing stm32l4xx_hal_dma.o(i.DMA_SetConfig), (46 bytes).
    Removing stm32l4xx_hal_dma.o(i.HAL_DMA_Abort), (74 bytes).
    Removing stm32l4xx_hal_dma.o(i.HAL_DMA_Abort_IT), (78 bytes).
    Removing stm32l4xx_hal_dma.o(i.HAL_DMA_DeInit), (156 bytes).
    Removing stm32l4xx_hal_dma.o(i.HAL_DMA_GetError), (4 bytes).
    Removing stm32l4xx_hal_dma.o(i.HAL_DMA_GetState), (6 bytes).
    Removing stm32l4xx_hal_dma.o(i.HAL_DMA_IRQHandler), (186 bytes).
    Removing stm32l4xx_hal_dma.o(i.HAL_DMA_Init), (192 bytes).
    Removing stm32l4xx_hal_dma.o(i.HAL_DMA_PollForTransfer), (222 bytes).
    Removing stm32l4xx_hal_dma.o(i.HAL_DMA_RegisterCallback), (74 bytes).
    Removing stm32l4xx_hal_dma.o(i.HAL_DMA_Start), (80 bytes).
    Removing stm32l4xx_hal_dma.o(i.HAL_DMA_Start_IT), (112 bytes).
    Removing stm32l4xx_hal_dma.o(i.HAL_DMA_UnRegisterCallback), (82 bytes).
    Removing stm32l4xx_hal_dma_ex.o(.rev16_text), (4 bytes).
    Removing stm32l4xx_hal_dma_ex.o(.revsh_text), (4 bytes).
    Removing stm32l4xx_hal_dma_ex.o(.rrx_text), (6 bytes).
    Removing stm32l4xx_hal_pwr.o(.rev16_text), (4 bytes).
    Removing stm32l4xx_hal_pwr.o(.revsh_text), (4 bytes).
    Removing stm32l4xx_hal_pwr.o(.rrx_text), (6 bytes).
    Removing stm32l4xx_hal_pwr.o(i.HAL_PWR_ConfigPVD), (128 bytes).
    Removing stm32l4xx_hal_pwr.o(i.HAL_PWR_DeInit), (24 bytes).
    Removing stm32l4xx_hal_pwr.o(i.HAL_PWR_DisableBkUpAccess), (16 bytes).
    Removing stm32l4xx_hal_pwr.o(i.HAL_PWR_DisablePVD), (16 bytes).
    Removing stm32l4xx_hal_pwr.o(i.HAL_PWR_DisableSEVOnPend), (16 bytes).
    Removing stm32l4xx_hal_pwr.o(i.HAL_PWR_DisableSleepOnExit), (16 bytes).
    Removing stm32l4xx_hal_pwr.o(i.HAL_PWR_DisableWakeUpPin), (20 bytes).
    Removing stm32l4xx_hal_pwr.o(i.HAL_PWR_EnableBkUpAccess), (16 bytes).
    Removing stm32l4xx_hal_pwr.o(i.HAL_PWR_EnablePVD), (16 bytes).
    Removing stm32l4xx_hal_pwr.o(i.HAL_PWR_EnableSEVOnPend), (16 bytes).
    Removing stm32l4xx_hal_pwr.o(i.HAL_PWR_EnableSleepOnExit), (16 bytes).
    Removing stm32l4xx_hal_pwr.o(i.HAL_PWR_EnableWakeUpPin), (28 bytes).
    Removing stm32l4xx_hal_pwr.o(i.HAL_PWR_EnterSLEEPMode), (72 bytes).
    Removing stm32l4xx_hal_pwr.o(i.HAL_PWR_EnterSTANDBYMode), (36 bytes).
    Removing stm32l4xx_hal_pwr.o(i.HAL_PWR_EnterSTOPMode), (16 bytes).
    Removing stm32l4xx_hal_pwr.o(i.HAL_PWR_PVDCallback), (2 bytes).
    Removing stm32l4xx_hal_pwr_ex.o(.rev16_text), (4 bytes).
    Removing stm32l4xx_hal_pwr_ex.o(.revsh_text), (4 bytes).
    Removing stm32l4xx_hal_pwr_ex.o(.rrx_text), (6 bytes).
    Removing stm32l4xx_hal_pwr_ex.o(i.HAL_PWREx_ConfigPVM), (304 bytes).
    Removing stm32l4xx_hal_pwr_ex.o(i.HAL_PWREx_ControlVoltageScaling), (104 bytes).
    Removing stm32l4xx_hal_pwr_ex.o(i.HAL_PWREx_DisableBatteryCharging), (16 bytes).
    Removing stm32l4xx_hal_pwr_ex.o(i.HAL_PWREx_DisableGPIOPullDown), (76 bytes).
    Removing stm32l4xx_hal_pwr_ex.o(i.HAL_PWREx_DisableGPIOPullUp), (72 bytes).
    Removing stm32l4xx_hal_pwr_ex.o(i.HAL_PWREx_DisableInternalWakeUpLine), (16 bytes).
    Removing stm32l4xx_hal_pwr_ex.o(i.HAL_PWREx_DisableLowPowerRunMode), (68 bytes).
    Removing stm32l4xx_hal_pwr_ex.o(i.HAL_PWREx_DisablePVM1), (16 bytes).
    Removing stm32l4xx_hal_pwr_ex.o(i.HAL_PWREx_DisablePVM3), (16 bytes).
    Removing stm32l4xx_hal_pwr_ex.o(i.HAL_PWREx_DisablePVM4), (16 bytes).
    Removing stm32l4xx_hal_pwr_ex.o(i.HAL_PWREx_DisablePullUpPullDownConfig), (16 bytes).
    Removing stm32l4xx_hal_pwr_ex.o(i.HAL_PWREx_DisableSRAM2ContentRetention), (16 bytes).
    Removing stm32l4xx_hal_pwr_ex.o(i.HAL_PWREx_DisableVddUSB), (16 bytes).
    Removing stm32l4xx_hal_pwr_ex.o(i.HAL_PWREx_EnableBatteryCharging), (28 bytes).
    Removing stm32l4xx_hal_pwr_ex.o(i.HAL_PWREx_EnableGPIOPullDown), (104 bytes).
    Removing stm32l4xx_hal_pwr_ex.o(i.HAL_PWREx_EnableGPIOPullUp), (104 bytes).
    Removing stm32l4xx_hal_pwr_ex.o(i.HAL_PWREx_EnableInternalWakeUpLine), (16 bytes).
    Removing stm32l4xx_hal_pwr_ex.o(i.HAL_PWREx_EnableLowPowerRunMode), (16 bytes).
    Removing stm32l4xx_hal_pwr_ex.o(i.HAL_PWREx_EnablePVM1), (16 bytes).
    Removing stm32l4xx_hal_pwr_ex.o(i.HAL_PWREx_EnablePVM3), (16 bytes).
    Removing stm32l4xx_hal_pwr_ex.o(i.HAL_PWREx_EnablePVM4), (16 bytes).
    Removing stm32l4xx_hal_pwr_ex.o(i.HAL_PWREx_EnablePullUpPullDownConfig), (16 bytes).
    Removing stm32l4xx_hal_pwr_ex.o(i.HAL_PWREx_EnableSRAM2ContentRetention), (16 bytes).
    Removing stm32l4xx_hal_pwr_ex.o(i.HAL_PWREx_EnableVddUSB), (16 bytes).
    Removing stm32l4xx_hal_pwr_ex.o(i.HAL_PWREx_EnterSHUTDOWNMode), (36 bytes).
    Removing stm32l4xx_hal_pwr_ex.o(i.HAL_PWREx_EnterSTOP0Mode), (52 bytes).
    Removing stm32l4xx_hal_pwr_ex.o(i.HAL_PWREx_EnterSTOP1Mode), (56 bytes).
    Removing stm32l4xx_hal_pwr_ex.o(i.HAL_PWREx_EnterSTOP2Mode), (56 bytes).
    Removing stm32l4xx_hal_pwr_ex.o(i.HAL_PWREx_PVD_PVM_IRQHandler), (72 bytes).
    Removing stm32l4xx_hal_pwr_ex.o(i.HAL_PWREx_PVM1Callback), (2 bytes).
    Removing stm32l4xx_hal_pwr_ex.o(i.HAL_PWREx_PVM3Callback), (2 bytes).
    Removing stm32l4xx_hal_pwr_ex.o(i.HAL_PWREx_PVM4Callback), (2 bytes).
    Removing stm32l4xx_hal_cortex.o(.rev16_text), (4 bytes).
    Removing stm32l4xx_hal_cortex.o(.revsh_text), (4 bytes).
    Removing stm32l4xx_hal_cortex.o(.rrx_text), (6 bytes).
    Removing stm32l4xx_hal_cortex.o(i.HAL_MPU_ConfigRegion), (84 bytes).
    Removing stm32l4xx_hal_cortex.o(i.HAL_MPU_Disable), (28 bytes).
    Removing stm32l4xx_hal_cortex.o(i.HAL_MPU_Enable), (36 bytes).
    Removing stm32l4xx_hal_cortex.o(i.HAL_NVIC_ClearPendingIRQ), (26 bytes).
    Removing stm32l4xx_hal_cortex.o(i.HAL_NVIC_DisableIRQ), (34 bytes).
    Removing stm32l4xx_hal_cortex.o(i.HAL_NVIC_EnableIRQ), (26 bytes).
    Removing stm32l4xx_hal_cortex.o(i.HAL_NVIC_GetActive), (36 bytes).
    Removing stm32l4xx_hal_cortex.o(i.HAL_NVIC_GetPendingIRQ), (36 bytes).
    Removing stm32l4xx_hal_cortex.o(i.HAL_NVIC_GetPriority), (82 bytes).
    Removing stm32l4xx_hal_cortex.o(i.HAL_NVIC_GetPriorityGrouping), (16 bytes).
    Removing stm32l4xx_hal_cortex.o(i.HAL_NVIC_SetPendingIRQ), (26 bytes).
    Removing stm32l4xx_hal_cortex.o(i.HAL_NVIC_SystemReset), (36 bytes).
    Removing stm32l4xx_hal_cortex.o(i.HAL_SYSTICK_CLKSourceConfig), (24 bytes).
    Removing stm32l4xx_hal_exti.o(.rev16_text), (4 bytes).
    Removing stm32l4xx_hal_exti.o(.revsh_text), (4 bytes).
    Removing stm32l4xx_hal_exti.o(.rrx_text), (6 bytes).
    Removing stm32l4xx_hal_exti.o(i.HAL_EXTI_ClearConfigLine), (128 bytes).
    Removing stm32l4xx_hal_exti.o(i.HAL_EXTI_ClearPending), (28 bytes).
    Removing stm32l4xx_hal_exti.o(i.HAL_EXTI_GenerateSWI), (28 bytes).
    Removing stm32l4xx_hal_exti.o(i.HAL_EXTI_GetConfigLine), (172 bytes).
    Removing stm32l4xx_hal_exti.o(i.HAL_EXTI_GetHandle), (12 bytes).
    Removing stm32l4xx_hal_exti.o(i.HAL_EXTI_GetPending), (32 bytes).
    Removing stm32l4xx_hal_exti.o(i.HAL_EXTI_IRQHandler), (44 bytes).
    Removing stm32l4xx_hal_exti.o(i.HAL_EXTI_RegisterCallback), (14 bytes).
    Removing stm32l4xx_hal_exti.o(i.HAL_EXTI_SetConfigLine), (176 bytes).
    Removing system_stm32l4xx.o(.rev16_text), (4 bytes).
    Removing system_stm32l4xx.o(.revsh_text), (4 bytes).
    Removing system_stm32l4xx.o(.rrx_text), (6 bytes).
    Removing system_stm32l4xx.o(i.SystemCoreClockUpdate), (168 bytes).
    Removing system_stm32l4xx.o(.constdata), (8 bytes).
    Removing diskio.o(.rev16_text), (4 bytes).
    Removing diskio.o(.revsh_text), (4 bytes).
    Removing diskio.o(.rrx_text), (6 bytes).
    Removing diskio.o(i.get_fattime), (4 bytes).
    Removing ff.o(.rev16_text), (4 bytes).
    Removing ff.o(.revsh_text), (4 bytes).
    Removing ff.o(.rrx_text), (6 bytes).
    Removing ff.o(i.dir_read), (102 bytes).
    Removing ff.o(i.dir_remove), (66 bytes).
    Removing ff.o(i.f_chmod), (82 bytes).
    Removing ff.o(i.f_closedir), (36 bytes).
    Removing ff.o(i.f_gets), (72 bytes).
    Removing ff.o(i.f_lseek), (650 bytes).
    Removing ff.o(i.f_mkdir), (362 bytes).
    Removing ff.o(i.f_mkfs), (1340 bytes).
    Removing ff.o(i.f_opendir), (148 bytes).
    Removing ff.o(i.f_printf), (490 bytes).
    Removing ff.o(i.f_putc), (60 bytes).
    Removing ff.o(i.f_readdir), (82 bytes).
    Removing ff.o(i.f_rename), (298 bytes).
    Removing ff.o(i.f_stat), (64 bytes).
    Removing ff.o(i.f_truncate), (216 bytes).
    Removing ff.o(i.f_unlink), (170 bytes).
    Removing ff.o(i.f_utime), (86 bytes).
    Removing ff.o(i.get_fileinfo), (90 bytes).
    Removing ff_gen_drv.o(.rev16_text), (4 bytes).
    Removing ff_gen_drv.o(.revsh_text), (4 bytes).
    Removing ff_gen_drv.o(.rrx_text), (6 bytes).
    Removing ff_gen_drv.o(i.FATFS_GetAttachedDriversNbr), (12 bytes).
    Removing ff_gen_drv.o(i.FATFS_UnLinkDriver), (6 bytes).
    Removing ff_gen_drv.o(i.FATFS_UnLinkDriverEx), (52 bytes).
    Removing syscall.o(.rev16_text), (4 bytes).
    Removing syscall.o(.revsh_text), (4 bytes).
    Removing syscall.o(.rrx_text), (6 bytes).

510 unused section(s) (total 39655 bytes) removed from the image.

==============================================================================

Image Symbol Table

    Local Symbols

    Symbol Name                              Value     Ov Type        Size  Object(Section)

    ../Drivers/STM32L4xx_HAL_Driver/Src/stm32l4xx_hal.c 0x00000000   Number         0  stm32l4xx_hal.o ABSOLUTE
    ../Drivers/STM32L4xx_HAL_Driver/Src/stm32l4xx_hal_cortex.c 0x00000000   Number         0  stm32l4xx_hal_cortex.o ABSOLUTE
    ../Drivers/STM32L4xx_HAL_Driver/Src/stm32l4xx_hal_dma.c 0x00000000   Number         0  stm32l4xx_hal_dma.o ABSOLUTE
    ../Drivers/STM32L4xx_HAL_Driver/Src/stm32l4xx_hal_dma_ex.c 0x00000000   Number         0  stm32l4xx_hal_dma_ex.o ABSOLUTE
    ../Drivers/STM32L4xx_HAL_Driver/Src/stm32l4xx_hal_exti.c 0x00000000   Number         0  stm32l4xx_hal_exti.o ABSOLUTE
    ../Drivers/STM32L4xx_HAL_Driver/Src/stm32l4xx_hal_flash.c 0x00000000   Number         0  stm32l4xx_hal_flash.o ABSOLUTE
    ../Drivers/STM32L4xx_HAL_Driver/Src/stm32l4xx_hal_flash_ex.c 0x00000000   Number         0  stm32l4xx_hal_flash_ex.o ABSOLUTE
    ../Drivers/STM32L4xx_HAL_Driver/Src/stm32l4xx_hal_flash_ramfunc.c 0x00000000   Number         0  stm32l4xx_hal_flash_ramfunc.o ABSOLUTE
    ../Drivers/STM32L4xx_HAL_Driver/Src/stm32l4xx_hal_gpio.c 0x00000000   Number         0  stm32l4xx_hal_gpio.o ABSOLUTE
    ../Drivers/STM32L4xx_HAL_Driver/Src/stm32l4xx_hal_i2c.c 0x00000000   Number         0  stm32l4xx_hal_i2c.o ABSOLUTE
    ../Drivers/STM32L4xx_HAL_Driver/Src/stm32l4xx_hal_i2c_ex.c 0x00000000   Number         0  stm32l4xx_hal_i2c_ex.o ABSOLUTE
    ../Drivers/STM32L4xx_HAL_Driver/Src/stm32l4xx_hal_pwr.c 0x00000000   Number         0  stm32l4xx_hal_pwr.o ABSOLUTE
    ../Drivers/STM32L4xx_HAL_Driver/Src/stm32l4xx_hal_pwr_ex.c 0x00000000   Number         0  stm32l4xx_hal_pwr_ex.o ABSOLUTE
    ../Drivers/STM32L4xx_HAL_Driver/Src/stm32l4xx_hal_rcc.c 0x00000000   Number         0  stm32l4xx_hal_rcc.o ABSOLUTE
    ../Drivers/STM32L4xx_HAL_Driver/Src/stm32l4xx_hal_rcc_ex.c 0x00000000   Number         0  stm32l4xx_hal_rcc_ex.o ABSOLUTE
    ../Drivers/STM32L4xx_HAL_Driver/Src/stm32l4xx_hal_spi.c 0x00000000   Number         0  stm32l4xx_hal_spi.o ABSOLUTE
    ../Drivers/STM32L4xx_HAL_Driver/Src/stm32l4xx_hal_spi_ex.c 0x00000000   Number         0  stm32l4xx_hal_spi_ex.o ABSOLUTE
    ../Drivers/STM32L4xx_HAL_Driver/Src/stm32l4xx_hal_tim.c 0x00000000   Number         0  stm32l4xx_hal_tim.o ABSOLUTE
    ../Drivers/STM32L4xx_HAL_Driver/Src/stm32l4xx_hal_tim_ex.c 0x00000000   Number         0  stm32l4xx_hal_tim_ex.o ABSOLUTE
    ../Drivers/STM32L4xx_HAL_Driver/Src/stm32l4xx_hal_uart.c 0x00000000   Number         0  stm32l4xx_hal_uart.o ABSOLUTE
    ../Drivers/STM32L4xx_HAL_Driver/Src/stm32l4xx_hal_uart_ex.c 0x00000000   Number         0  stm32l4xx_hal_uart_ex.o ABSOLUTE
    ../Middlewares/Third_Party/FatFs/src/diskio.c 0x00000000   Number         0  diskio.o ABSOLUTE
    ../Middlewares/Third_Party/FatFs/src/ff.c 0x00000000   Number         0  ff.o ABSOLUTE
    ../Middlewares/Third_Party/FatFs/src/ff_gen_drv.c 0x00000000   Number         0  ff_gen_drv.o ABSOLUTE
    ../Middlewares/Third_Party/FatFs/src/option/syscall.c 0x00000000   Number         0  syscall.o ABSOLUTE
    ../Src/fatfs.c                           0x00000000   Number         0  fatfs.o ABSOLUTE
    ../Src/main.c                            0x00000000   Number         0  main.o ABSOLUTE
    ../Src/stm32l4xx_hal_msp.c               0x00000000   Number         0  stm32l4xx_hal_msp.o ABSOLUTE
    ../Src/stm32l4xx_it.c                    0x00000000   Number         0  stm32l4xx_it.o ABSOLUTE
    ../Src/system_stm32l4xx.c                0x00000000   Number         0  system_stm32l4xx.o ABSOLUTE
    ../Src/user_diskio.c                     0x00000000   Number         0  user_diskio.o ABSOLUTE
    ../clib/microlib/division.c              0x00000000   Number         0  uldiv.o ABSOLUTE
    ../clib/microlib/init/entry.s            0x00000000   Number         0  entry10a.o ABSOLUTE
    ../clib/microlib/init/entry.s            0x00000000   Number         0  entry10b.o ABSOLUTE
    ../clib/microlib/init/entry.s            0x00000000   Number         0  entry11b.o ABSOLUTE
    ../clib/microlib/init/entry.s            0x00000000   Number         0  entry9b.o ABSOLUTE
    ../clib/microlib/init/entry.s            0x00000000   Number         0  entry9a.o ABSOLUTE
    ../clib/microlib/init/entry.s            0x00000000   Number         0  entry8b.o ABSOLUTE
    ../clib/microlib/init/entry.s            0x00000000   Number         0  entry11a.o ABSOLUTE
    ../clib/microlib/init/entry.s            0x00000000   Number         0  entry7b.o ABSOLUTE
    ../clib/microlib/init/entry.s            0x00000000   Number         0  entry7a.o ABSOLUTE
    ../clib/microlib/init/entry.s            0x00000000   Number         0  entry12a.o ABSOLUTE
    ../clib/microlib/init/entry.s            0x00000000   Number         0  entry2.o ABSOLUTE
    ../clib/microlib/init/entry.s            0x00000000   Number         0  entry12b.o ABSOLUTE
    ../clib/microlib/init/entry.s            0x00000000   Number         0  entry.o ABSOLUTE
    ../clib/microlib/init/entry.s            0x00000000   Number         0  entry8a.o ABSOLUTE
    ../clib/microlib/init/entry.s            0x00000000   Number         0  entry5.o ABSOLUTE
    ../clib/microlib/longlong.c              0x00000000   Number         0  llshl.o ABSOLUTE
    ../clib/microlib/longlong.c              0x00000000   Number         0  llushr.o ABSOLUTE
    ../clib/microlib/string/memset.c         0x00000000   Number         0  memseta.o ABSOLUTE
    ../clib/microlib/stubs.s                 0x00000000   Number         0  iusefp.o ABSOLUTE
    ../fplib/microlib/fpepilogue.c           0x00000000   Number         0  depilogue.o ABSOLUTE
    ../fplib/microlib/fpfix.c                0x00000000   Number         0  dfixui.o ABSOLUTE
    ../fplib/microlib/fpflt.c                0x00000000   Number         0  dfltui.o ABSOLUTE
    ../fplib/microlib/fpmul.c                0x00000000   Number         0  dmul.o ABSOLUTE
    ..\Drivers\STM32L4xx_HAL_Driver\Src\stm32l4xx_hal.c 0x00000000   Number         0  stm32l4xx_hal.o ABSOLUTE
    ..\Drivers\STM32L4xx_HAL_Driver\Src\stm32l4xx_hal_cortex.c 0x00000000   Number         0  stm32l4xx_hal_cortex.o ABSOLUTE
    ..\Drivers\STM32L4xx_HAL_Driver\Src\stm32l4xx_hal_dma.c 0x00000000   Number         0  stm32l4xx_hal_dma.o ABSOLUTE
    ..\Drivers\STM32L4xx_HAL_Driver\Src\stm32l4xx_hal_dma_ex.c 0x00000000   Number         0  stm32l4xx_hal_dma_ex.o ABSOLUTE
    ..\Drivers\STM32L4xx_HAL_Driver\Src\stm32l4xx_hal_exti.c 0x00000000   Number         0  stm32l4xx_hal_exti.o ABSOLUTE
    ..\Drivers\STM32L4xx_HAL_Driver\Src\stm32l4xx_hal_flash.c 0x00000000   Number         0  stm32l4xx_hal_flash.o ABSOLUTE
    ..\Drivers\STM32L4xx_HAL_Driver\Src\stm32l4xx_hal_flash_ex.c 0x00000000   Number         0  stm32l4xx_hal_flash_ex.o ABSOLUTE
    ..\Drivers\STM32L4xx_HAL_Driver\Src\stm32l4xx_hal_flash_ramfunc.c 0x00000000   Number         0  stm32l4xx_hal_flash_ramfunc.o ABSOLUTE
    ..\Drivers\STM32L4xx_HAL_Driver\Src\stm32l4xx_hal_gpio.c 0x00000000   Number         0  stm32l4xx_hal_gpio.o ABSOLUTE
    ..\Drivers\STM32L4xx_HAL_Driver\Src\stm32l4xx_hal_i2c.c 0x00000000   Number         0  stm32l4xx_hal_i2c.o ABSOLUTE
    ..\Drivers\STM32L4xx_HAL_Driver\Src\stm32l4xx_hal_i2c_ex.c 0x00000000   Number         0  stm32l4xx_hal_i2c_ex.o ABSOLUTE
    ..\Drivers\STM32L4xx_HAL_Driver\Src\stm32l4xx_hal_pwr.c 0x00000000   Number         0  stm32l4xx_hal_pwr.o ABSOLUTE
    ..\Drivers\STM32L4xx_HAL_Driver\Src\stm32l4xx_hal_pwr_ex.c 0x00000000   Number         0  stm32l4xx_hal_pwr_ex.o ABSOLUTE
    ..\Drivers\STM32L4xx_HAL_Driver\Src\stm32l4xx_hal_rcc.c 0x00000000   Number         0  stm32l4xx_hal_rcc.o ABSOLUTE
    ..\Drivers\STM32L4xx_HAL_Driver\Src\stm32l4xx_hal_rcc_ex.c 0x00000000   Number         0  stm32l4xx_hal_rcc_ex.o ABSOLUTE
    ..\Drivers\STM32L4xx_HAL_Driver\Src\stm32l4xx_hal_spi.c 0x00000000   Number         0  stm32l4xx_hal_spi.o ABSOLUTE
    ..\Drivers\STM32L4xx_HAL_Driver\Src\stm32l4xx_hal_spi_ex.c 0x00000000   Number         0  stm32l4xx_hal_spi_ex.o ABSOLUTE
    ..\Drivers\STM32L4xx_HAL_Driver\Src\stm32l4xx_hal_tim.c 0x00000000   Number         0  stm32l4xx_hal_tim.o ABSOLUTE
    ..\Drivers\STM32L4xx_HAL_Driver\Src\stm32l4xx_hal_tim_ex.c 0x00000000   Number         0  stm32l4xx_hal_tim_ex.o ABSOLUTE
    ..\Drivers\STM32L4xx_HAL_Driver\Src\stm32l4xx_hal_uart.c 0x00000000   Number         0  stm32l4xx_hal_uart.o ABSOLUTE
    ..\Drivers\STM32L4xx_HAL_Driver\Src\stm32l4xx_hal_uart_ex.c 0x00000000   Number         0  stm32l4xx_hal_uart_ex.o ABSOLUTE
    ..\Middlewares\Third_Party\FatFs\src\diskio.c 0x00000000   Number         0  diskio.o ABSOLUTE
    ..\Middlewares\Third_Party\FatFs\src\ff.c 0x00000000   Number         0  ff.o ABSOLUTE
    ..\Middlewares\Third_Party\FatFs\src\ff_gen_drv.c 0x00000000   Number         0  ff_gen_drv.o ABSOLUTE
    ..\Middlewares\Third_Party\FatFs\src\option\syscall.c 0x00000000   Number         0  syscall.o ABSOLUTE
    ..\Src\fatfs.c                           0x00000000   Number         0  fatfs.o ABSOLUTE
    ..\Src\fatfs_sd.c                        0x00000000   Number         0  fatfs_sd.o ABSOLUTE
    ..\Src\main.c                            0x00000000   Number         0  main.o ABSOLUTE
    ..\Src\stm32l4xx_hal_msp.c               0x00000000   Number         0  stm32l4xx_hal_msp.o ABSOLUTE
    ..\Src\stm32l4xx_it.c                    0x00000000   Number         0  stm32l4xx_it.o ABSOLUTE
    ..\Src\system_stm32l4xx.c                0x00000000   Number         0  system_stm32l4xx.o ABSOLUTE
    ..\Src\user_diskio.c                     0x00000000   Number         0  user_diskio.o ABSOLUTE
    ..\\Src\\fatfs_sd.c                      0x00000000   Number         0  fatfs_sd.o ABSOLUTE
    dc.s                                     0x00000000   Number         0  dc.o ABSOLUTE
    handlers.s                               0x00000000   Number         0  handlers.o ABSOLUTE
    init.s                                   0x00000000   Number         0  init.o ABSOLUTE
    startup_stm32l432xx.s                    0x00000000   Number         0  startup_stm32l432xx.o ABSOLUTE
    RESET                                    0x08000000   Section      396  startup_stm32l432xx.o(RESET)
    .ARM.Collect$$$$00000000                 0x0800018c   Section        0  entry.o(.ARM.Collect$$$$00000000)
    .ARM.Collect$$$$00000001                 0x0800018c   Section        4  entry2.o(.ARM.Collect$$$$00000001)
    .ARM.Collect$$$$00000004                 0x08000190   Section        4  entry5.o(.ARM.Collect$$$$00000004)
    .ARM.Collect$$$$00000008                 0x08000194   Section        0  entry7b.o(.ARM.Collect$$$$00000008)
    .ARM.Collect$$$$0000000A                 0x08000194   Section        0  entry8b.o(.ARM.Collect$$$$0000000A)
    .ARM.Collect$$$$0000000B                 0x08000194   Section        8  entry9a.o(.ARM.Collect$$$$0000000B)
    .ARM.Collect$$$$0000000E                 0x0800019c   Section        4  entry12b.o(.ARM.Collect$$$$0000000E)
    .ARM.Collect$$$$0000000F                 0x080001a0   Section        0  entry10a.o(.ARM.Collect$$$$0000000F)
    .ARM.Collect$$$$00000011                 0x080001a0   Section        0  entry11a.o(.ARM.Collect$$$$00000011)
    .ARM.Collect$$$$00002712                 0x080001a0   Section        4  entry2.o(.ARM.Collect$$$$00002712)
    __lit__00000000                          0x080001a0   Data           4  entry2.o(.ARM.Collect$$$$00002712)
    .text                                    0x080001a4   Section       36  startup_stm32l432xx.o(.text)
    $v0                                      0x080001a4   Number         0  startup_stm32l432xx.o(.text)
    .text                                    0x080001c8   Section        0  memseta.o(.text)
    .text                                    0x080001ec   Section        0  dmul.o(.text)
    .text                                    0x080002d6   Section        0  dfltui.o(.text)
    .text                                    0x080002f0   Section        0  dfixui.o(.text)
    .text                                    0x08000322   Section        0  llshl.o(.text)
    .text                                    0x08000340   Section        0  llushr.o(.text)
    .text                                    0x08000360   Section        0  iusefp.o(.text)
    .text                                    0x08000360   Section        0  depilogue.o(.text)
    .text                                    0x0800041c   Section       36  init.o(.text)
    i.BusFault_Handler                       0x08000440   Section        0  stm32l4xx_it.o(i.BusFault_Handler)
    i.DESELECT                               0x08000444   Section        0  fatfs_sd.o(i.DESELECT)
    DESELECT                                 0x08000445   Thumb Code    10  fatfs_sd.o(i.DESELECT)
    i.DebugMon_Handler                       0x08000454   Section        0  stm32l4xx_it.o(i.DebugMon_Handler)
    i.FATFS_LinkDriver                       0x08000456   Section        0  ff_gen_drv.o(i.FATFS_LinkDriver)
    i.FATFS_LinkDriverEx                     0x0800045c   Section        0  ff_gen_drv.o(i.FATFS_LinkDriverEx)
    i.HAL_GPIO_Init                          0x0800049c   Section        0  stm32l4xx_hal_gpio.o(i.HAL_GPIO_Init)
    i.HAL_GPIO_WritePin                      0x0800062e   Section        0  stm32l4xx_hal_gpio.o(i.HAL_GPIO_WritePin)
    i.HAL_GetTick                            0x08000638   Section        0  stm32l4xx_hal.o(i.HAL_GetTick)
    i.HAL_IncTick                            0x08000644   Section        0  stm32l4xx_hal.o(i.HAL_IncTick)
    i.HAL_Init                               0x08000654   Section        0  stm32l4xx_hal.o(i.HAL_Init)
    i.HAL_InitTick                           0x08000674   Section        0  stm32l4xx_hal.o(i.HAL_InitTick)
    i.HAL_MspInit                            0x080006b8   Section        0  stm32l4xx_hal_msp.o(i.HAL_MspInit)
    i.HAL_NVIC_SetPriority                   0x080006e4   Section        0  stm32l4xx_hal_cortex.o(i.HAL_NVIC_SetPriority)
    i.HAL_NVIC_SetPriorityGrouping           0x08000724   Section        0  stm32l4xx_hal_cortex.o(i.HAL_NVIC_SetPriorityGrouping)
    i.HAL_PWREx_GetVoltageRange              0x08000748   Section        0  stm32l4xx_hal_pwr_ex.o(i.HAL_PWREx_GetVoltageRange)
    i.HAL_RCC_ClockConfig                    0x08000758   Section        0  stm32l4xx_hal_rcc.o(i.HAL_RCC_ClockConfig)
    i.HAL_RCC_GetSysClockFreq                0x08000878   Section        0  stm32l4xx_hal_rcc.o(i.HAL_RCC_GetSysClockFreq)
    i.HAL_RCC_OscConfig                      0x0800091c   Section        0  stm32l4xx_hal_rcc.o(i.HAL_RCC_OscConfig)
    i.HAL_SPI_GetState                       0x08000e40   Section        0  stm32l4xx_hal_spi.o(i.HAL_SPI_GetState)
    i.HAL_SPI_Init                           0x08000e46   Section        0  stm32l4xx_hal_spi.o(i.HAL_SPI_Init)
    i.HAL_SPI_MspInit                        0x08000ef4   Section        0  stm32l4xx_hal_msp.o(i.HAL_SPI_MspInit)
    i.HAL_SPI_Transmit                       0x08000f58   Section        0  stm32l4xx_hal_spi.o(i.HAL_SPI_Transmit)
    i.HAL_SPI_TransmitReceive                0x080010dc   Section        0  stm32l4xx_hal_spi.o(i.HAL_SPI_TransmitReceive)
    i.HAL_SYSTICK_Callback                   0x08001344   Section        0  stm32l4xx_hal_cortex.o(i.HAL_SYSTICK_Callback)
    i.HAL_SYSTICK_Config                     0x08001346   Section        0  stm32l4xx_hal_cortex.o(i.HAL_SYSTICK_Config)
    i.HAL_SYSTICK_IRQHandler                 0x0800136e   Section        0  stm32l4xx_hal_cortex.o(i.HAL_SYSTICK_IRQHandler)
    i.HardFault_Handler                      0x08001376   Section        0  stm32l4xx_it.o(i.HardFault_Handler)
    i.MX_FATFS_Init                          0x08001378   Section        0  fatfs.o(i.MX_FATFS_Init)
    i.MX_SPI1_Init                           0x08001394   Section        0  main.o(i.MX_SPI1_Init)
    MX_SPI1_Init                             0x08001395   Thumb Code    50  main.o(i.MX_SPI1_Init)
    i.MemManage_Handler                      0x080013d0   Section        0  stm32l4xx_it.o(i.MemManage_Handler)
    i.NMI_Handler                            0x080013d2   Section        0  stm32l4xx_it.o(i.NMI_Handler)
    i.PendSV_Handler                         0x080013d4   Section        0  stm32l4xx_it.o(i.PendSV_Handler)
    i.RCC_SetFlashLatencyFromMSIRange        0x080013d8   Section        0  stm32l4xx_hal_rcc.o(i.RCC_SetFlashLatencyFromMSIRange)
    RCC_SetFlashLatencyFromMSIRange          0x080013d9   Thumb Code   116  stm32l4xx_hal_rcc.o(i.RCC_SetFlashLatencyFromMSIRange)
    i.SD_PowerOn                             0x08001454   Section        0  fatfs_sd.o(i.SD_PowerOn)
    SD_PowerOn                               0x08001455   Thumb Code   108  fatfs_sd.o(i.SD_PowerOn)
    i.SD_ReadyWait                           0x080014c4   Section        0  fatfs_sd.o(i.SD_ReadyWait)
    SD_ReadyWait                             0x080014c5   Thumb Code    28  fatfs_sd.o(i.SD_ReadyWait)
    i.SD_RxDataBlock                         0x080014e4   Section        0  fatfs_sd.o(i.SD_RxDataBlock)
    SD_RxDataBlock                           0x080014e5   Thumb Code    76  fatfs_sd.o(i.SD_RxDataBlock)
    i.SD_SendCmd                             0x08001534   Section        0  fatfs_sd.o(i.SD_SendCmd)
    SD_SendCmd                               0x08001535   Thumb Code   110  fatfs_sd.o(i.SD_SendCmd)
    i.SD_TxDataBlock                         0x080015a4   Section        0  fatfs_sd.o(i.SD_TxDataBlock)
    SD_TxDataBlock                           0x080015a5   Thumb Code   106  fatfs_sd.o(i.SD_TxDataBlock)
    i.SD_disk_initialize                     0x08001610   Section        0  fatfs_sd.o(i.SD_disk_initialize)
    i.SD_disk_ioctl                          0x08001748   Section        0  fatfs_sd.o(i.SD_disk_ioctl)
    i.SD_disk_read                           0x0800188c   Section        0  fatfs_sd.o(i.SD_disk_read)
    i.SD_disk_status                         0x08001924   Section        0  fatfs_sd.o(i.SD_disk_status)
    i.SD_disk_write                          0x08001934   Section        0  fatfs_sd.o(i.SD_disk_write)
    i.SELECT                                 0x080019ec   Section        0  fatfs_sd.o(i.SELECT)
    SELECT                                   0x080019ed   Thumb Code    10  fatfs_sd.o(i.SELECT)
    i.SPI_EndRxTxTransaction                 0x080019fc   Section        0  stm32l4xx_hal_spi.o(i.SPI_EndRxTxTransaction)
    SPI_EndRxTxTransaction                   0x080019fd   Thumb Code    72  stm32l4xx_hal_spi.o(i.SPI_EndRxTxTransaction)
    i.SPI_RxByte                             0x08001a44   Section        0  fatfs_sd.o(i.SPI_RxByte)
    SPI_RxByte                               0x08001a45   Thumb Code    48  fatfs_sd.o(i.SPI_RxByte)
    i.SPI_TxByte                             0x08001a78   Section        0  fatfs_sd.o(i.SPI_TxByte)
    SPI_TxByte                               0x08001a79   Thumb Code    28  fatfs_sd.o(i.SPI_TxByte)
    i.SPI_WaitFifoStateUntilTimeout          0x08001a98   Section        0  stm32l4xx_hal_spi.o(i.SPI_WaitFifoStateUntilTimeout)
    SPI_WaitFifoStateUntilTimeout            0x08001a99   Thumb Code   150  stm32l4xx_hal_spi.o(i.SPI_WaitFifoStateUntilTimeout)
    i.SPI_WaitFlagStateUntilTimeout          0x08001b2e   Section        0  stm32l4xx_hal_spi.o(i.SPI_WaitFlagStateUntilTimeout)
    SPI_WaitFlagStateUntilTimeout            0x08001b2f   Thumb Code   148  stm32l4xx_hal_spi.o(i.SPI_WaitFlagStateUntilTimeout)
    i.SVC_Handler                            0x08001bc2   Section        0  stm32l4xx_it.o(i.SVC_Handler)
    i.SysTick_Handler                        0x08001bc4   Section        0  stm32l4xx_it.o(i.SysTick_Handler)
    i.SystemClock_Config                     0x08001bec   Section        0  main.o(i.SystemClock_Config)
    i.SystemInit                             0x08001c38   Section        0  system_stm32l4xx.o(i.SystemInit)
    i.USER_initialize                        0x08001c7c   Section        0  user_diskio.o(i.USER_initialize)
    i.USER_ioctl                             0x08001c90   Section        0  user_diskio.o(i.USER_ioctl)
    i.USER_read                              0x08001c94   Section        0  user_diskio.o(i.USER_read)
    i.USER_status                            0x08001c98   Section        0  user_diskio.o(i.USER_status)
    i.USER_write                             0x08001c9c   Section        0  user_diskio.o(i.USER_write)
    i.UsageFault_Handler                     0x08001ca0   Section        0  stm32l4xx_it.o(i.UsageFault_Handler)
    i.__NVIC_SetPriority                     0x08001ca2   Section        0  stm32l4xx_hal_cortex.o(i.__NVIC_SetPriority)
    __NVIC_SetPriority                       0x08001ca3   Thumb Code    32  stm32l4xx_hal_cortex.o(i.__NVIC_SetPriority)
    i.__scatterload_copy                     0x08001cc2   Section       14  handlers.o(i.__scatterload_copy)
    i.__scatterload_null                     0x08001cd0   Section        2  handlers.o(i.__scatterload_null)
    i.__scatterload_zeroinit                 0x08001cd2   Section       14  handlers.o(i.__scatterload_zeroinit)
    i.check_fs                               0x08001ce0   Section        0  ff.o(i.check_fs)
    check_fs                                 0x08001ce1   Thumb Code   116  ff.o(i.check_fs)
    i.chk_lock                               0x08001d58   Section        0  ff.o(i.chk_lock)
    chk_lock                                 0x08001d59   Thumb Code   102  ff.o(i.chk_lock)
    i.clear_lock                             0x08001dc4   Section        0  ff.o(i.clear_lock)
    clear_lock                               0x08001dc5   Thumb Code    32  ff.o(i.clear_lock)
    i.clmt_clust                             0x08001de8   Section        0  ff.o(i.clmt_clust)
    clmt_clust                               0x08001de9   Thumb Code    42  ff.o(i.clmt_clust)
    i.clust2sect                             0x08001e12   Section        0  ff.o(i.clust2sect)
    i.create_chain                           0x08001e30   Section        0  ff.o(i.create_chain)
    create_chain                             0x08001e31   Thumb Code   176  ff.o(i.create_chain)
    i.create_name                            0x08001ee0   Section        0  ff.o(i.create_name)
    create_name                              0x08001ee1   Thumb Code   234  ff.o(i.create_name)
    i.dec_lock                               0x08001fe0   Section        0  ff.o(i.dec_lock)
    dec_lock                                 0x08001fe1   Thumb Code    54  ff.o(i.dec_lock)
    i.dir_next                               0x0800201c   Section        0  ff.o(i.dir_next)
    dir_next                                 0x0800201d   Thumb Code   286  ff.o(i.dir_next)
    i.dir_register                           0x0800213a   Section        0  ff.o(i.dir_register)
    dir_register                             0x0800213b   Thumb Code   118  ff.o(i.dir_register)
    i.dir_sdi                                0x080021b0   Section        0  ff.o(i.dir_sdi)
    dir_sdi                                  0x080021b1   Thumb Code   152  ff.o(i.dir_sdi)
    i.disk_initialize                        0x08002248   Section        0  diskio.o(i.disk_initialize)
    i.disk_ioctl                             0x08002270   Section        0  diskio.o(i.disk_ioctl)
    i.disk_read                              0x0800228c   Section        0  diskio.o(i.disk_read)
    i.disk_status                            0x080022a8   Section        0  diskio.o(i.disk_status)
    i.disk_write                             0x080022c0   Section        0  diskio.o(i.disk_write)
    i.f_close                                0x080022dc   Section        0  ff.o(i.f_close)
    i.f_getfree                              0x08002306   Section        0  ff.o(i.f_getfree)
    i.f_mount                                0x080023e0   Section        0  ff.o(i.f_mount)
    i.f_open                                 0x0800243c   Section        0  ff.o(i.f_open)
    i.f_puts                                 0x080025e8   Section        0  ff.o(i.f_puts)
    i.f_read                                 0x08002630   Section        0  ff.o(i.f_read)
    i.f_sync                                 0x080027c2   Section        0  ff.o(i.f_sync)
    i.f_write                                0x0800287a   Section        0  ff.o(i.f_write)
    i.find_volume                            0x08002a58   Section        0  ff.o(i.find_volume)
    find_volume                              0x08002a59   Thumb Code   706  ff.o(i.find_volume)
    i.follow_path                            0x08002d28   Section        0  ff.o(i.follow_path)
    follow_path                              0x08002d29   Thumb Code   192  ff.o(i.follow_path)
    i.get_fat                                0x08002de8   Section        0  ff.o(i.get_fat)
    i.get_fattime                            0x08002eb4   Section        0  fatfs.o(i.get_fattime)
    i.get_ldnumber                           0x08002eb8   Section        0  ff.o(i.get_ldnumber)
    get_ldnumber                             0x08002eb9   Thumb Code    60  ff.o(i.get_ldnumber)
    i.inc_lock                               0x08002ef4   Section        0  ff.o(i.inc_lock)
    inc_lock                                 0x08002ef5   Thumb Code   154  ff.o(i.inc_lock)
    i.ld_clust                               0x08002f94   Section        0  ff.o(i.ld_clust)
    ld_clust                                 0x08002f95   Thumb Code    20  ff.o(i.ld_clust)
    i.main                                   0x08002fa8   Section        0  main.o(i.main)
    i.mem_cpy                                0x080030e0   Section        0  ff.o(i.mem_cpy)
    mem_cpy                                  0x080030e1   Thumb Code    18  ff.o(i.mem_cpy)
    i.mem_set                                0x080030f2   Section        0  ff.o(i.mem_set)
    mem_set                                  0x080030f3   Thumb Code    14  ff.o(i.mem_set)
    i.move_window                            0x08003100   Section        0  ff.o(i.move_window)
    move_window                              0x08003101   Thumb Code    54  ff.o(i.move_window)
    i.put_fat                                0x08003136   Section        0  ff.o(i.put_fat)
    i.putc_bfd                               0x0800322c   Section        0  ff.o(i.putc_bfd)
    putc_bfd                                 0x0800322d   Thumb Code    70  ff.o(i.putc_bfd)
    i.remove_chain                           0x08003272   Section        0  ff.o(i.remove_chain)
    remove_chain                             0x08003273   Thumb Code   110  ff.o(i.remove_chain)
    i.st_clust                               0x080032e0   Section        0  ff.o(i.st_clust)
    st_clust                                 0x080032e1   Thumb Code    16  ff.o(i.st_clust)
    i.sync_fs                                0x080032f0   Section        0  ff.o(i.sync_fs)
    sync_fs                                  0x080032f1   Thumb Code   182  ff.o(i.sync_fs)
    i.sync_window                            0x080033a6   Section        0  ff.o(i.sync_window)
    sync_window                              0x080033a7   Thumb Code    96  ff.o(i.sync_window)
    i.validate                               0x08003406   Section        0  ff.o(i.validate)
    validate                                 0x08003407   Thumb Code    44  ff.o(i.validate)
    .constdata                               0x08003434   Section       64  system_stm32l4xx.o(.constdata)
    .constdata                               0x08003474   Section      172  ff.o(.constdata)
    ExCvt                                    0x08003474   Data         128  ff.o(.constdata)
    vst                                      0x080034f4   Data          22  ff.o(.constdata)
    cst                                      0x0800350a   Data          22  ff.o(.constdata)
    .data                                    0x20000000   Section       24  main.o(.data)
    .data                                    0x20000018   Section        1  user_diskio.o(.data)
    Stat                                     0x20000018   Data           1  user_diskio.o(.data)
    .data                                    0x2000001c   Section       20  user_diskio.o(.data)
    .data                                    0x20000030   Section        5  fatfs.o(.data)
    .data                                    0x20000035   Section        2  stm32l4xx_it.o(.data)
    .data                                    0x20000037   Section        3  fatfs_sd.o(.data)
    Stat                                     0x20000037   Data           1  fatfs_sd.o(.data)
    PowerFlag                                0x20000038   Data           1  fatfs_sd.o(.data)
    CardType                                 0x20000039   Data           1  fatfs_sd.o(.data)
    .data                                    0x2000003c   Section       12  stm32l4xx_hal.o(.data)
    .data                                    0x20000048   Section        4  system_stm32l4xx.o(.data)
    .data                                    0x2000004c   Section        8  ff.o(.data)
    Fsid                                     0x2000004c   Data           2  ff.o(.data)
    FatFs                                    0x20000050   Data           4  ff.o(.data)
    .bss                                     0x20000054   Section     2240  main.o(.bss)
    .bss                                     0x20000914   Section       24  ff.o(.bss)
    Files                                    0x20000914   Data          24  ff.o(.bss)
    .bss                                     0x2000092c   Section       12  ff_gen_drv.o(.bss)
    STACK                                    0x20000938   Section     1024  startup_stm32l432xx.o(STACK)

    Global Symbols

    Symbol Name                              Value     Ov Type        Size  Object(Section)

    BuildAttributes$$THM_ISAv4$E$P$D$K$B$S$7EM$VFPi3$EXTD16$VFPS$VFMA$PE$A:L22UL41UL21$X:L11$S22US41US21$IEEE1$IW$USESV6$~STKCKD$USESV7$~SHL$OSPACE$ROPI$EBA8$MICROLIB$REQ8$PRES8$EABIv2 0x00000000   Number         0  anon$$obj.o ABSOLUTE
    __ARM_use_no_argv                        0x00000000   Number         0  main.o ABSOLUTE
    __arm_fini_                               - Undefined Weak Reference
    __cpp_initialize__aeabi_                  - Undefined Weak Reference
    __cxa_finalize                            - Undefined Weak Reference
    __decompress                              - Undefined Weak Reference
    _clock_init                               - Undefined Weak Reference
    _microlib_exit                            - Undefined Weak Reference
    __Vectors_Size                           0x0000018c   Number         0  startup_stm32l432xx.o ABSOLUTE
    __Vectors                                0x08000000   Data           4  startup_stm32l432xx.o(RESET)
    __Vectors_End                            0x0800018c   Data           0  startup_stm32l432xx.o(RESET)
    __main                                   0x0800018d   Thumb Code     0  entry.o(.ARM.Collect$$$$00000000)
    _main_stk                                0x0800018d   Thumb Code     0  entry2.o(.ARM.Collect$$$$00000001)
    _main_scatterload                        0x08000191   Thumb Code     0  entry5.o(.ARM.Collect$$$$00000004)
    __main_after_scatterload                 0x08000195   Thumb Code     0  entry5.o(.ARM.Collect$$$$00000004)
    _main_clock                              0x08000195   Thumb Code     0  entry7b.o(.ARM.Collect$$$$00000008)
    _main_cpp_init                           0x08000195   Thumb Code     0  entry8b.o(.ARM.Collect$$$$0000000A)
    _main_init                               0x08000195   Thumb Code     0  entry9a.o(.ARM.Collect$$$$0000000B)
    __rt_lib_shutdown_fini                   0x0800019d   Thumb Code     0  entry12b.o(.ARM.Collect$$$$0000000E)
    __rt_final_cpp                           0x080001a1   Thumb Code     0  entry10a.o(.ARM.Collect$$$$0000000F)
    __rt_final_exit                          0x080001a1   Thumb Code     0  entry11a.o(.ARM.Collect$$$$00000011)
    Reset_Handler                            0x080001a5   Thumb Code     8  startup_stm32l432xx.o(.text)
    ADC1_IRQHandler                          0x080001bf   Thumb Code     0  startup_stm32l432xx.o(.text)
    CAN1_RX0_IRQHandler                      0x080001bf   Thumb Code     0  startup_stm32l432xx.o(.text)
    CAN1_RX1_IRQHandler                      0x080001bf   Thumb Code     0  startup_stm32l432xx.o(.text)
    CAN1_SCE_IRQHandler                      0x080001bf   Thumb Code     0  startup_stm32l432xx.o(.text)
    CAN1_TX_IRQHandler                       0x080001bf   Thumb Code     0  startup_stm32l432xx.o(.text)
    COMP_IRQHandler                          0x080001bf   Thumb Code     0  startup_stm32l432xx.o(.text)
    CRS_IRQHandler                           0x080001bf   Thumb Code     0  startup_stm32l432xx.o(.text)
    DMA1_Channel1_IRQHandler                 0x080001bf   Thumb Code     0  startup_stm32l432xx.o(.text)
    DMA1_Channel2_IRQHandler                 0x080001bf   Thumb Code     0  startup_stm32l432xx.o(.text)
    DMA1_Channel3_IRQHandler                 0x080001bf   Thumb Code     0  startup_stm32l432xx.o(.text)
    DMA1_Channel4_IRQHandler                 0x080001bf   Thumb Code     0  startup_stm32l432xx.o(.text)
    DMA1_Channel5_IRQHandler                 0x080001bf   Thumb Code     0  startup_stm32l432xx.o(.text)
    DMA1_Channel6_IRQHandler                 0x080001bf   Thumb Code     0  startup_stm32l432xx.o(.text)
    DMA1_Channel7_IRQHandler                 0x080001bf   Thumb Code     0  startup_stm32l432xx.o(.text)
    DMA2_Channel1_IRQHandler                 0x080001bf   Thumb Code     0  startup_stm32l432xx.o(.text)
    DMA2_Channel2_IRQHandler                 0x080001bf   Thumb Code     0  startup_stm32l432xx.o(.text)
    DMA2_Channel3_IRQHandler                 0x080001bf   Thumb Code     0  startup_stm32l432xx.o(.text)
    DMA2_Channel4_IRQHandler                 0x080001bf   Thumb Code     0  startup_stm32l432xx.o(.text)
    DMA2_Channel5_IRQHandler                 0x080001bf   Thumb Code     0  startup_stm32l432xx.o(.text)
    DMA2_Channel6_IRQHandler                 0x080001bf   Thumb Code     0  startup_stm32l432xx.o(.text)
    DMA2_Channel7_IRQHandler                 0x080001bf   Thumb Code     0  startup_stm32l432xx.o(.text)
    EXTI0_IRQHandler                         0x080001bf   Thumb Code     0  startup_stm32l432xx.o(.text)
    EXTI15_10_IRQHandler                     0x080001bf   Thumb Code     0  startup_stm32l432xx.o(.text)
    EXTI1_IRQHandler                         0x080001bf   Thumb Code     0  startup_stm32l432xx.o(.text)
    EXTI2_IRQHandler                         0x080001bf   Thumb Code     0  startup_stm32l432xx.o(.text)
    EXTI3_IRQHandler                         0x080001bf   Thumb Code     0  startup_stm32l432xx.o(.text)
    EXTI4_IRQHandler                         0x080001bf   Thumb Code     0  startup_stm32l432xx.o(.text)
    EXTI9_5_IRQHandler                       0x080001bf   Thumb Code     0  startup_stm32l432xx.o(.text)
    FLASH_IRQHandler                         0x080001bf   Thumb Code     0  startup_stm32l432xx.o(.text)
    FPU_IRQHandler                           0x080001bf   Thumb Code     0  startup_stm32l432xx.o(.text)
    I2C1_ER_IRQHandler                       0x080001bf   Thumb Code     0  startup_stm32l432xx.o(.text)
    I2C1_EV_IRQHandler                       0x080001bf   Thumb Code     0  startup_stm32l432xx.o(.text)
    I2C3_ER_IRQHandler                       0x080001bf   Thumb Code     0  startup_stm32l432xx.o(.text)
    I2C3_EV_IRQHandler                       0x080001bf   Thumb Code     0  startup_stm32l432xx.o(.text)
    LPTIM1_IRQHandler                        0x080001bf   Thumb Code     0  startup_stm32l432xx.o(.text)
    LPTIM2_IRQHandler                        0x080001bf   Thumb Code     0  startup_stm32l432xx.o(.text)
    LPUART1_IRQHandler                       0x080001bf   Thumb Code     0  startup_stm32l432xx.o(.text)
    PVD_PVM_IRQHandler                       0x080001bf   Thumb Code     0  startup_stm32l432xx.o(.text)
    QUADSPI_IRQHandler                       0x080001bf   Thumb Code     0  startup_stm32l432xx.o(.text)
    RCC_IRQHandler                           0x080001bf   Thumb Code     0  startup_stm32l432xx.o(.text)
    RNG_IRQHandler                           0x080001bf   Thumb Code     0  startup_stm32l432xx.o(.text)
    RTC_Alarm_IRQHandler                     0x080001bf   Thumb Code     0  startup_stm32l432xx.o(.text)
    RTC_WKUP_IRQHandler                      0x080001bf   Thumb Code     0  startup_stm32l432xx.o(.text)
    SAI1_IRQHandler                          0x080001bf   Thumb Code     0  startup_stm32l432xx.o(.text)
    SPI1_IRQHandler                          0x080001bf   Thumb Code     0  startup_stm32l432xx.o(.text)
    SPI3_IRQHandler                          0x080001bf   Thumb Code     0  startup_stm32l432xx.o(.text)
    SWPMI1_IRQHandler                        0x080001bf   Thumb Code     0  startup_stm32l432xx.o(.text)
    TAMP_STAMP_IRQHandler                    0x080001bf   Thumb Code     0  startup_stm32l432xx.o(.text)
    TIM1_BRK_TIM15_IRQHandler                0x080001bf   Thumb Code     0  startup_stm32l432xx.o(.text)
    TIM1_CC_IRQHandler                       0x080001bf   Thumb Code     0  startup_stm32l432xx.o(.text)
    TIM1_TRG_COM_IRQHandler                  0x080001bf   Thumb Code     0  startup_stm32l432xx.o(.text)
    TIM1_UP_TIM16_IRQHandler                 0x080001bf   Thumb Code     0  startup_stm32l432xx.o(.text)
    TIM2_IRQHandler                          0x080001bf   Thumb Code     0  startup_stm32l432xx.o(.text)
    TIM6_DAC_IRQHandler                      0x080001bf   Thumb Code     0  startup_stm32l432xx.o(.text)
    TIM7_IRQHandler                          0x080001bf   Thumb Code     0  startup_stm32l432xx.o(.text)
    TSC_IRQHandler                           0x080001bf   Thumb Code     0  startup_stm32l432xx.o(.text)
    USART1_IRQHandler                        0x080001bf   Thumb Code     0  startup_stm32l432xx.o(.text)
    USART2_IRQHandler                        0x080001bf   Thumb Code     0  startup_stm32l432xx.o(.text)
    USB_IRQHandler                           0x080001bf   Thumb Code     0  startup_stm32l432xx.o(.text)
    WWDG_IRQHandler                          0x080001bf   Thumb Code     0  startup_stm32l432xx.o(.text)
    __aeabi_memset                           0x080001c9   Thumb Code    14  memseta.o(.text)
    __aeabi_memset4                          0x080001c9   Thumb Code     0  memseta.o(.text)
    __aeabi_memset8                          0x080001c9   Thumb Code     0  memseta.o(.text)
    __aeabi_memclr                           0x080001d7   Thumb Code     4  memseta.o(.text)
    __aeabi_memclr4                          0x080001d7   Thumb Code     0  memseta.o(.text)
    __aeabi_memclr8                          0x080001d7   Thumb Code     0  memseta.o(.text)
    _memset$wrapper                          0x080001db   Thumb Code    18  memseta.o(.text)
    __aeabi_dmul                             0x080001ed   Thumb Code   228  dmul.o(.text)
    __aeabi_ui2d                             0x080002d7   Thumb Code    26  dfltui.o(.text)
    __aeabi_d2uiz                            0x080002f1   Thumb Code    50  dfixui.o(.text)
    __aeabi_llsl                             0x08000323   Thumb Code    30  llshl.o(.text)
    _ll_shift_l                              0x08000323   Thumb Code     0  llshl.o(.text)
    __aeabi_llsr                             0x08000341   Thumb Code    32  llushr.o(.text)
    _ll_ushift_r                             0x08000341   Thumb Code     0  llushr.o(.text)
    __I$use$fp                               0x08000361   Thumb Code     0  iusefp.o(.text)
    _double_round                            0x08000361   Thumb Code    30  depilogue.o(.text)
    _double_epilogue                         0x0800037f   Thumb Code   156  depilogue.o(.text)
    __scatterload                            0x0800041d   Thumb Code    28  init.o(.text)
    __scatterload_rt2                        0x0800041d   Thumb Code     0  init.o(.text)
    BusFault_Handler                         0x08000441   Thumb Code     2  stm32l4xx_it.o(i.BusFault_Handler)
    DebugMon_Handler                         0x08000455   Thumb Code     2  stm32l4xx_it.o(i.DebugMon_Handler)
    FATFS_LinkDriver                         0x08000457   Thumb Code     6  ff_gen_drv.o(i.FATFS_LinkDriver)
    FATFS_LinkDriverEx                       0x0800045d   Thumb Code    60  ff_gen_drv.o(i.FATFS_LinkDriverEx)
    HAL_GPIO_Init                            0x0800049d   Thumb Code   376  stm32l4xx_hal_gpio.o(i.HAL_GPIO_Init)
    HAL_GPIO_WritePin                        0x0800062f   Thumb Code    10  stm32l4xx_hal_gpio.o(i.HAL_GPIO_WritePin)
    HAL_GetTick                              0x08000639   Thumb Code     6  stm32l4xx_hal.o(i.HAL_GetTick)
    HAL_IncTick                              0x08000645   Thumb Code    12  stm32l4xx_hal.o(i.HAL_IncTick)
    HAL_Init                                 0x08000655   Thumb Code    30  stm32l4xx_hal.o(i.HAL_Init)
    HAL_InitTick                             0x08000675   Thumb Code    58  stm32l4xx_hal.o(i.HAL_InitTick)
    HAL_MspInit                              0x080006b9   Thumb Code    38  stm32l4xx_hal_msp.o(i.HAL_MspInit)
    HAL_NVIC_SetPriority                     0x080006e5   Thumb Code    60  stm32l4xx_hal_cortex.o(i.HAL_NVIC_SetPriority)
    HAL_NVIC_SetPriorityGrouping             0x08000725   Thumb Code    26  stm32l4xx_hal_cortex.o(i.HAL_NVIC_SetPriorityGrouping)
    HAL_PWREx_GetVoltageRange                0x08000749   Thumb Code    10  stm32l4xx_hal_pwr_ex.o(i.HAL_PWREx_GetVoltageRange)
    HAL_RCC_ClockConfig                      0x08000759   Thumb Code   266  stm32l4xx_hal_rcc.o(i.HAL_RCC_ClockConfig)
    HAL_RCC_GetSysClockFreq                  0x08000879   Thumb Code   150  stm32l4xx_hal_rcc.o(i.HAL_RCC_GetSysClockFreq)
    HAL_RCC_OscConfig                        0x0800091d   Thumb Code  1312  stm32l4xx_hal_rcc.o(i.HAL_RCC_OscConfig)
    HAL_SPI_GetState                         0x08000e41   Thumb Code     6  stm32l4xx_hal_spi.o(i.HAL_SPI_GetState)
    HAL_SPI_Init                             0x08000e47   Thumb Code   172  stm32l4xx_hal_spi.o(i.HAL_SPI_Init)
    HAL_SPI_MspInit                          0x08000ef5   Thumb Code    90  stm32l4xx_hal_msp.o(i.HAL_SPI_MspInit)
    HAL_SPI_Transmit                         0x08000f59   Thumb Code   382  stm32l4xx_hal_spi.o(i.HAL_SPI_Transmit)
    HAL_SPI_TransmitReceive                  0x080010dd   Thumb Code   610  stm32l4xx_hal_spi.o(i.HAL_SPI_TransmitReceive)
    HAL_SYSTICK_Callback                     0x08001345   Thumb Code     2  stm32l4xx_hal_cortex.o(i.HAL_SYSTICK_Callback)
    HAL_SYSTICK_Config                       0x08001347   Thumb Code    40  stm32l4xx_hal_cortex.o(i.HAL_SYSTICK_Config)
    HAL_SYSTICK_IRQHandler                   0x0800136f   Thumb Code     8  stm32l4xx_hal_cortex.o(i.HAL_SYSTICK_IRQHandler)
    HardFault_Handler                        0x08001377   Thumb Code     2  stm32l4xx_it.o(i.HardFault_Handler)
    MX_FATFS_Init                            0x08001379   Thumb Code    18  fatfs.o(i.MX_FATFS_Init)
    MemManage_Handler                        0x080013d1   Thumb Code     2  stm32l4xx_it.o(i.MemManage_Handler)
    NMI_Handler                              0x080013d3   Thumb Code     2  stm32l4xx_it.o(i.NMI_Handler)
    PendSV_Handler                           0x080013d5   Thumb Code     2  stm32l4xx_it.o(i.PendSV_Handler)
    SD_disk_initialize                       0x08001611   Thumb Code   304  fatfs_sd.o(i.SD_disk_initialize)
    SD_disk_ioctl                            0x08001749   Thumb Code   318  fatfs_sd.o(i.SD_disk_ioctl)
    SD_disk_read                             0x0800188d   Thumb Code   146  fatfs_sd.o(i.SD_disk_read)
    SD_disk_status                           0x08001925   Thumb Code    12  fatfs_sd.o(i.SD_disk_status)
    SD_disk_write                            0x08001935   Thumb Code   178  fatfs_sd.o(i.SD_disk_write)
    SVC_Handler                              0x08001bc3   Thumb Code     2  stm32l4xx_it.o(i.SVC_Handler)
    SysTick_Handler                          0x08001bc5   Thumb Code    36  stm32l4xx_it.o(i.SysTick_Handler)
    SystemClock_Config                       0x08001bed   Thumb Code    76  main.o(i.SystemClock_Config)
    SystemInit                               0x08001c39   Thumb Code    56  system_stm32l4xx.o(i.SystemInit)
    USER_initialize                          0x08001c7d   Thumb Code    14  user_diskio.o(i.USER_initialize)
    USER_ioctl                               0x08001c91   Thumb Code     4  user_diskio.o(i.USER_ioctl)
    USER_read                                0x08001c95   Thumb Code     4  user_diskio.o(i.USER_read)
    USER_status                              0x08001c99   Thumb Code     4  user_diskio.o(i.USER_status)
    USER_write                               0x08001c9d   Thumb Code     4  user_diskio.o(i.USER_write)
    UsageFault_Handler                       0x08001ca1   Thumb Code     2  stm32l4xx_it.o(i.UsageFault_Handler)
    __scatterload_copy                       0x08001cc3   Thumb Code    14  handlers.o(i.__scatterload_copy)
    __scatterload_null                       0x08001cd1   Thumb Code     2  handlers.o(i.__scatterload_null)
    __scatterload_zeroinit                   0x08001cd3   Thumb Code    14  handlers.o(i.__scatterload_zeroinit)
    clust2sect                               0x08001e13   Thumb Code    30  ff.o(i.clust2sect)
    disk_initialize                          0x08002249   Thumb Code    36  diskio.o(i.disk_initialize)
    disk_ioctl                               0x08002271   Thumb Code    24  diskio.o(i.disk_ioctl)
    disk_read                                0x0800228d   Thumb Code    24  diskio.o(i.disk_read)
    disk_status                              0x080022a9   Thumb Code    18  diskio.o(i.disk_status)
    disk_write                               0x080022c1   Thumb Code    24  diskio.o(i.disk_write)
    f_close                                  0x080022dd   Thumb Code    42  ff.o(i.f_close)
    f_getfree                                0x08002307   Thumb Code   212  ff.o(i.f_getfree)
    f_mount                                  0x080023e1   Thumb Code    88  ff.o(i.f_mount)
    f_open                                   0x0800243d   Thumb Code   422  ff.o(i.f_open)
    f_puts                                   0x080025e9   Thumb Code    70  ff.o(i.f_puts)
    f_read                                   0x08002631   Thumb Code   396  ff.o(i.f_read)
    f_sync                                   0x080027c3   Thumb Code   184  ff.o(i.f_sync)
    f_write                                  0x0800287b   Thumb Code   470  ff.o(i.f_write)
    get_fat                                  0x08002de9   Thumb Code   204  ff.o(i.get_fat)
    get_fattime                              0x08002eb5   Thumb Code     4  fatfs.o(i.get_fattime)
    main                                     0x08002fa9   Thumb Code   250  main.o(i.main)
    put_fat                                  0x08003137   Thumb Code   246  ff.o(i.put_fat)
    AHBPrescTable                            0x08003434   Data          16  system_stm32l4xx.o(.constdata)
    MSIRangeTable                            0x08003444   Data          48  system_stm32l4xx.o(.constdata)
    Region$$Table$$Base                      0x08003520   Number         0  anon$$obj.o(Region$$Table)
    Region$$Table$$Limit                     0x08003540   Number         0  anon$$obj.o(Region$$Table)
    fresult                                  0x20000000   Data           1  main.o(.data)
    br                                       0x20000004   Data           4  main.o(.data)
    pfs                                      0x20000008   Data           4  main.o(.data)
    fre_clust                                0x2000000c   Data           4  main.o(.data)
    total                                    0x20000010   Data           4  main.o(.data)
    free_space                               0x20000014   Data           4  main.o(.data)
    USER_Driver                              0x2000001c   Data          20  user_diskio.o(.data)
    retUSER                                  0x20000030   Data           1  fatfs.o(.data)
    USERPath                                 0x20000031   Data           4  fatfs.o(.data)
    Timer1                                   0x20000035   Data           1  stm32l4xx_it.o(.data)
    Timer2                                   0x20000036   Data           1  stm32l4xx_it.o(.data)
    uwTickPrio                               0x2000003c   Data           4  stm32l4xx_hal.o(.data)
    uwTickFreq                               0x20000040   Data           4  stm32l4xx_hal.o(.data)
    uwTick                                   0x20000044   Data           4  stm32l4xx_hal.o(.data)
    SystemCoreClock                          0x20000048   Data           4  system_stm32l4xx.o(.data)
    hspi1                                    0x20000054   Data         100  main.o(.bss)
    fs                                       0x200000b8   Data         560  main.o(.bss)
    fil                                      0x200002e8   Data         556  main.o(.bss)
    buffer                                   0x20000514   Data        1024  main.o(.bss)
    disk                                     0x2000092c   Data          12  ff_gen_drv.o(.bss)
    __initial_sp                             0x20000d38   Data           0  startup_stm32l432xx.o(STACK)



==============================================================================

Memory Map of the image

  Image Entry point : 0x0800018d

  Load Region LR_IROM1 (Base: 0x08000000, Size: 0x00003594, Max: 0x00040000, ABSOLUTE)

    Execution Region ER_IROM1 (Exec base: 0x08000000, Load base: 0x08000000, Size: 0x00003540, Max: 0x00040000, ABSOLUTE)

    Exec Addr    Load Addr    Size         Type   Attr      Idx    E Section Name        Object

    0x08000000   0x08000000   0x0000018c   Data   RO            3    RESET               startup_stm32l432xx.o
    0x0800018c   0x0800018c   0x00000000   Code   RO         3727  * .ARM.Collect$$$$00000000  mc_w.l(entry.o)
    0x0800018c   0x0800018c   0x00000004   Code   RO         3740    .ARM.Collect$$$$00000001  mc_w.l(entry2.o)
    0x08000190   0x08000190   0x00000004   Code   RO         3743    .ARM.Collect$$$$00000004  mc_w.l(entry5.o)
    0x08000194   0x08000194   0x00000000   Code   RO         3745    .ARM.Collect$$$$00000008  mc_w.l(entry7b.o)
    0x08000194   0x08000194   0x00000000   Code   RO         3747    .ARM.Collect$$$$0000000A  mc_w.l(entry8b.o)
    0x08000194   0x08000194   0x00000008   Code   RO         3748    .ARM.Collect$$$$0000000B  mc_w.l(entry9a.o)
    0x0800019c   0x0800019c   0x00000004   Code   RO         3755    .ARM.Collect$$$$0000000E  mc_w.l(entry12b.o)
    0x080001a0   0x080001a0   0x00000000   Code   RO         3750    .ARM.Collect$$$$0000000F  mc_w.l(entry10a.o)
    0x080001a0   0x080001a0   0x00000000   Code   RO         3752    .ARM.Collect$$$$00000011  mc_w.l(entry11a.o)
    0x080001a0   0x080001a0   0x00000004   Code   RO         3741    .ARM.Collect$$$$00002712  mc_w.l(entry2.o)
    0x080001a4   0x080001a4   0x00000024   Code   RO            4    .text               startup_stm32l432xx.o
    0x080001c8   0x080001c8   0x00000024   Code   RO         3732    .text               mc_w.l(memseta.o)
    0x080001ec   0x080001ec   0x000000ea   Code   RO         3734    .text               mf_w.l(dmul.o)
    0x080002d6   0x080002d6   0x0000001a   Code   RO         3736    .text               mf_w.l(dfltui.o)
    0x080002f0   0x080002f0   0x00000032   Code   RO         3738    .text               mf_w.l(dfixui.o)
    0x08000322   0x08000322   0x0000001e   Code   RO         3756    .text               mc_w.l(llshl.o)
    0x08000340   0x08000340   0x00000020   Code   RO         3758    .text               mc_w.l(llushr.o)
    0x08000360   0x08000360   0x00000000   Code   RO         3760    .text               mc_w.l(iusefp.o)
    0x08000360   0x08000360   0x000000ba   Code   RO         3761    .text               mf_w.l(depilogue.o)
    0x0800041a   0x0800041a   0x00000002   PAD
    0x0800041c   0x0800041c   0x00000024   Code   RO         3763    .text               mc_w.l(init.o)
    0x08000440   0x08000440   0x00000002   Code   RO          289    i.BusFault_Handler  stm32l4xx_it.o
    0x08000442   0x08000442   0x00000002   PAD
    0x08000444   0x08000444   0x00000010   Code   RO          423    i.DESELECT          fatfs_sd.o
    0x08000454   0x08000454   0x00000002   Code   RO          290    i.DebugMon_Handler  stm32l4xx_it.o
    0x08000456   0x08000456   0x00000006   Code   RO         3656    i.FATFS_LinkDriver  ff_gen_drv.o
    0x0800045c   0x0800045c   0x00000040   Code   RO         3657    i.FATFS_LinkDriverEx  ff_gen_drv.o
    0x0800049c   0x0800049c   0x00000192   Code   RO         2533    i.HAL_GPIO_Init     stm32l4xx_hal_gpio.o
    0x0800062e   0x0800062e   0x0000000a   Code   RO         2537    i.HAL_GPIO_WritePin  stm32l4xx_hal_gpio.o
    0x08000638   0x08000638   0x0000000c   Code   RO         1339    i.HAL_GetTick       stm32l4xx_hal.o
    0x08000644   0x08000644   0x00000010   Code   RO         1345    i.HAL_IncTick       stm32l4xx_hal.o
    0x08000654   0x08000654   0x0000001e   Code   RO         1346    i.HAL_Init          stm32l4xx_hal.o
    0x08000672   0x08000672   0x00000002   PAD
    0x08000674   0x08000674   0x00000044   Code   RO         1347    i.HAL_InitTick      stm32l4xx_hal.o
    0x080006b8   0x080006b8   0x0000002c   Code   RO          375    i.HAL_MspInit       stm32l4xx_hal_msp.o
    0x080006e4   0x080006e4   0x00000040   Code   RO         3050    i.HAL_NVIC_SetPriority  stm32l4xx_hal_cortex.o
    0x08000724   0x08000724   0x00000024   Code   RO         3051    i.HAL_NVIC_SetPriorityGrouping  stm32l4xx_hal_cortex.o
    0x08000748   0x08000748   0x00000010   Code   RO         2851    i.HAL_PWREx_GetVoltageRange  stm32l4xx_hal_pwr_ex.o
    0x08000758   0x08000758   0x00000120   Code   RO         2044    i.HAL_RCC_ClockConfig  stm32l4xx_hal_rcc.o
    0x08000878   0x08000878   0x000000a4   Code   RO         2052    i.HAL_RCC_GetSysClockFreq  stm32l4xx_hal_rcc.o
    0x0800091c   0x0800091c   0x00000524   Code   RO         2055    i.HAL_RCC_OscConfig  stm32l4xx_hal_rcc.o
    0x08000e40   0x08000e40   0x00000006   Code   RO          528    i.HAL_SPI_GetState  stm32l4xx_hal_spi.o
    0x08000e46   0x08000e46   0x000000ac   Code   RO          530    i.HAL_SPI_Init      stm32l4xx_hal_spi.o
    0x08000ef2   0x08000ef2   0x00000002   PAD
    0x08000ef4   0x08000ef4   0x00000064   Code   RO          377    i.HAL_SPI_MspInit   stm32l4xx_hal_msp.o
    0x08000f58   0x08000f58   0x00000184   Code   RO          538    i.HAL_SPI_Transmit  stm32l4xx_hal_spi.o
    0x080010dc   0x080010dc   0x00000268   Code   RO          539    i.HAL_SPI_TransmitReceive  stm32l4xx_hal_spi.o
    0x08001344   0x08001344   0x00000002   Code   RO         3054    i.HAL_SYSTICK_Callback  stm32l4xx_hal_cortex.o
    0x08001346   0x08001346   0x00000028   Code   RO         3055    i.HAL_SYSTICK_Config  stm32l4xx_hal_cortex.o
    0x0800136e   0x0800136e   0x00000008   Code   RO         3056    i.HAL_SYSTICK_IRQHandler  stm32l4xx_hal_cortex.o
    0x08001376   0x08001376   0x00000002   Code   RO          291    i.HardFault_Handler  stm32l4xx_it.o
    0x08001378   0x08001378   0x0000001c   Code   RO          251    i.MX_FATFS_Init     fatfs.o
    0x08001394   0x08001394   0x0000003c   Code   RO           14    i.MX_SPI1_Init      main.o
    0x080013d0   0x080013d0   0x00000002   Code   RO          292    i.MemManage_Handler  stm32l4xx_it.o
    0x080013d2   0x080013d2   0x00000002   Code   RO          293    i.NMI_Handler       stm32l4xx_it.o
    0x080013d4   0x080013d4   0x00000002   Code   RO          294    i.PendSV_Handler    stm32l4xx_it.o
    0x080013d6   0x080013d6   0x00000002   PAD
    0x080013d8   0x080013d8   0x0000007c   Code   RO         2056    i.RCC_SetFlashLatencyFromMSIRange  stm32l4xx_hal_rcc.o
    0x08001454   0x08001454   0x00000070   Code   RO          424    i.SD_PowerOn        fatfs_sd.o
    0x080014c4   0x080014c4   0x00000020   Code   RO          425    i.SD_ReadyWait      fatfs_sd.o
    0x080014e4   0x080014e4   0x00000050   Code   RO          426    i.SD_RxDataBlock    fatfs_sd.o
    0x08001534   0x08001534   0x0000006e   Code   RO          427    i.SD_SendCmd        fatfs_sd.o
    0x080015a2   0x080015a2   0x00000002   PAD
    0x080015a4   0x080015a4   0x0000006a   Code   RO          428    i.SD_TxDataBlock    fatfs_sd.o
    0x0800160e   0x0800160e   0x00000002   PAD
    0x08001610   0x08001610   0x00000138   Code   RO          429    i.SD_disk_initialize  fatfs_sd.o
    0x08001748   0x08001748   0x00000144   Code   RO          430    i.SD_disk_ioctl     fatfs_sd.o
    0x0800188c   0x0800188c   0x00000098   Code   RO          431    i.SD_disk_read      fatfs_sd.o
    0x08001924   0x08001924   0x00000010   Code   RO          432    i.SD_disk_status    fatfs_sd.o
    0x08001934   0x08001934   0x000000b8   Code   RO          433    i.SD_disk_write     fatfs_sd.o
    0x080019ec   0x080019ec   0x00000010   Code   RO          434    i.SELECT            fatfs_sd.o
    0x080019fc   0x080019fc   0x00000048   Code   RO          568    i.SPI_EndRxTxTransaction  stm32l4xx_hal_spi.o
    0x08001a44   0x08001a44   0x00000034   Code   RO          435    i.SPI_RxByte        fatfs_sd.o
    0x08001a78   0x08001a78   0x00000020   Code   RO          436    i.SPI_TxByte        fatfs_sd.o
    0x08001a98   0x08001a98   0x00000096   Code   RO          573    i.SPI_WaitFifoStateUntilTimeout  stm32l4xx_hal_spi.o
    0x08001b2e   0x08001b2e   0x00000094   Code   RO          574    i.SPI_WaitFlagStateUntilTimeout  stm32l4xx_hal_spi.o
    0x08001bc2   0x08001bc2   0x00000002   Code   RO          296    i.SVC_Handler       stm32l4xx_it.o
    0x08001bc4   0x08001bc4   0x00000028   Code   RO          297    i.SysTick_Handler   stm32l4xx_it.o
    0x08001bec   0x08001bec   0x0000004c   Code   RO           15    i.SystemClock_Config  main.o
    0x08001c38   0x08001c38   0x00000044   Code   RO         3247    i.SystemInit        system_stm32l4xx.o
    0x08001c7c   0x08001c7c   0x00000014   Code   RO          190    i.USER_initialize   user_diskio.o
    0x08001c90   0x08001c90   0x00000004   Code   RO          191    i.USER_ioctl        user_diskio.o
    0x08001c94   0x08001c94   0x00000004   Code   RO          192    i.USER_read         user_diskio.o
    0x08001c98   0x08001c98   0x00000004   Code   RO          193    i.USER_status       user_diskio.o
    0x08001c9c   0x08001c9c   0x00000004   Code   RO          194    i.USER_write        user_diskio.o
    0x08001ca0   0x08001ca0   0x00000002   Code   RO          298    i.UsageFault_Handler  stm32l4xx_it.o
    0x08001ca2   0x08001ca2   0x00000020   Code   RO         3057    i.__NVIC_SetPriority  stm32l4xx_hal_cortex.o
    0x08001cc2   0x08001cc2   0x0000000e   Code   RO         3767    i.__scatterload_copy  mc_w.l(handlers.o)
    0x08001cd0   0x08001cd0   0x00000002   Code   RO         3768    i.__scatterload_null  mc_w.l(handlers.o)
    0x08001cd2   0x08001cd2   0x0000000e   Code   RO         3769    i.__scatterload_zeroinit  mc_w.l(handlers.o)
    0x08001ce0   0x08001ce0   0x00000078   Code   RO         3339    i.check_fs          ff.o
    0x08001d58   0x08001d58   0x0000006c   Code   RO         3340    i.chk_lock          ff.o
    0x08001dc4   0x08001dc4   0x00000024   Code   RO         3341    i.clear_lock        ff.o
    0x08001de8   0x08001de8   0x0000002a   Code   RO         3342    i.clmt_clust        ff.o
    0x08001e12   0x08001e12   0x0000001e   Code   RO         3343    i.clust2sect        ff.o
    0x08001e30   0x08001e30   0x000000b0   Code   RO         3344    i.create_chain      ff.o
    0x08001ee0   0x08001ee0   0x00000100   Code   RO         3345    i.create_name       ff.o
    0x08001fe0   0x08001fe0   0x0000003c   Code   RO         3346    i.dec_lock          ff.o
    0x0800201c   0x0800201c   0x0000011e   Code   RO         3347    i.dir_next          ff.o
    0x0800213a   0x0800213a   0x00000076   Code   RO         3349    i.dir_register      ff.o
    0x080021b0   0x080021b0   0x00000098   Code   RO         3351    i.dir_sdi           ff.o
    0x08002248   0x08002248   0x00000028   Code   RO         3284    i.disk_initialize   diskio.o
    0x08002270   0x08002270   0x0000001c   Code   RO         3285    i.disk_ioctl        diskio.o
    0x0800228c   0x0800228c   0x0000001c   Code   RO         3286    i.disk_read         diskio.o
    0x080022a8   0x080022a8   0x00000018   Code   RO         3287    i.disk_status       diskio.o
    0x080022c0   0x080022c0   0x0000001c   Code   RO         3288    i.disk_write        diskio.o
    0x080022dc   0x080022dc   0x0000002a   Code   RO         3353    i.f_close           ff.o
    0x08002306   0x08002306   0x000000da   Code   RO         3355    i.f_getfree         ff.o
    0x080023e0   0x080023e0   0x0000005c   Code   RO         3360    i.f_mount           ff.o
    0x0800243c   0x0800243c   0x000001ac   Code   RO         3361    i.f_open            ff.o
    0x080025e8   0x080025e8   0x00000046   Code   RO         3365    i.f_puts            ff.o
    0x0800262e   0x0800262e   0x00000002   PAD
    0x08002630   0x08002630   0x00000192   Code   RO         3366    i.f_read            ff.o
    0x080027c2   0x080027c2   0x000000b8   Code   RO         3370    i.f_sync            ff.o
    0x0800287a   0x0800287a   0x000001dc   Code   RO         3374    i.f_write           ff.o
    0x08002a56   0x08002a56   0x00000002   PAD
    0x08002a58   0x08002a58   0x000002d0   Code   RO         3375    i.find_volume       ff.o
    0x08002d28   0x08002d28   0x000000c0   Code   RO         3376    i.follow_path       ff.o
    0x08002de8   0x08002de8   0x000000cc   Code   RO         3377    i.get_fat           ff.o
    0x08002eb4   0x08002eb4   0x00000004   Code   RO          252    i.get_fattime       fatfs.o
    0x08002eb8   0x08002eb8   0x0000003c   Code   RO         3379    i.get_ldnumber      ff.o
    0x08002ef4   0x08002ef4   0x000000a0   Code   RO         3380    i.inc_lock          ff.o
    0x08002f94   0x08002f94   0x00000014   Code   RO         3381    i.ld_clust          ff.o
    0x08002fa8   0x08002fa8   0x00000138   Code   RO           16    i.main              main.o
    0x080030e0   0x080030e0   0x00000012   Code   RO         3382    i.mem_cpy           ff.o
    0x080030f2   0x080030f2   0x0000000e   Code   RO         3383    i.mem_set           ff.o
    0x08003100   0x08003100   0x00000036   Code   RO         3384    i.move_window       ff.o
    0x08003136   0x08003136   0x000000f6   Code   RO         3385    i.put_fat           ff.o
    0x0800322c   0x0800322c   0x00000046   Code   RO         3386    i.putc_bfd          ff.o
    0x08003272   0x08003272   0x0000006e   Code   RO         3387    i.remove_chain      ff.o
    0x080032e0   0x080032e0   0x00000010   Code   RO         3388    i.st_clust          ff.o
    0x080032f0   0x080032f0   0x000000b6   Code   RO         3389    i.sync_fs           ff.o
    0x080033a6   0x080033a6   0x00000060   Code   RO         3390    i.sync_window       ff.o
    0x08003406   0x08003406   0x0000002c   Code   RO         3391    i.validate          ff.o
    0x08003432   0x08003432   0x00000002   PAD
    0x08003434   0x08003434   0x00000040   Data   RO         3248    .constdata          system_stm32l4xx.o
    0x08003474   0x08003474   0x000000ac   Data   RO         3393    .constdata          ff.o
    0x08003520   0x08003520   0x00000020   Data   RO         3765    Region$$Table       anon$$obj.o


    Execution Region RW_IRAM1 (Exec base: 0x20000000, Load base: 0x08003540, Size: 0x00000d38, Max: 0x0000c000, ABSOLUTE)

    Exec Addr    Load Addr    Size         Type   Attr      Idx    E Section Name        Object

    0x20000000   0x08003540   0x00000018   Data   RW           19    .data               main.o
    0x20000018   0x08003558   0x00000001   Data   RW          195    .data               user_diskio.o
    0x20000019   0x08003559   0x00000003   PAD
    0x2000001c   0x0800355c   0x00000014   Data   RW          196    .data               user_diskio.o
    0x20000030   0x08003570   0x00000005   Data   RW          255    .data               fatfs.o
    0x20000035   0x08003575   0x00000002   Data   RW          300    .data               stm32l4xx_it.o
    0x20000037   0x08003577   0x00000003   Data   RW          437    .data               fatfs_sd.o
    0x2000003a   0x0800357a   0x00000002   PAD
    0x2000003c   0x0800357c   0x0000000c   Data   RW         1358    .data               stm32l4xx_hal.o
    0x20000048   0x08003588   0x00000004   Data   RW         3250    .data               system_stm32l4xx.o
    0x2000004c   0x0800358c   0x00000008   Data   RW         3394    .data               ff.o
    0x20000054        -       0x000008c0   Zero   RW           17    .bss                main.o
    0x20000914        -       0x00000018   Zero   RW         3392    .bss                ff.o
    0x2000092c        -       0x0000000c   Zero   RW         3660    .bss                ff_gen_drv.o
    0x20000938        -       0x00000400   Zero   RW            1    STACK               startup_stm32l432xx.o


==============================================================================

Image component sizes


      Code (inc. data)   RO Data    RW Data    ZI Data      Debug   Object Name

       148         22          0          0          0       3745   diskio.o
        32         10          0          5          0       1492   fatfs.o
      1544         62          0          3          0      10795   fatfs_sd.o
      5502         72        172          8         24      36924   ff.o
        70          4          0          0         12       1639   ff_gen_drv.o
       448         72          0         24       2240     614423   main.o
        36          8        396          0       1024        840   startup_stm32l432xx.o
       126         20          0         12          0       3633   stm32l4xx_hal.o
       182         14          0          0          0      34378   stm32l4xx_hal_cortex.o
       412         20          0          0          0       2416   stm32l4xx_hal_gpio.o
       144         16          0          0          0       1556   stm32l4xx_hal_msp.o
        16          6          0          0          0        576   stm32l4xx_hal_pwr_ex.o
      1892         72          0          0          0       5750   stm32l4xx_hal_rcc.o
      1552          0          0          0          0       8171   stm32l4xx_hal_spi.o
        56          4          0          2          0       4940   stm32l4xx_it.o
        68         12         64          4          0       1217   system_stm32l4xx.o
        36          6          0         21          0       3476   user_diskio.o

    ----------------------------------------------------------------------
     12282        420        664         84       3300     735971   Object Totals
         0          0         32          0          0          0   (incl. Generated)
        18          0          0          5          0          0   (incl. Padding)

    ----------------------------------------------------------------------

      Code (inc. data)   RO Data    RW Data    ZI Data      Debug   Library Member Name

         0          0          0          0          0          0   entry.o
         0          0          0          0          0          0   entry10a.o
         0          0          0          0          0          0   entry11a.o
         4          0          0          0          0          0   entry12b.o
         8          4          0          0          0          0   entry2.o
         4          0          0          0          0          0   entry5.o
         0          0          0          0          0          0   entry7b.o
         0          0          0          0          0          0   entry8b.o
         8          4          0          0          0          0   entry9a.o
        30          0          0          0          0          0   handlers.o
        36          8          0          0          0         68   init.o
         0          0          0          0          0          0   iusefp.o
        30          0          0          0          0         68   llshl.o
        32          0          0          0          0         68   llushr.o
        36          0          0          0          0        108   memseta.o
       186          0          0          0          0        176   depilogue.o
        50          0          0          0          0         76   dfixui.o
        26          0          0          0          0         76   dfltui.o
       234          0          0          0          0         96   dmul.o

    ----------------------------------------------------------------------
       686         16          0          0          0        736   Library Totals
         2          0          0          0          0          0   (incl. Padding)

    ----------------------------------------------------------------------

      Code (inc. data)   RO Data    RW Data    ZI Data      Debug   Library Name

       188         16          0          0          0        312   mc_w.l
       496          0          0          0          0        424   mf_w.l

    ----------------------------------------------------------------------
       686         16          0          0          0        736   Library Totals

    ----------------------------------------------------------------------

==============================================================================


      Code (inc. data)   RO Data    RW Data    ZI Data      Debug   

     12968        436        664         84       3300     727099   Grand Totals
     12968        436        664         84       3300     727099   ELF Image Totals
     12968        436        664         84          0          0   ROM Totals

==============================================================================

    Total RO  Size (Code + RO Data)                13632 (  13.31kB)
    Total RW  Size (RW Data + ZI Data)              3384 (   3.30kB)
    Total ROM Size (Code + RO Data + RW Data)      13716 (  13.39kB)

==============================================================================

