Component: ARM Compiler 5.06 update 7 (build 960) Tool: armlink [4d3601]

==============================================================================

Section Cross References

    startup_stm32l432xx.o(RESET) refers to startup_stm32l432xx.o(STACK) for __initial_sp
    startup_stm32l432xx.o(RESET) refers to startup_stm32l432xx.o(.text) for Reset_Handler
    startup_stm32l432xx.o(RESET) refers to stm32l4xx_it.o(i.NMI_Handler) for NMI_Handler
    startup_stm32l432xx.o(RESET) refers to stm32l4xx_it.o(i.HardFault_Handler) for HardFault_Handler
    startup_stm32l432xx.o(RESET) refers to stm32l4xx_it.o(i.MemManage_Handler) for MemManage_Handler
    startup_stm32l432xx.o(RESET) refers to stm32l4xx_it.o(i.BusFault_Handler) for BusFault_Handler
    startup_stm32l432xx.o(RESET) refers to stm32l4xx_it.o(i.UsageFault_Handler) for UsageFault_Handler
    startup_stm32l432xx.o(RESET) refers to stm32l4xx_it.o(i.SVC_Handler) for SVC_Handler
    startup_stm32l432xx.o(RESET) refers to stm32l4xx_it.o(i.DebugMon_Handler) for DebugMon_Handler
    startup_stm32l432xx.o(RESET) refers to stm32l4xx_it.o(i.PendSV_Handler) for PendSV_Handler
    startup_stm32l432xx.o(RESET) refers to stm32l4xx_it.o(i.SysTick_Handler) for SysTick_Handler
    startup_stm32l432xx.o(.text) refers to system_stm32l4xx.o(i.SystemInit) for SystemInit
    startup_stm32l432xx.o(.text) refers to entry.o(.ARM.Collect$$$$00000000) for __main
    main.o(i.MX_SPI1_Init) refers to stm32l4xx_hal_spi.o(i.HAL_SPI_Init) for HAL_SPI_Init
    main.o(i.MX_SPI1_Init) refers to main.o(.bss) for .bss
    main.o(i.MX_USART2_UART_Init) refers to stm32l4xx_hal_uart.o(i.HAL_UART_Init) for HAL_UART_Init
    main.o(i.MX_USART2_UART_Init) refers to main.o(.bss) for .bss
    main.o(i.SystemClock_Config) refers to memseta.o(.text) for __aeabi_memclr4
    main.o(i.SystemClock_Config) refers to stm32l4xx_hal_rcc.o(i.HAL_RCC_OscConfig) for HAL_RCC_OscConfig
    main.o(i.SystemClock_Config) refers to stm32l4xx_hal_rcc.o(i.HAL_RCC_ClockConfig) for HAL_RCC_ClockConfig
    main.o(i.bufclear) refers to main.o(.bss) for .bss
    main.o(i.main) refers to stm32l4xx_hal.o(i.HAL_Init) for HAL_Init
    main.o(i.main) refers to main.o(i.SystemClock_Config) for SystemClock_Config
    main.o(i.main) refers to memseta.o(.text) for __aeabi_memclr4
    main.o(i.main) refers to stm32l4xx_hal_gpio.o(i.HAL_GPIO_WritePin) for HAL_GPIO_WritePin
    main.o(i.main) refers to stm32l4xx_hal_gpio.o(i.HAL_GPIO_Init) for HAL_GPIO_Init
    main.o(i.main) refers to main.o(i.MX_SPI1_Init) for MX_SPI1_Init
    main.o(i.main) refers to fatfs.o(i.MX_FATFS_Init) for MX_FATFS_Init
    main.o(i.main) refers to main.o(i.MX_USART2_UART_Init) for MX_USART2_UART_Init
    main.o(i.main) refers to ff.o(i.f_mount) for f_mount
    main.o(i.main) refers to ff.o(i.f_getfree) for f_getfree
    main.o(i.main) refers to ff.o(i.f_open) for f_open
    main.o(i.main) refers to ff.o(i.f_read) for f_read
    main.o(i.main) refers to main.o(i.send_uart) for send_uart
    main.o(i.main) refers to ff.o(i.f_close) for f_close
    main.o(i.main) refers to main.o(.bss) for .bss
    main.o(i.main) refers to main.o(.data) for .data
    main.o(i.send_uart) refers to strlen.o(.text) for strlen
    main.o(i.send_uart) refers to stm32l4xx_hal_uart.o(i.HAL_UART_Transmit) for HAL_UART_Transmit
    main.o(i.send_uart) refers to main.o(.bss) for .bss
    user_diskio.o(i.USER_initialize) refers to fatfs_sd.o(i.SD_disk_initialize) for SD_disk_initialize
    user_diskio.o(i.USER_initialize) refers to user_diskio.o(.data) for .data
    user_diskio.o(i.USER_ioctl) refers to fatfs_sd.o(i.SD_disk_ioctl) for SD_disk_ioctl
    user_diskio.o(i.USER_read) refers to fatfs_sd.o(i.SD_disk_read) for SD_disk_read
    user_diskio.o(i.USER_status) refers to fatfs_sd.o(i.SD_disk_status) for SD_disk_status
    user_diskio.o(i.USER_write) refers to fatfs_sd.o(i.SD_disk_write) for SD_disk_write
    user_diskio.o(.data) refers to user_diskio.o(i.USER_initialize) for USER_initialize
    user_diskio.o(.data) refers to user_diskio.o(i.USER_status) for USER_status
    user_diskio.o(.data) refers to user_diskio.o(i.USER_read) for USER_read
    user_diskio.o(.data) refers to user_diskio.o(i.USER_write) for USER_write
    user_diskio.o(.data) refers to user_diskio.o(i.USER_ioctl) for USER_ioctl
    fatfs.o(i.MX_FATFS_Init) refers to ff_gen_drv.o(i.FATFS_LinkDriver) for FATFS_LinkDriver
    fatfs.o(i.MX_FATFS_Init) refers to fatfs.o(.data) for .data
    fatfs.o(i.MX_FATFS_Init) refers to user_diskio.o(.data) for USER_Driver
    stm32l4xx_it.o(i.SDTimer_Handler) refers to stm32l4xx_it.o(.data) for .data
    stm32l4xx_it.o(i.SysTick_Handler) refers to stm32l4xx_hal.o(i.HAL_IncTick) for HAL_IncTick
    stm32l4xx_it.o(i.SysTick_Handler) refers to stm32l4xx_hal_cortex.o(i.HAL_SYSTICK_IRQHandler) for HAL_SYSTICK_IRQHandler
    stm32l4xx_it.o(i.SysTick_Handler) refers to stm32l4xx_it.o(.data) for .data
[...]
    Removing stm32l4xx_hal.o(i.HAL_MspDeInit), (2 bytes).
    Removing stm32l4xx_hal.o(i.HAL_MspInit), (2 bytes).
    Removing stm32l4xx_hal.o(i.HAL_ResumeTick), (14 bytes).
    Removing stm32l4xx_hal.o(i.HAL_SYSCFG_DisableIOAnalogSwitchBooster), (16 bytes).
    Removing stm32l4xx_hal.o(i.HAL_SYSCFG_DisableMemorySwappingBank), (12 bytes).
    Removing stm32l4xx_hal.o(i.HAL_SYSCFG_EnableIOAnalogSwitchBooster), (16 bytes).
    Removing stm32l4xx_hal.o(i.HAL_SYSCFG_EnableMemorySwappingBank), (12 bytes).
    Removing stm32l4xx_hal.o(i.HAL_SYSCFG_SRAM2Erase), (28 bytes).
    Removing stm32l4xx_hal.o(i.HAL_SetTickFreq), (32 bytes).
    Removing stm32l4xx_hal.o(i.HAL_SuspendTick), (14 bytes).
    Removing stm32l4xx_hal_i2c.o(.rev16_text), (4 bytes).
    Removing stm32l4xx_hal_i2c.o(.revsh_text), (4 bytes).
    Removing stm32l4xx_hal_i2c.o(.rrx_text), (6 bytes).
    Removing stm32l4xx_hal_i2c.o(i.HAL_I2C_AbortCpltCallback), (2 bytes).
    Removing stm32l4xx_hal_i2c.o(i.HAL_I2C_AddrCallback), (2 bytes).
    Removing stm32l4xx_hal_i2c.o(i.HAL_I2C_DeInit), (50 bytes).
    Removing stm32l4xx_hal_i2c.o(i.HAL_I2C_DisableListen_IT), (54 bytes).
    Removing stm32l4xx_hal_i2c.o(i.HAL_I2C_ER_IRQHandler), (104 bytes).
    Removing stm32l4xx_hal_i2c.o(i.HAL_I2C_EV_IRQHandler), (16 bytes).
    Removing stm32l4xx_hal_i2c.o(i.HAL_I2C_EnableListen_IT), (40 bytes).
    Removing stm32l4xx_hal_i2c.o(i.HAL_I2C_ErrorCallback), (2 bytes).
    Removing stm32l4xx_hal_i2c.o(i.HAL_I2C_GetError), (4 bytes).
    Removing stm32l4xx_hal_i2c.o(i.HAL_I2C_GetMode), (6 bytes).
    Removing stm32l4xx_hal_i2c.o(i.HAL_I2C_GetState), (6 bytes).
    Removing stm32l4xx_hal_i2c.o(i.HAL_I2C_Init), (184 bytes).
    Removing stm32l4xx_hal_i2c.o(i.HAL_I2C_IsDeviceReady), (298 bytes).
    Removing stm32l4xx_hal_i2c.o(i.HAL_I2C_ListenCpltCallback), (2 bytes).
    Removing stm32l4xx_hal_i2c.o(i.HAL_I2C_MasterRxCpltCallback), (2 bytes).
    Removing stm32l4xx_hal_i2c.o(i.HAL_I2C_MasterTxCpltCallback), (2 bytes).
    Removing stm32l4xx_hal_i2c.o(i.HAL_I2C_Master_Abort_IT), (96 bytes).
    Removing stm32l4xx_hal_i2c.o(i.HAL_I2C_Master_Receive), (298 bytes).
    Removing stm32l4xx_hal_i2c.o(i.HAL_I2C_Master_Receive_DMA), (304 bytes).
    Removing stm32l4xx_hal_i2c.o(i.HAL_I2C_Master_Receive_IT), (136 bytes).
    Removing stm32l4xx_hal_i2c.o(i.HAL_I2C_Master_Seq_Receive_DMA), (342 bytes).
    Removing stm32l4xx_hal_i2c.o(i.HAL_I2C_Master_Seq_Receive_IT), (164 bytes).
    Removing stm32l4xx_hal_i2c.o(i.HAL_I2C_Master_Seq_Transmit_DMA), (342 bytes).
    Removing stm32l4xx_hal_i2c.o(i.HAL_I2C_Master_Seq_Transmit_IT), (160 bytes).
    Removing stm32l4xx_hal_i2c.o(i.HAL_I2C_Master_Transmit), (298 bytes).
    Removing stm32l4xx_hal_i2c.o(i.HAL_I2C_Master_Transmit_DMA), (304 bytes).
    Removing stm32l4xx_hal_i2c.o(i.HAL_I2C_Master_Transmit_IT), (136 bytes).
    Removing stm32l4xx_hal_i2c.o(i.HAL_I2C_MemRxCpltCallback), (2 bytes).
    Removing stm32l4xx_hal_i2c.o(i.HAL_I2C_MemTxCpltCallback), (2 bytes).
    Removing stm32l4xx_hal_i2c.o(i.HAL_I2C_Mem_Read), (362 bytes).
    Removing stm32l4xx_hal_i2c.o(i.HAL_I2C_Mem_Read_DMA), (326 bytes).
    Removing stm32l4xx_hal_i2c.o(i.HAL_I2C_Mem_Read_IT), (210 bytes).
    Removing stm32l4xx_hal_i2c.o(i.HAL_I2C_Mem_Write), (350 bytes).
    Removing stm32l4xx_hal_i2c.o(i.HAL_I2C_Mem_Write_DMA), (318 bytes).
    Removing stm32l4xx_hal_i2c.o(i.HAL_I2C_Mem_Write_IT), (202 bytes).
    Removing stm32l4xx_hal_i2c.o(i.HAL_I2C_MspDeInit), (2 bytes).
    Removing stm32l4xx_hal_i2c.o(i.HAL_I2C_MspInit), (2 bytes).
    Removing stm32l4xx_hal_i2c.o(i.HAL_I2C_SlaveRxCpltCallback), (2 bytes).
    Removing stm32l4xx_hal_i2c.o(i.HAL_I2C_SlaveTxCpltCallback), (2 bytes).
    Removing stm32l4xx_hal_i2c.o(i.HAL_I2C_Slave_Receive), (304 bytes).
    Removing stm32l4xx_hal_i2c.o(i.HAL_I2C_Slave_Receive_DMA), (220 bytes).
    Removing stm32l4xx_hal_i2c.o(i.HAL_I2C_Slave_Receive_IT), (92 bytes).
    Removing stm32l4xx_hal_i2c.o(i.HAL_I2C_Slave_Seq_Receive_DMA), (360 bytes).
    Removing stm32l4xx_hal_i2c.o(i.HAL_I2C_Slave_Seq_Receive_IT), (196 bytes).
    Removing stm32l4xx_hal_i2c.o(i.HAL_I2C_Slave_Seq_Transmit_DMA), (360 bytes).
    Removing stm32l4xx_hal_i2c.o(i.HAL_I2C_Slave_Seq_Transmit_IT), (196 bytes).
    Removing stm32l4xx_hal_i2c.o(i.HAL_I2C_Slave_Transmit), (308 bytes).
    Removing stm32l4xx_hal_i2c.o(i.HAL_I2C_Slave_Transmit_DMA), (212 bytes).
    Removing stm32l4xx_hal_i2c.o(i.HAL_I2C_Slave_Transmit_IT), (92 bytes).
    Removing stm32l4xx_hal_i2c.o(i.I2C_ConvertOtherXferOptions), (26 bytes).
    Removing stm32l4xx_hal_i2c.o(i.I2C_DMAAbort), (40 bytes).
    Removing stm32l4xx_hal_i2c.o(i.I2C_DMAError), (18 bytes).
    Removing stm32l4xx_hal_i2c.o(i.I2C_DMAMasterReceiveCplt), (78 bytes).
    Removing stm32l4xx_hal_i2c.o(i.I2C_DMAMasterTransmitCplt), (78 bytes).
    Removing stm32l4xx_hal_i2c.o(i.I2C_DMASlaveReceiveCplt), (36 bytes).
    Removing stm32l4xx_hal_i2c.o(i.I2C_DMASlaveTransmitCplt), (30 bytes).
    Removing stm32l4xx_hal_i2c.o(i.I2C_Disable_IRQ), (84 bytes).
    Removing stm32l4xx_hal_i2c.o(i.I2C_Enable_IRQ), (92 bytes).
    Removing stm32l4xx_hal_i2c.o(i.I2C_Flush_TXDR), (34 bytes).
    Removing stm32l4xx_hal_i2c.o(i.I2C_ITAddrCplt), (136 bytes).
    Removing stm32l4xx_hal_i2c.o(i.I2C_ITError), (224 bytes).
    Removing stm32l4xx_hal_i2c.o(i.I2C_ITListenCplt), (96 bytes).
    Removing stm32l4xx_hal_i2c.o(i.I2C_ITMasterCplt), (180 bytes).
    Removing stm32l4xx_hal_i2c.o(i.I2C_ITMasterSeqCplt), (76 bytes).
    Removing stm32l4xx_hal_i2c.o(i.I2C_ITSlaveCplt), (240 bytes).
    Removing stm32l4xx_hal_i2c.o(i.I2C_ITSlaveSeqCplt), (84 bytes).
    Removing stm32l4xx_hal_i2c.o(i.I2C_IsAcknowledgeFailed), (132 bytes).
    Removing stm32l4xx_hal_i2c.o(i.I2C_Master_ISR_DMA), (272 bytes).
    Removing stm32l4xx_hal_i2c.o(i.I2C_Master_ISR_IT), (296 bytes).
    Removing stm32l4xx_hal_i2c.o(i.I2C_RequestMemoryRead), (100 bytes).
    Removing stm32l4xx_hal_i2c.o(i.I2C_RequestMemoryWrite), (100 bytes).
    Removing stm32l4xx_hal_i2c.o(i.I2C_Slave_ISR_DMA), (220 bytes).
    Removing stm32l4xx_hal_i2c.o(i.I2C_Slave_ISR_IT), (296 bytes).
    Removing stm32l4xx_hal_i2c.o(i.I2C_TransferConfig), (44 bytes).
    Removing stm32l4xx_hal_i2c.o(i.I2C_WaitOnFlagUntilTimeout), (88 bytes).
    Removing stm32l4xx_hal_i2c.o(i.I2C_WaitOnRXNEFlagUntilTimeout), (132 bytes).
    Removing stm32l4xx_hal_i2c.o(i.I2C_WaitOnSTOPFlagUntilTimeout), (76 bytes).
    Removing stm32l4xx_hal_i2c.o(i.I2C_WaitOnTXISFlagUntilTimeout), (80 bytes).
    Removing stm32l4xx_hal_i2c_ex.o(.rev16_text), (4 bytes).
    Removing stm32l4xx_hal_i2c_ex.o(.revsh_text), (4 bytes).
    Removing stm32l4xx_hal_i2c_ex.o(.rrx_text), (6 bytes).
    Removing stm32l4xx_hal_i2c_ex.o(i.HAL_I2CEx_ConfigAnalogFilter), (86 bytes).
    Removing stm32l4xx_hal_i2c_ex.o(i.HAL_I2CEx_ConfigDigitalFilter), (82 bytes).
    Removing stm32l4xx_hal_i2c_ex.o(i.HAL_I2CEx_DisableFastModePlus), (40 bytes).
    Removing stm32l4xx_hal_i2c_ex.o(i.HAL_I2CEx_DisableWakeUp), (78 bytes).
    Removing stm32l4xx_hal_i2c_ex.o(i.HAL_I2CEx_EnableFastModePlus), (40 bytes).
    Removing stm32l4xx_hal_i2c_ex.o(i.HAL_I2CEx_EnableWakeUp), (78 bytes).
    Removing stm32l4xx_hal_rcc.o(.rev16_text), (4 bytes).
    Removing stm32l4xx_hal_rcc.o(.revsh_text), (4 bytes).
    Removing stm32l4xx_hal_rcc.o(.rrx_text), (6 bytes).
    Removing stm32l4xx_hal_rcc.o(i.HAL_RCC_CSSCallback), (2 bytes).
    Removing stm32l4xx_hal_rcc.o(i.HAL_RCC_DeInit), (224 bytes).
    Removing stm32l4xx_hal_rcc.o(i.HAL_RCC_EnableCSS), (16 bytes).
    Removing stm32l4xx_hal_rcc.o(i.HAL_RCC_GetClockConfig), (64 bytes).
    Removing stm32l4xx_hal_rcc.o(i.HAL_RCC_GetHCLKFreq), (12 bytes).
    Removing stm32l4xx_hal_rcc.o(i.HAL_RCC_GetOscConfig), (228 bytes).
    Removing stm32l4xx_hal_rcc.o(i.HAL_RCC_MCOConfig), (72 bytes).
    Removing stm32l4xx_hal_rcc.o(i.HAL_RCC_NMI_IRQHandler), (24 bytes).
    Removing stm32l4xx_hal_rcc_ex.o(.rev16_text), (4 bytes).
    Removing stm32l4xx_hal_rcc_ex.o(.revsh_text), (4 bytes).
    Removing stm32l4xx_hal_rcc_ex.o(.rrx_text), (6 bytes).
    Removing stm32l4xx_hal_rcc_ex.o(i.HAL_RCCEx_CRSConfig), (76 bytes).
    Removing stm32l4xx_hal_rcc_ex.o(i.HAL_RCCEx_CRSGetSynchronizationInfo), (36 bytes).
    Removing stm32l4xx_hal_rcc_ex.o(i.HAL_RCCEx_CRSSoftwareSynchronizationGenerate), (16 bytes).
    Removing stm32l4xx_hal_rcc_ex.o(i.HAL_RCCEx_CRSWaitSynchronization), (132 bytes).
    Removing stm32l4xx_hal_rcc_ex.o(i.HAL_RCCEx_CRS_ErrorCallback), (2 bytes).
    Removing stm32l4xx_hal_rcc_ex.o(i.HAL_RCCEx_CRS_ExpectedSyncCallback), (2 bytes).
    Removing stm32l4xx_hal_rcc_ex.o(i.HAL_RCCEx_CRS_IRQHandler), (108 bytes).
    Removing stm32l4xx_hal_rcc_ex.o(i.HAL_RCCEx_CRS_SyncOkCallback), (2 bytes).
    Removing stm32l4xx_hal_rcc_ex.o(i.HAL_RCCEx_CRS_SyncWarnCallback), (2 bytes).
    Removing stm32l4xx_hal_rcc_ex.o(i.HAL_RCCEx_DisableLSCO), (88 bytes).
    Removing stm32l4xx_hal_rcc_ex.o(i.HAL_RCCEx_DisableLSECSS), (28 bytes).
    Removing stm32l4xx_hal_rcc_ex.o(i.HAL_RCCEx_DisableMSIPLLMode), (16 bytes).
    Removing stm32l4xx_hal_rcc_ex.o(i.HAL_RCCEx_DisablePLLSAI1), (80 bytes).
    Removing stm32l4xx_hal_rcc_ex.o(i.HAL_RCCEx_EnableLSCO), (140 bytes).
    Removing stm32l4xx_hal_rcc_ex.o(i.HAL_RCCEx_EnableLSECSS), (20 bytes).
    Removing stm32l4xx_hal_rcc_ex.o(i.HAL_RCCEx_EnableLSECSS_IT), (56 bytes).
    Removing stm32l4xx_hal_rcc_ex.o(i.HAL_RCCEx_EnableMSIPLLMode), (16 bytes).
    Removing stm32l4xx_hal_rcc_ex.o(i.HAL_RCCEx_EnablePLLSAI1), (156 bytes).
    Removing stm32l4xx_hal_rcc_ex.o(i.HAL_RCCEx_GetPeriphCLKConfig), (188 bytes).
    Removing stm32l4xx_hal_rcc_ex.o(i.HAL_RCCEx_GetPeriphCLKFreq), (798 bytes).
    Removing stm32l4xx_hal_rcc_ex.o(i.HAL_RCCEx_LSECSS_Callback), (2 bytes).
    Removing stm32l4xx_hal_rcc_ex.o(i.HAL_RCCEx_LSECSS_IRQHandler), (24 bytes).
    Removing stm32l4xx_hal_rcc_ex.o(i.HAL_RCCEx_PeriphCLKConfig), (650 bytes).
    Removing stm32l4xx_hal_rcc_ex.o(i.HAL_RCCEx_StandbyMSIRangeConfig), (24 bytes).
    Removing stm32l4xx_hal_rcc_ex.o(i.HAL_RCCEx_WakeUpStopCLKConfig), (20 bytes).
    Removing stm32l4xx_hal_rcc_ex.o(i.RCCEx_GetSAIxPeriphCLKFreq), (156 bytes).
    Removing stm32l4xx_hal_rcc_ex.o(i.RCCEx_PLLSAI1_Config), (300 bytes).
    Removing stm32l4xx_hal_flash.o(.rev16_text), (4 bytes).
    Removing stm32l4xx_hal_flash.o(.revsh_text), (4 bytes).
    Removing stm32l4xx_hal_flash.o(.rrx_text), (6 bytes).
    Removing stm32l4xx_hal_flash.o(i.FLASH_Program_DoubleWord), (28 bytes).
    Removing stm32l4xx_hal_flash.o(i.FLASH_Program_Fast), (44 bytes).
    Removing stm32l4xx_hal_flash.o(i.FLASH_WaitForLastOperation), (116 bytes).
    Removing stm32l4xx_hal_flash.o(i.HAL_FLASH_EndOfOperationCallback), (2 bytes).
    Removing stm32l4xx_hal_flash.o(i.HAL_FLASH_GetError), (12 bytes).
    Removing stm32l4xx_hal_flash.o(i.HAL_FLASH_IRQHandler), (256 bytes).
    Removing stm32l4xx_hal_flash.o(i.HAL_FLASH_Lock), (20 bytes).
    Removing stm32l4xx_hal_flash.o(i.HAL_FLASH_OB_Launch), (24 bytes).
    Removing stm32l4xx_hal_flash.o(i.HAL_FLASH_OB_Lock), (20 bytes).
    Removing stm32l4xx_hal_flash.o(i.HAL_FLASH_OB_Unlock), (36 bytes).
    Removing stm32l4xx_hal_flash.o(i.HAL_FLASH_OperationErrorCallback), (2 bytes).
    Removing stm32l4xx_hal_flash.o(i.HAL_FLASH_Program), (170 bytes).
    Removing stm32l4xx_hal_flash.o(i.HAL_FLASH_Program_IT), (120 bytes).
    Removing stm32l4xx_hal_flash.o(i.HAL_FLASH_Unlock), (40 bytes).
    Removing stm32l4xx_hal_flash.o(.data), (32 bytes).
    Removing stm32l4xx_hal_flash_ex.o(.rev16_text), (4 bytes).
    Removing stm32l4xx_hal_flash_ex.o(.revsh_text), (4 bytes).
    Removing stm32l4xx_hal_flash_ex.o(.rrx_text), (6 bytes).
    Removing stm32l4xx_hal_flash_ex.o(i.FLASH_FlushCaches), (84 bytes).
    Removing stm32l4xx_hal_flash_ex.o(i.FLASH_MassErase), (28 bytes).
    Removing stm32l4xx_hal_flash_ex.o(i.FLASH_OB_PCROPConfig), (104 bytes).
    Removing stm32l4xx_hal_flash_ex.o(i.FLASH_OB_UserConfig), (248 bytes).
    Removing stm32l4xx_hal_flash_ex.o(i.FLASH_PageErase), (40 bytes).
    Removing stm32l4xx_hal_flash_ex.o(i.HAL_FLASHEx_Erase), (230 bytes).
    Removing stm32l4xx_hal_flash_ex.o(i.HAL_FLASHEx_Erase_IT), (148 bytes).
    Removing stm32l4xx_hal_flash_ex.o(i.HAL_FLASHEx_OBGetConfig), (148 bytes).
    Removing stm32l4xx_hal_flash_ex.o(i.HAL_FLASHEx_OBProgram), (278 bytes).
    Removing stm32l4xx_hal_flash_ramfunc.o(.rev16_text), (4 bytes).
    Removing stm32l4xx_hal_flash_ramfunc.o(.revsh_text), (4 bytes).
    Removing stm32l4xx_hal_flash_ramfunc.o(.rrx_text), (6 bytes).
    Removing stm32l4xx_hal_flash_ramfunc.o(i.HAL_FLASHEx_DisableRunPowerDown), (36 bytes).
    Removing stm32l4xx_hal_flash_ramfunc.o(i.HAL_FLASHEx_EnableRunPowerDown), (36 bytes).
    Removing stm32l4xx_hal_gpio.o(.rev16_text), (4 bytes).
    Removing stm32l4xx_hal_gpio.o(.revsh_text), (4 bytes).
    Removing stm32l4xx_hal_gpio.o(.rrx_text), (6 bytes).
    Removing stm32l4xx_hal_gpio.o(i.HAL_GPIO_DeInit), (282 bytes).
    Removing stm32l4xx_hal_gpio.o(i.HAL_GPIO_EXTI_Callback), (2 bytes).
    Removing stm32l4xx_hal_gpio.o(i.HAL_GPIO_EXTI_IRQHandler), (24 bytes).
    Removing stm32l4xx_hal_gpio.o(i.HAL_GPIO_LockPin), (34 bytes).
    Removing stm32l4xx_hal_gpio.o(i.HAL_GPIO_ReadPin), (10 bytes).
    Removing stm32l4xx_hal_gpio.o(i.HAL_GPIO_TogglePin), (14 bytes).
    Removing stm32l4xx_hal_dma.o(.rev16_text), (4 bytes).
    Removing stm32l4xx_hal_dma.o(.revsh_text), (4 bytes).
    Removing stm32l4xx_hal_dma.o(.rrx_text), (6 bytes).
    Removing stm32l4xx_hal_dma.o(i.DMA_SetConfig), (46 bytes).
    Removing stm32l4xx_hal_dma.o(i.HAL_DMA_Abort), (74 bytes).
    Removing stm32l4xx_hal_dma.o(i.HAL_DMA_Abort_IT), (78 bytes).
    Removing stm32l4xx_hal_dma.o(i.HAL_DMA_DeInit), (156 bytes).
    Removing stm32l4xx_hal_dma.o(i.HAL_DMA_GetError), (4 bytes).
    Removing stm32l4xx_hal_dma.o(i.HAL_DMA_GetState), (6 bytes).
    Removing stm32l4xx_hal_dma.o(i.HAL_DMA_IRQHandler), (186 bytes).
    Removing stm32l4xx_hal_dma.o(i.HAL_DMA_Init), (192 bytes).
    Removing stm32l4xx_hal_dma.o(i.HAL_DMA_PollForTransfer), (222 bytes).
    Removing stm32l4xx_hal_dma.o(i.HAL_DMA_RegisterCallback), (74 bytes).
    Removing stm32l4xx_hal_dma.o(i.HAL_DMA_Start), (80 bytes).
    Removing stm32l4xx_hal_dma.o(i.HAL_DMA_Start_IT), (112 bytes).
    Removing stm32l4xx_hal_dma.o(i.HAL_DMA_UnRegisterCallback), (82 bytes).
    Removing stm32l4xx_hal_dma_ex.o(.rev16_text), (4 bytes).
    Removing stm32l4xx_hal_dma_ex.o(.revsh_text), (4 bytes).
    Removing stm32l4xx_hal_dma_ex.o(.rrx_text), (6 bytes).
    Removing stm32l4xx_hal_pwr.o(.rev16_text), (4 bytes).
    Removing stm32l4xx_hal_pwr.o(.revsh_text), (4 bytes).
    Removing stm32l4xx_hal_pwr.o(.rrx_text), (6 bytes).
    Removing stm32l4xx_hal_pwr.o(i.HAL_PWR_ConfigPVD), (128 bytes).
    Removing stm32l4xx_hal_pwr.o(i.HAL_PWR_DeInit), (24 bytes).
    Removing stm32l4xx_hal_pwr.o(i.HAL_PWR_DisableBkUpAccess), (16 bytes).
    Removing stm32l4xx_hal_pwr.o(i.HAL_PWR_DisablePVD), (16 bytes).
    Removing stm32l4xx_hal_pwr.o(i.HAL_PWR_DisableSEVOnPend), (16 bytes).
    Removing stm32l4xx_hal_pwr.o(i.HAL_PWR_DisableSleepOnExit), (16 bytes).
    Removing stm32l4xx_hal_pwr.o(i.HAL_PWR_DisableWakeUpPin), (20 bytes).
    Removing stm32l4xx_hal_pwr.o(i.HAL_PWR_EnableBkUpAccess), (16 bytes).
    Removing stm32l4xx_hal_pwr.o(i.HAL_PWR_EnablePVD), (16 bytes).
    Removing stm32l4xx_hal_pwr.o(i.HAL_PWR_EnableSEVOnPend), (16 bytes).
    Removing stm32l4xx_hal_pwr.o(i.HAL_PWR_EnableSleepOnExit), (16 bytes).
    Removing stm32l4xx_hal_pwr.o(i.HAL_PWR_EnableWakeUpPin), (28 bytes).
    Removing stm32l4xx_hal_pwr.o(i.HAL_PWR_EnterSLEEPMode), (72 bytes).
    Removing stm32l4xx_hal_pwr.o(i.HAL_PWR_EnterSTANDBYMode), (36 bytes).
    Removing stm32l4xx_hal_pwr.o(i.HAL_PWR_EnterSTOPMode), (16 bytes).
    Removing stm32l4xx_hal_pwr.o(i.HAL_PWR_PVDCallback), (2 bytes).
    Removing stm32l4xx_hal_pwr_ex.o(.rev16_text), (4 bytes).
    Removing stm32l4xx_hal_pwr_ex.o(.revsh_text), (4 bytes).
    Removing stm32l4xx_hal_pwr_ex.o(.rrx_text), (6 bytes).
    Removing stm32l4xx_hal_pwr_ex.o(i.HAL_PWREx_ConfigPVM), (304 bytes).
    Removing stm32l4xx_hal_pwr_ex.o(i.HAL_PWREx_ControlVoltageScaling), (104 bytes).
    Removing stm32l4xx_hal_pwr_ex.o(i.HAL_PWREx_DisableBatteryCharging), (16 bytes).
    Removing stm32l4xx_hal_pwr_ex.o(i.HAL_PWREx_DisableGPIOPullDown), (76 bytes).
    Removing stm32l4xx_hal_pwr_ex.o(i.HAL_PWREx_DisableGPIOPullUp), (72 bytes).
    Removing stm32l4xx_hal_pwr_ex.o(i.HAL_PWREx_DisableInternalWakeUpLine), (16 bytes).
    Removing stm32l4xx_hal_pwr_ex.o(i.HAL_PWREx_DisableLowPowerRunMode), (68 bytes).
    Removing stm32l4xx_hal_pwr_ex.o(i.HAL_PWREx_DisablePVM1), (16 bytes).
    Removing stm32l4xx_hal_pwr_ex.o(i.HAL_PWREx_DisablePVM3), (16 bytes).
    Removing stm32l4xx_hal_pwr_ex.o(i.HAL_PWREx_DisablePVM4), (16 bytes).
    Removing stm32l4xx_hal_pwr_ex.o(i.HAL_PWREx_DisablePullUpPullDownConfig), (16 bytes).
    Removing stm32l4xx_hal_pwr_ex.o(i.HAL_PWREx_DisableSRAM2ContentRetention), (16 bytes).
    Removing stm32l4xx_hal_pwr_ex.o(i.HAL_PWREx_DisableVddUSB), (16 bytes).
    Removing stm32l4xx_hal_pwr_ex.o(i.HAL_PWREx_EnableBatteryCharging), (28 bytes).
    Removing stm32l4xx_hal_pwr_ex.o(i.HAL_PWREx_EnableGPIOPullDown), (104 bytes).
    Removing stm32l4xx_hal_pwr_ex.o(i.HAL_PWREx_EnableGPIOPullUp), (104 bytes).
    Removing stm32l4xx_hal_pwr_ex.o(i.HAL_PWREx_EnableInternalWakeUpLine), (16 bytes).
    Removing stm32l4xx_hal_pwr_ex.o(i.HAL_PWREx_EnableLowPowerRunMode), (16 bytes).
    Removing stm32l4xx_hal_pwr_ex.o(i.HAL_PWREx_EnablePVM1), (16 bytes).
    Removing stm32l4xx_hal_pwr_ex.o(i.HAL_PWREx_EnablePVM3), (16 bytes).
    Removing stm32l4xx_hal_pwr_ex.o(i.HAL_PWREx_EnablePVM4), (16 bytes).
    Removing stm32l4xx_hal_pwr_ex.o(i.HAL_PWREx_EnablePullUpPullDownConfig), (16 bytes).
    Removing stm32l4xx_hal_pwr_ex.o(i.HAL_PWREx_EnableSRAM2ContentRetention), (16 bytes).
    Removing stm32l4xx_hal_pwr_ex.o(i.HAL_PWREx_EnableVddUSB), (16 bytes).
    Removing stm32l4xx_hal_pwr_ex.o(i.HAL_PWREx_EnterSHUTDOWNMode), (36 bytes).
    Removing stm32l4xx_hal_pwr_ex.o(i.HAL_PWREx_EnterSTOP0Mode), (52 bytes).
    Removing stm32l4xx_hal_pwr_ex.o(i.HAL_PWREx_EnterSTOP1Mode), (56 bytes).
    Removing stm32l4xx_hal_pwr_ex.o(i.HAL_PWREx_EnterSTOP2Mode), (56 bytes).
    Removing stm32l4xx_hal_pwr_ex.o(i.HAL_PWREx_PVD_PVM_IRQHandler), (72 bytes).
    Removing stm32l4xx_hal_pwr_ex.o(i.HAL_PWREx_PVM1Callback), (2 bytes).
    Removing stm32l4xx_hal_pwr_ex.o(i.HAL_PWREx_PVM3Callback), (2 bytes).
    Removing stm32l4xx_hal_pwr_ex.o(i.HAL_PWREx_PVM4Callback), (2 bytes).
    Removing stm32l4xx_hal_cortex.o(.rev16_text), (4 bytes).
    Removing stm32l4xx_hal_cortex.o(.revsh_text), (4 bytes).
    Removing stm32l4xx_hal_cortex.o(.rrx_text), (6 bytes).
    Removing stm32l4xx_hal_cortex.o(i.HAL_MPU_ConfigRegion), (84 bytes).
    Removing stm32l4xx_hal_cortex.o(i.HAL_MPU_Disable), (28 bytes).
    Removing stm32l4xx_hal_cortex.o(i.HAL_MPU_Enable), (36 bytes).
    Removing stm32l4xx_hal_cortex.o(i.HAL_NVIC_ClearPendingIRQ), (26 bytes).
    Removing stm32l4xx_hal_cortex.o(i.HAL_NVIC_DisableIRQ), (34 bytes).
    Removing stm32l4xx_hal_cortex.o(i.HAL_NVIC_EnableIRQ), (26 bytes).
    Removing stm32l4xx_hal_cortex.o(i.HAL_NVIC_GetActive), (36 bytes).
    Removing stm32l4xx_hal_cortex.o(i.HAL_NVIC_GetPendingIRQ), (36 bytes).
    Removing stm32l4xx_hal_cortex.o(i.HAL_NVIC_GetPriority), (82 bytes).
    Removing stm32l4xx_hal_cortex.o(i.HAL_NVIC_GetPriorityGrouping), (16 bytes).
    Removing stm32l4xx_hal_cortex.o(i.HAL_NVIC_SetPendingIRQ), (26 bytes).
    Removing stm32l4xx_hal_cortex.o(i.HAL_NVIC_SystemReset), (36 bytes).
    Removing stm32l4xx_hal_cortex.o(i.HAL_SYSTICK_CLKSourceConfig), (24 bytes).
    Removing stm32l4xx_hal_exti.o(.rev16_text), (4 bytes).
    Removing stm32l4xx_hal_exti.o(.revsh_text), (4 bytes).
    Removing stm32l4xx_hal_exti.o(.rrx_text), (6 bytes).
    Removing stm32l4xx_hal_exti.o(i.HAL_EXTI_ClearConfigLine), (128 bytes).
    Removing stm32l4xx_hal_exti.o(i.HAL_EXTI_ClearPending), (28 bytes).
    Removing stm32l4xx_hal_exti.o(i.HAL_EXTI_GenerateSWI), (28 bytes).
    Removing stm32l4xx_hal_exti.o(i.HAL_EXTI_GetConfigLine), (172 bytes).
    Removing stm32l4xx_hal_exti.o(i.HAL_EXTI_GetHandle), (12 bytes).
    Removing stm32l4xx_hal_exti.o(i.HAL_EXTI_GetPending), (32 bytes).
    Removing stm32l4xx_hal_exti.o(i.HAL_EXTI_IRQHandler), (44 bytes).
    Removing stm32l4xx_hal_exti.o(i.HAL_EXTI_RegisterCallback), (14 bytes).
    Removing stm32l4xx_hal_exti.o(i.HAL_EXTI_SetConfigLine), (176 bytes).
    Removing system_stm32l4xx.o(.rev16_text), (4 bytes).
    Removing system_stm32l4xx.o(.revsh_text), (4 bytes).
    Removing system_stm32l4xx.o(.rrx_text), (6 bytes).
    Removing system_stm32l4xx.o(i.SystemCoreClockUpdate), (168 bytes).
    Removing diskio.o(.rev16_text), (4 bytes).
    Removing diskio.o(.revsh_text), (4 bytes).
    Removing diskio.o(.rrx_text), (6 bytes).
    Removing diskio.o(i.get_fattime), (4 bytes).
    Removing ff.o(.rev16_text), (4 bytes).
    Removing ff.o(.revsh_text), (4 bytes).
    Removing ff.o(.rrx_text), (6 bytes).
    Removing ff.o(i.dir_read), (102 bytes).
    Removing ff.o(i.dir_remove), (66 bytes).
    Removing ff.o(i.f_chmod), (82 bytes).
    Removing ff.o(i.f_closedir), (36 bytes).
    Removing ff.o(i.f_gets), (72 bytes).
    Removing ff.o(i.f_lseek), (650 bytes).
    Removing ff.o(i.f_mkdir), (362 bytes).
    Removing ff.o(i.f_mkfs), (1340 bytes).
    Removing ff.o(i.f_opendir), (148 bytes).
    Removing ff.o(i.f_printf), (490 bytes).
    Removing ff.o(i.f_putc), (60 bytes).
    Removing ff.o(i.f_puts), (70 bytes).
    Removing ff.o(i.f_readdir), (82 bytes).
    Removing ff.o(i.f_rename), (298 bytes).
    Removing ff.o(i.f_stat), (64 bytes).
    Removing ff.o(i.f_truncate), (216 bytes).
    Removing ff.o(i.f_unlink), (170 bytes).
    Removing ff.o(i.f_utime), (86 bytes).
    Removing ff.o(i.f_write), (476 bytes).
    Removing ff.o(i.get_fileinfo), (90 bytes).
    Removing ff.o(i.putc_bfd), (70 bytes).
    Removing ff_gen_drv.o(.rev16_text), (4 bytes).
    Removing ff_gen_drv.o(.revsh_text), (4 bytes).
    Removing ff_gen_drv.o(.rrx_text), (6 bytes).
    Removing ff_gen_drv.o(i.FATFS_GetAttachedDriversNbr), (12 bytes).
    Removing ff_gen_drv.o(i.FATFS_UnLinkDriver), (6 bytes).
    Removing ff_gen_drv.o(i.FATFS_UnLinkDriverEx), (52 bytes).
    Removing syscall.o(.rev16_text), (4 bytes).
    Removing syscall.o(.revsh_text), (4 bytes).
    Removing syscall.o(.rrx_text), (6 bytes).

509 unused section(s) (total 39939 bytes) removed from the image.

==============================================================================

Image Symbol Table

    Local Symbols

    Symbol Name                              Value     Ov Type        Size  Object(Section)

    ../Drivers/STM32L4xx_HAL_Driver/Src/stm32l4xx_hal.c 0x00000000   Number         0  stm32l4xx_hal.o ABSOLUTE
    ../Drivers/STM32L4xx_HAL_Driver/Src/stm32l4xx_hal_cortex.c 0x00000000   Number         0  stm32l4xx_hal_cortex.o ABSOLUTE
    ../Drivers/STM32L4xx_HAL_Driver/Src/stm32l4xx_hal_dma.c 0x00000000   Number         0  stm32l4xx_hal_dma.o ABSOLUTE
    ../Drivers/STM32L4xx_HAL_Driver/Src/stm32l4xx_hal_dma_ex.c 0x00000000   Number         0  stm32l4xx_hal_dma_ex.o ABSOLUTE
    ../Drivers/STM32L4xx_HAL_Driver/Src/stm32l4xx_hal_exti.c 0x00000000   Number         0  stm32l4xx_hal_exti.o ABSOLUTE
    ../Drivers/STM32L4xx_HAL_Driver/Src/stm32l4xx_hal_flash.c 0x00000000   Number         0  stm32l4xx_hal_flash.o ABSOLUTE
    ../Drivers/STM32L4xx_HAL_Driver/Src/stm32l4xx_hal_flash_ex.c 0x00000000   Number         0  stm32l4xx_hal_flash_ex.o ABSOLUTE
    ../Drivers/STM32L4xx_HAL_Driver/Src/stm32l4xx_hal_flash_ramfunc.c 0x00000000   Number         0  stm32l4xx_hal_flash_ramfunc.o ABSOLUTE
    ../Drivers/STM32L4xx_HAL_Driver/Src/stm32l4xx_hal_gpio.c 0x00000000   Number         0  stm32l4xx_hal_gpio.o ABSOLUTE
    ../Drivers/STM32L4xx_HAL_Driver/Src/stm32l4xx_hal_i2c.c 0x00000000   Number         0  stm32l4xx_hal_i2c.o ABSOLUTE
    ../Drivers/STM32L4xx_HAL_Driver/Src/stm32l4xx_hal_i2c_ex.c 0x00000000   Number         0  stm32l4xx_hal_i2c_ex.o ABSOLUTE
    ../Drivers/STM32L4xx_HAL_Driver/Src/stm32l4xx_hal_pwr.c 0x00000000   Number         0  stm32l4xx_hal_pwr.o ABSOLUTE
    ../Drivers/STM32L4xx_HAL_Driver/Src/stm32l4xx_hal_pwr_ex.c 0x00000000   Number         0  stm32l4xx_hal_pwr_ex.o ABSOLUTE
    ../Drivers/STM32L4xx_HAL_Driver/Src/stm32l4xx_hal_rcc.c 0x00000000   Number         0  stm32l4xx_hal_rcc.o ABSOLUTE
    ../Drivers/STM32L4xx_HAL_Driver/Src/stm32l4xx_hal_rcc_ex.c 0x00000000   Number         0  stm32l4xx_hal_rcc_ex.o ABSOLUTE
    ../Drivers/STM32L4xx_HAL_Driver/Src/stm32l4xx_hal_spi.c 0x00000000   Number         0  stm32l4xx_hal_spi.o ABSOLUTE
    ../Drivers/STM32L4xx_HAL_Driver/Src/stm32l4xx_hal_spi_ex.c 0x00000000   Number         0  stm32l4xx_hal_spi_ex.o ABSOLUTE
    ../Drivers/STM32L4xx_HAL_Driver/Src/stm32l4xx_hal_tim.c 0x00000000   Number         0  stm32l4xx_hal_tim.o ABSOLUTE
    ../Drivers/STM32L4xx_HAL_Driver/Src/stm32l4xx_hal_tim_ex.c 0x00000000   Number         0  stm32l4xx_hal_tim_ex.o ABSOLUTE
    ../Drivers/STM32L4xx_HAL_Driver/Src/stm32l4xx_hal_uart.c 0x00000000   Number         0  stm32l4xx_hal_uart.o ABSOLUTE
    ../Drivers/STM32L4xx_HAL_Driver/Src/stm32l4xx_hal_uart_ex.c 0x00000000   Number         0  stm32l4xx_hal_uart_ex.o ABSOLUTE
    ../Middlewares/Third_Party/FatFs/src/diskio.c 0x00000000   Number         0  diskio.o ABSOLUTE
    ../Middlewares/Third_Party/FatFs/src/ff.c 0x00000000   Number         0  ff.o ABSOLUTE
    ../Middlewares/Third_Party/FatFs/src/ff_gen_drv.c 0x00000000   Number         0  ff_gen_drv.o ABSOLUTE
    ../Middlewares/Third_Party/FatFs/src/option/syscall.c 0x00000000   Number         0  syscall.o ABSOLUTE
    ../Src/fatfs.c                           0x00000000   Number         0  fatfs.o ABSOLUTE
    ../Src/main.c                            0x00000000   Number         0  main.o ABSOLUTE
    ../Src/stm32l4xx_hal_msp.c               0x00000000   Number         0  stm32l4xx_hal_msp.o ABSOLUTE
    ../Src/stm32l4xx_it.c                    0x00000000   Number         0  stm32l4xx_it.o ABSOLUTE
    ../Src/system_stm32l4xx.c                0x00000000   Number         0  system_stm32l4xx.o ABSOLUTE
    ../Src/user_diskio.c                     0x00000000   Number         0  user_diskio.o ABSOLUTE
    ../clib/microlib/division.c              0x00000000   Number         0  uldiv.o ABSOLUTE
    ../clib/microlib/init/entry.s            0x00000000   Number         0  entry10b.o ABSOLUTE
    ../clib/microlib/init/entry.s            0x00000000   Number         0  entry11a.o ABSOLUTE
    ../clib/microlib/init/entry.s            0x00000000   Number         0  entry12a.o ABSOLUTE
    ../clib/microlib/init/entry.s            0x00000000   Number         0  entry12b.o ABSOLUTE
    ../clib/microlib/init/entry.s            0x00000000   Number         0  entry9a.o ABSOLUTE
    ../clib/microlib/init/entry.s            0x00000000   Number         0  entry.o ABSOLUTE
    ../clib/microlib/init/entry.s            0x00000000   Number         0  entry8b.o ABSOLUTE
    ../clib/microlib/init/entry.s            0x00000000   Number         0  entry8a.o ABSOLUTE
    ../clib/microlib/init/entry.s            0x00000000   Number         0  entry5.o ABSOLUTE
    ../clib/microlib/init/entry.s            0x00000000   Number         0  entry7a.o ABSOLUTE
    ../clib/microlib/init/entry.s            0x00000000   Number         0  entry2.o ABSOLUTE
    ../clib/microlib/init/entry.s            0x00000000   Number         0  entry11b.o ABSOLUTE
    ../clib/microlib/init/entry.s            0x00000000   Number         0  entry10a.o ABSOLUTE
    ../clib/microlib/init/entry.s            0x00000000   Number         0  entry9b.o ABSOLUTE
    ../clib/microlib/init/entry.s            0x00000000   Number         0  entry7b.o ABSOLUTE
    ../clib/microlib/longlong.c              0x00000000   Number         0  llshl.o ABSOLUTE
    ../clib/microlib/longlong.c              0x00000000   Number         0  llushr.o ABSOLUTE
    ../clib/microlib/string/memset.c         0x00000000   Number         0  memseta.o ABSOLUTE
    ../clib/microlib/string/strlen.c         0x00000000   Number         0  strlen.o ABSOLUTE
    ..\Drivers\STM32L4xx_HAL_Driver\Src\stm32l4xx_hal.c 0x00000000   Number         0  stm32l4xx_hal.o ABSOLUTE
    ..\Drivers\STM32L4xx_HAL_Driver\Src\stm32l4xx_hal_cortex.c 0x00000000   Number         0  stm32l4xx_hal_cortex.o ABSOLUTE
    ..\Drivers\STM32L4xx_HAL_Driver\Src\stm32l4xx_hal_dma.c 0x00000000   Number         0  stm32l4xx_hal_dma.o ABSOLUTE
    ..\Drivers\STM32L4xx_HAL_Driver\Src\stm32l4xx_hal_dma_ex.c 0x00000000   Number         0  stm32l4xx_hal_dma_ex.o ABSOLUTE
    ..\Drivers\STM32L4xx_HAL_Driver\Src\stm32l4xx_hal_exti.c 0x00000000   Number         0  stm32l4xx_hal_exti.o ABSOLUTE
    ..\Drivers\STM32L4xx_HAL_Driver\Src\stm32l4xx_hal_flash.c 0x00000000   Number         0  stm32l4xx_hal_flash.o ABSOLUTE
    ..\Drivers\STM32L4xx_HAL_Driver\Src\stm32l4xx_hal_flash_ex.c 0x00000000   Number         0  stm32l4xx_hal_flash_ex.o ABSOLUTE
    ..\Drivers\STM32L4xx_HAL_Driver\Src\stm32l4xx_hal_flash_ramfunc.c 0x00000000   Number         0  stm32l4xx_hal_flash_ramfunc.o ABSOLUTE
    ..\Drivers\STM32L4xx_HAL_Driver\Src\stm32l4xx_hal_gpio.c 0x00000000   Number         0  stm32l4xx_hal_gpio.o ABSOLUTE
    ..\Drivers\STM32L4xx_HAL_Driver\Src\stm32l4xx_hal_i2c.c 0x00000000   Number         0  stm32l4xx_hal_i2c.o ABSOLUTE
    ..\Drivers\STM32L4xx_HAL_Driver\Src\stm32l4xx_hal_i2c_ex.c 0x00000000   Number         0  stm32l4xx_hal_i2c_ex.o ABSOLUTE
    ..\Drivers\STM32L4xx_HAL_Driver\Src\stm32l4xx_hal_pwr.c 0x00000000   Number         0  stm32l4xx_hal_pwr.o ABSOLUTE
    ..\Drivers\STM32L4xx_HAL_Driver\Src\stm32l4xx_hal_pwr_ex.c 0x00000000   Number         0  stm32l4xx_hal_pwr_ex.o ABSOLUTE
    ..\Drivers\STM32L4xx_HAL_Driver\Src\stm32l4xx_hal_rcc.c 0x00000000   Number         0  stm32l4xx_hal_rcc.o ABSOLUTE
    ..\Drivers\STM32L4xx_HAL_Driver\Src\stm32l4xx_hal_rcc_ex.c 0x00000000   Number         0  stm32l4xx_hal_rcc_ex.o ABSOLUTE
    ..\Drivers\STM32L4xx_HAL_Driver\Src\stm32l4xx_hal_spi.c 0x00000000   Number         0  stm32l4xx_hal_spi.o ABSOLUTE
    ..\Drivers\STM32L4xx_HAL_Driver\Src\stm32l4xx_hal_spi_ex.c 0x00000000   Number         0  stm32l4xx_hal_spi_ex.o ABSOLUTE
    ..\Drivers\STM32L4xx_HAL_Driver\Src\stm32l4xx_hal_tim.c 0x00000000   Number         0  stm32l4xx_hal_tim.o ABSOLUTE
    ..\Drivers\STM32L4xx_HAL_Driver\Src\stm32l4xx_hal_tim_ex.c 0x00000000   Number         0  stm32l4xx_hal_tim_ex.o ABSOLUTE
    ..\Drivers\STM32L4xx_HAL_Driver\Src\stm32l4xx_hal_uart.c 0x00000000   Number         0  stm32l4xx_hal_uart.o ABSOLUTE
    ..\Drivers\STM32L4xx_HAL_Driver\Src\stm32l4xx_hal_uart_ex.c 0x00000000   Number         0  stm32l4xx_hal_uart_ex.o ABSOLUTE
    ..\Middlewares\Third_Party\FatFs\src\diskio.c 0x00000000   Number         0  diskio.o ABSOLUTE
    ..\Middlewares\Third_Party\FatFs\src\ff.c 0x00000000   Number         0  ff.o ABSOLUTE
    ..\Middlewares\Third_Party\FatFs\src\ff_gen_drv.c 0x00000000   Number         0  ff_gen_drv.o ABSOLUTE
    ..\Middlewares\Third_Party\FatFs\src\option\syscall.c 0x00000000   Number         0  syscall.o ABSOLUTE
    ..\Src\fatfs.c                           0x00000000   Number         0  fatfs.o ABSOLUTE
    ..\Src\fatfs_sd.c                        0x00000000   Number         0  fatfs_sd.o ABSOLUTE
    ..\Src\main.c                            0x00000000   Number         0  main.o ABSOLUTE
    ..\Src\stm32l4xx_hal_msp.c               0x00000000   Number         0  stm32l4xx_hal_msp.o ABSOLUTE
    ..\Src\stm32l4xx_it.c                    0x00000000   Number         0  stm32l4xx_it.o ABSOLUTE
    ..\Src\system_stm32l4xx.c                0x00000000   Number         0  system_stm32l4xx.o ABSOLUTE
    ..\Src\user_diskio.c                     0x00000000   Number         0  user_diskio.o ABSOLUTE
    ..\\Src\\fatfs_sd.c                      0x00000000   Number         0  fatfs_sd.o ABSOLUTE
    dc.s                                     0x00000000   Number         0  dc.o ABSOLUTE
    handlers.s                               0x00000000   Number         0  handlers.o ABSOLUTE
    init.s                                   0x00000000   Number         0  init.o ABSOLUTE
    startup_stm32l432xx.s                    0x00000000   Number         0  startup_stm32l432xx.o ABSOLUTE
    RESET                                    0x08000000   Section      396  startup_stm32l432xx.o(RESET)
    .ARM.Collect$$$$00000000                 0x0800018c   Section        0  entry.o(.ARM.Collect$$$$00000000)
    .ARM.Collect$$$$00000001                 0x0800018c   Section        4  entry2.o(.ARM.Collect$$$$00000001)
    .ARM.Collect$$$$00000004                 0x08000190   Section        4  entry5.o(.ARM.Collect$$$$00000004)
    .ARM.Collect$$$$00000008                 0x08000194   Section        0  entry7b.o(.ARM.Collect$$$$00000008)
    .ARM.Collect$$$$0000000A                 0x08000194   Section        0  entry8b.o(.ARM.Collect$$$$0000000A)
    .ARM.Collect$$$$0000000B                 0x08000194   Section        8  entry9a.o(.ARM.Collect$$$$0000000B)
    .ARM.Collect$$$$0000000E                 0x0800019c   Section        4  entry12b.o(.ARM.Collect$$$$0000000E)
    .ARM.Collect$$$$0000000F                 0x080001a0   Section        0  entry10a.o(.ARM.Collect$$$$0000000F)
    .ARM.Collect$$$$00000011                 0x080001a0   Section        0  entry11a.o(.ARM.Collect$$$$00000011)
    .ARM.Collect$$$$00002712                 0x080001a0   Section        4  entry2.o(.ARM.Collect$$$$00002712)
    __lit__00000000                          0x080001a0   Data           4  entry2.o(.ARM.Collect$$$$00002712)
    .text                                    0x080001a4   Section       36  startup_stm32l432xx.o(.text)
    $v0                                      0x080001a4   Number         0  startup_stm32l432xx.o(.text)
    .text                                    0x080001c8   Section        0  uldiv.o(.text)
    .text                                    0x08000230   Section        0  memseta.o(.text)
    .text                                    0x08000254   Section        0  strlen.o(.text)
    .text                                    0x08000262   Section        0  llshl.o(.text)
    .text                                    0x08000280   Section        0  llushr.o(.text)
    .text                                    0x080002a0   Section       36  init.o(.text)
    i.BusFault_Handler                       0x080002c4   Section        0  stm32l4xx_it.o(i.BusFault_Handler)
    i.DESELECT                               0x080002c8   Section        0  fatfs_sd.o(i.DESELECT)
    DESELECT                                 0x080002c9   Thumb Code    10  fatfs_sd.o(i.DESELECT)
    i.DebugMon_Handler                       0x080002d8   Section        0  stm32l4xx_it.o(i.DebugMon_Handler)
    i.FATFS_LinkDriver                       0x080002da   Section        0  ff_gen_drv.o(i.FATFS_LinkDriver)
    i.FATFS_LinkDriverEx                     0x080002e0   Section        0  ff_gen_drv.o(i.FATFS_LinkDriverEx)
    i.HAL_GPIO_Init                          0x08000320   Section        0  stm32l4xx_hal_gpio.o(i.HAL_GPIO_Init)
    i.HAL_GPIO_WritePin                      0x080004b2   Section        0  stm32l4xx_hal_gpio.o(i.HAL_GPIO_WritePin)
    i.HAL_GetTick                            0x080004bc   Section        0  stm32l4xx_hal.o(i.HAL_GetTick)
    i.HAL_IncTick                            0x080004c8   Section        0  stm32l4xx_hal.o(i.HAL_IncTick)
    i.HAL_Init                               0x080004d8   Section        0  stm32l4xx_hal.o(i.HAL_Init)
    i.HAL_InitTick                           0x080004f8   Section        0  stm32l4xx_hal.o(i.HAL_InitTick)
    i.HAL_MspInit                            0x0800053c   Section        0  stm32l4xx_hal_msp.o(i.HAL_MspInit)
    i.HAL_NVIC_SetPriority                   0x08000568   Section        0  stm32l4xx_hal_cortex.o(i.HAL_NVIC_SetPriority)
    i.HAL_NVIC_SetPriorityGrouping           0x080005a8   Section        0  stm32l4xx_hal_cortex.o(i.HAL_NVIC_SetPriorityGrouping)
    i.HAL_PWREx_GetVoltageRange              0x080005cc   Section        0  stm32l4xx_hal_pwr_ex.o(i.HAL_PWREx_GetVoltageRange)
    i.HAL_RCC_ClockConfig                    0x080005dc   Section        0  stm32l4xx_hal_rcc.o(i.HAL_RCC_ClockConfig)
    i.HAL_RCC_GetPCLK1Freq                   0x080006fc   Section        0  stm32l4xx_hal_rcc.o(i.HAL_RCC_GetPCLK1Freq)
    i.HAL_RCC_GetPCLK2Freq                   0x08000720   Section        0  stm32l4xx_hal_rcc.o(i.HAL_RCC_GetPCLK2Freq)
    i.HAL_RCC_GetSysClockFreq                0x08000744   Section        0  stm32l4xx_hal_rcc.o(i.HAL_RCC_GetSysClockFreq)
    i.HAL_RCC_OscConfig                      0x080007e8   Section        0  stm32l4xx_hal_rcc.o(i.HAL_RCC_OscConfig)
    i.HAL_SPI_GetState                       0x08000d0c   Section        0  stm32l4xx_hal_spi.o(i.HAL_SPI_GetState)
    i.HAL_SPI_Init                           0x08000d12   Section        0  stm32l4xx_hal_spi.o(i.HAL_SPI_Init)
    i.HAL_SPI_MspInit                        0x08000dc0   Section        0  stm32l4xx_hal_msp.o(i.HAL_SPI_MspInit)
    i.HAL_SPI_Transmit                       0x08000e24   Section        0  stm32l4xx_hal_spi.o(i.HAL_SPI_Transmit)
    i.HAL_SPI_TransmitReceive                0x08000fa8   Section        0  stm32l4xx_hal_spi.o(i.HAL_SPI_TransmitReceive)
    i.HAL_SYSTICK_Callback                   0x08001210   Section        0  stm32l4xx_hal_cortex.o(i.HAL_SYSTICK_Callback)
    i.HAL_SYSTICK_Config                     0x08001212   Section        0  stm32l4xx_hal_cortex.o(i.HAL_SYSTICK_Config)
    i.HAL_SYSTICK_IRQHandler                 0x0800123a   Section        0  stm32l4xx_hal_cortex.o(i.HAL_SYSTICK_IRQHandler)
    i.HAL_UART_Init                          0x08001242   Section        0  stm32l4xx_hal_uart.o(i.HAL_UART_Init)
    i.HAL_UART_MspInit                       0x080012a8   Section        0  stm32l4xx_hal_msp.o(i.HAL_UART_MspInit)
    i.HAL_UART_Transmit                      0x0800130c   Section        0  stm32l4xx_hal_uart.o(i.HAL_UART_Transmit)
    i.HardFault_Handler                      0x080013c0   Section        0  stm32l4xx_it.o(i.HardFault_Handler)
    i.MX_FATFS_Init                          0x080013c4   Section        0  fatfs.o(i.MX_FATFS_Init)
    i.MX_SPI1_Init                           0x080013e0   Section        0  main.o(i.MX_SPI1_Init)
    MX_SPI1_Init                             0x080013e1   Thumb Code    50  main.o(i.MX_SPI1_Init)
    i.MX_USART2_UART_Init                    0x0800141c   Section        0  main.o(i.MX_USART2_UART_Init)
    MX_USART2_UART_Init                      0x0800141d   Thumb Code    36  main.o(i.MX_USART2_UART_Init)
    i.MemManage_Handler                      0x08001448   Section        0  stm32l4xx_it.o(i.MemManage_Handler)
    i.NMI_Handler                            0x0800144a   Section        0  stm32l4xx_it.o(i.NMI_Handler)
    i.PendSV_Handler                         0x0800144c   Section        0  stm32l4xx_it.o(i.PendSV_Handler)
    i.RCC_SetFlashLatencyFromMSIRange        0x08001450   Section        0  stm32l4xx_hal_rcc.o(i.RCC_SetFlashLatencyFromMSIRange)
    RCC_SetFlashLatencyFromMSIRange          0x08001451   Thumb Code   116  stm32l4xx_hal_rcc.o(i.RCC_SetFlashLatencyFromMSIRange)
    i.SD_PowerOn                             0x080014cc   Section        0  fatfs_sd.o(i.SD_PowerOn)
    SD_PowerOn                               0x080014cd   Thumb Code   108  fatfs_sd.o(i.SD_PowerOn)
    i.SD_ReadyWait                           0x0800153c   Section        0  fatfs_sd.o(i.SD_ReadyWait)
    SD_ReadyWait                             0x0800153d   Thumb Code    28  fatfs_sd.o(i.SD_ReadyWait)
    i.SD_RxDataBlock                         0x0800155c   Section        0  fatfs_sd.o(i.SD_RxDataBlock)
    SD_RxDataBlock                           0x0800155d   Thumb Code    76  fatfs_sd.o(i.SD_RxDataBlock)
    i.SD_SendCmd                             0x080015ac   Section        0  fatfs_sd.o(i.SD_SendCmd)
    SD_SendCmd                               0x080015ad   Thumb Code   110  fatfs_sd.o(i.SD_SendCmd)
    i.SD_TxDataBlock                         0x0800161c   Section        0  fatfs_sd.o(i.SD_TxDataBlock)
    SD_TxDataBlock                           0x0800161d   Thumb Code   106  fatfs_sd.o(i.SD_TxDataBlock)
    i.SD_disk_initialize                     0x08001688   Section        0  fatfs_sd.o(i.SD_disk_initialize)
    i.SD_disk_ioctl                          0x080017c0   Section        0  fatfs_sd.o(i.SD_disk_ioctl)
    i.SD_disk_read                           0x08001904   Section        0  fatfs_sd.o(i.SD_disk_read)
    i.SD_disk_status                         0x0800199c   Section        0  fatfs_sd.o(i.SD_disk_status)
    i.SD_disk_write                          0x080019ac   Section        0  fatfs_sd.o(i.SD_disk_write)
    i.SELECT                                 0x08001a64   Section        0  fatfs_sd.o(i.SELECT)
    SELECT                                   0x08001a65   Thumb Code    10  fatfs_sd.o(i.SELECT)
    i.SPI_EndRxTxTransaction                 0x08001a74   Section        0  stm32l4xx_hal_spi.o(i.SPI_EndRxTxTransaction)
    SPI_EndRxTxTransaction                   0x08001a75   Thumb Code    72  stm32l4xx_hal_spi.o(i.SPI_EndRxTxTransaction)
    i.SPI_RxByte                             0x08001abc   Section        0  fatfs_sd.o(i.SPI_RxByte)
    SPI_RxByte                               0x08001abd   Thumb Code    48  fatfs_sd.o(i.SPI_RxByte)
    i.SPI_TxByte                             0x08001af0   Section        0  fatfs_sd.o(i.SPI_TxByte)
    SPI_TxByte                               0x08001af1   Thumb Code    28  fatfs_sd.o(i.SPI_TxByte)
    i.SPI_WaitFifoStateUntilTimeout          0x08001b10   Section        0  stm32l4xx_hal_spi.o(i.SPI_WaitFifoStateUntilTimeout)
    SPI_WaitFifoStateUntilTimeout            0x08001b11   Thumb Code   150  stm32l4xx_hal_spi.o(i.SPI_WaitFifoStateUntilTimeout)
    i.SPI_WaitFlagStateUntilTimeout          0x08001ba6   Section        0  stm32l4xx_hal_spi.o(i.SPI_WaitFlagStateUntilTimeout)
    SPI_WaitFlagStateUntilTimeout            0x08001ba7   Thumb Code   148  stm32l4xx_hal_spi.o(i.SPI_WaitFlagStateUntilTimeout)
    i.SVC_Handler                            0x08001c3a   Section        0  stm32l4xx_it.o(i.SVC_Handler)
    i.SysTick_Handler                        0x08001c3c   Section        0  stm32l4xx_it.o(i.SysTick_Handler)
    i.SystemClock_Config                     0x08001c64   Section        0  main.o(i.SystemClock_Config)
    i.SystemInit                             0x08001cb0   Section        0  system_stm32l4xx.o(i.SystemInit)
    i.UART_AdvFeatureConfig                  0x08001cf4   Section        0  stm32l4xx_hal_uart.o(i.UART_AdvFeatureConfig)
    i.UART_CheckIdleState                    0x08001dbc   Section        0  stm32l4xx_hal_uart.o(i.UART_CheckIdleState)
    i.UART_SetConfig                         0x08001e14   Section        0  stm32l4xx_hal_uart.o(i.UART_SetConfig)
    i.UART_WaitOnFlagUntilTimeout            0x08002048   Section        0  stm32l4xx_hal_uart.o(i.UART_WaitOnFlagUntilTimeout)
    i.USER_initialize                        0x080020a8   Section        0  user_diskio.o(i.USER_initialize)
    i.USER_ioctl                             0x080020bc   Section        0  user_diskio.o(i.USER_ioctl)
    i.USER_read                              0x080020c0   Section        0  user_diskio.o(i.USER_read)
    i.USER_status                            0x080020c4   Section        0  user_diskio.o(i.USER_status)
    i.USER_write                             0x080020c8   Section        0  user_diskio.o(i.USER_write)
    i.UsageFault_Handler                     0x080020cc   Section        0  stm32l4xx_it.o(i.UsageFault_Handler)
    i.__NVIC_SetPriority                     0x080020ce   Section        0  stm32l4xx_hal_cortex.o(i.__NVIC_SetPriority)
    __NVIC_SetPriority                       0x080020cf   Thumb Code    32  stm32l4xx_hal_cortex.o(i.__NVIC_SetPriority)
    i.__scatterload_copy                     0x080020ee   Section       14  handlers.o(i.__scatterload_copy)
    i.__scatterload_null                     0x080020fc   Section        2  handlers.o(i.__scatterload_null)
    i.__scatterload_zeroinit                 0x080020fe   Section       14  handlers.o(i.__scatterload_zeroinit)
    i.check_fs                               0x0800210c   Section        0  ff.o(i.check_fs)
    check_fs                                 0x0800210d   Thumb Code   116  ff.o(i.check_fs)
    i.chk_lock                               0x08002184   Section        0  ff.o(i.chk_lock)
    chk_lock                                 0x08002185   Thumb Code   102  ff.o(i.chk_lock)
    i.clear_lock                             0x080021f0   Section        0  ff.o(i.clear_lock)
    clear_lock                               0x080021f1   Thumb Code    32  ff.o(i.clear_lock)
    i.clmt_clust                             0x08002214   Section        0  ff.o(i.clmt_clust)
    clmt_clust                               0x08002215   Thumb Code    42  ff.o(i.clmt_clust)
    i.clust2sect                             0x0800223e   Section        0  ff.o(i.clust2sect)
    i.create_chain                           0x0800225c   Section        0  ff.o(i.create_chain)
    create_chain                             0x0800225d   Thumb Code   176  ff.o(i.create_chain)
    i.create_name                            0x0800230c   Section        0  ff.o(i.create_name)
    create_name                              0x0800230d   Thumb Code   234  ff.o(i.create_name)
    i.dec_lock                               0x0800240c   Section        0  ff.o(i.dec_lock)
    dec_lock                                 0x0800240d   Thumb Code    54  ff.o(i.dec_lock)
    i.dir_next                               0x08002448   Section        0  ff.o(i.dir_next)
    dir_next                                 0x08002449   Thumb Code   286  ff.o(i.dir_next)
    i.dir_register                           0x08002566   Section        0  ff.o(i.dir_register)
    dir_register                             0x08002567   Thumb Code   118  ff.o(i.dir_register)
    i.dir_sdi                                0x080025dc   Section        0  ff.o(i.dir_sdi)
    dir_sdi                                  0x080025dd   Thumb Code   152  ff.o(i.dir_sdi)
    i.disk_initialize                        0x08002674   Section        0  diskio.o(i.disk_initialize)
    i.disk_ioctl                             0x0800269c   Section        0  diskio.o(i.disk_ioctl)
    i.disk_read                              0x080026b8   Section        0  diskio.o(i.disk_read)
    i.disk_status                            0x080026d4   Section        0  diskio.o(i.disk_status)
    i.disk_write                             0x080026ec   Section        0  diskio.o(i.disk_write)
    i.f_close                                0x08002708   Section        0  ff.o(i.f_close)
    i.f_getfree                              0x08002732   Section        0  ff.o(i.f_getfree)
    i.f_mount                                0x0800280c   Section        0  ff.o(i.f_mount)
    i.f_open                                 0x08002868   Section        0  ff.o(i.f_open)
    i.f_read                                 0x08002a14   Section        0  ff.o(i.f_read)
    i.f_sync                                 0x08002ba6   Section        0  ff.o(i.f_sync)
    i.find_volume                            0x08002c60   Section        0  ff.o(i.find_volume)
    find_volume                              0x08002c61   Thumb Code   706  ff.o(i.find_volume)
    i.follow_path                            0x08002f30   Section        0  ff.o(i.follow_path)
    follow_path                              0x08002f31   Thumb Code   192  ff.o(i.follow_path)
    i.get_fat                                0x08002ff0   Section        0  ff.o(i.get_fat)
    i.get_fattime                            0x080030bc   Section        0  fatfs.o(i.get_fattime)
    i.get_ldnumber                           0x080030c0   Section        0  ff.o(i.get_ldnumber)
    get_ldnumber                             0x080030c1   Thumb Code    60  ff.o(i.get_ldnumber)
    i.inc_lock                               0x080030fc   Section        0  ff.o(i.inc_lock)
    inc_lock                                 0x080030fd   Thumb Code   154  ff.o(i.inc_lock)
    i.ld_clust                               0x0800319c   Section        0  ff.o(i.ld_clust)
    ld_clust                                 0x0800319d   Thumb Code    20  ff.o(i.ld_clust)
    i.main                                   0x080031b0   Section        0  main.o(i.main)
    i.mem_cpy                                0x08003280   Section        0  ff.o(i.mem_cpy)
    mem_cpy                                  0x08003281   Thumb Code    18  ff.o(i.mem_cpy)
    i.mem_set                                0x08003292   Section        0  ff.o(i.mem_set)
    mem_set                                  0x08003293   Thumb Code    14  ff.o(i.mem_set)
    i.move_window                            0x080032a0   Section        0  ff.o(i.move_window)
    move_window                              0x080032a1   Thumb Code    54  ff.o(i.move_window)
    i.put_fat                                0x080032d6   Section        0  ff.o(i.put_fat)
    i.remove_chain                           0x080033cc   Section        0  ff.o(i.remove_chain)
    remove_chain                             0x080033cd   Thumb Code   110  ff.o(i.remove_chain)
    i.send_uart                              0x0800343c   Section        0  main.o(i.send_uart)
    i.st_clust                               0x0800345c   Section        0  ff.o(i.st_clust)
    st_clust                                 0x0800345d   Thumb Code    16  ff.o(i.st_clust)
    i.sync_fs                                0x0800346c   Section        0  ff.o(i.sync_fs)
    sync_fs                                  0x0800346d   Thumb Code   182  ff.o(i.sync_fs)
    i.sync_window                            0x08003522   Section        0  ff.o(i.sync_window)
    sync_window                              0x08003523   Thumb Code    96  ff.o(i.sync_window)
    i.validate                               0x08003582   Section        0  ff.o(i.validate)
    validate                                 0x08003583   Thumb Code    44  ff.o(i.validate)
    .constdata                               0x080035b0   Section       64  system_stm32l4xx.o(.constdata)
    .constdata                               0x080035f0   Section        8  system_stm32l4xx.o(.constdata)
    .constdata                               0x080035f8   Section      172  ff.o(.constdata)
    ExCvt                                    0x080035f8   Data         128  ff.o(.constdata)
    vst                                      0x08003678   Data          22  ff.o(.constdata)
    cst                                      0x0800368e   Data          22  ff.o(.constdata)
    .data                                    0x20000000   Section       16  main.o(.data)
    .data                                    0x20000010   Section        1  user_diskio.o(.data)
    Stat                                     0x20000010   Data           1  user_diskio.o(.data)
    .data                                    0x20000014   Section       20  user_diskio.o(.data)
    .data                                    0x20000028   Section        5  fatfs.o(.data)
    .data                                    0x2000002d   Section        2  stm32l4xx_it.o(.data)
    .data                                    0x2000002f   Section        3  fatfs_sd.o(.data)
    Stat                                     0x2000002f   Data           1  fatfs_sd.o(.data)
    PowerFlag                                0x20000030   Data           1  fatfs_sd.o(.data)
    CardType                                 0x20000031   Data           1  fatfs_sd.o(.data)
    .data                                    0x20000034   Section       12  stm32l4xx_hal.o(.data)
    .data                                    0x20000040   Section        4  system_stm32l4xx.o(.data)
    .data                                    0x20000044   Section        8  ff.o(.data)
    Fsid                                     0x20000044   Data           2  ff.o(.data)
    FatFs                                    0x20000048   Data           4  ff.o(.data)
    .bss                                     0x2000004c   Section     2368  main.o(.bss)
    .bss                                     0x2000098c   Section       24  ff.o(.bss)
    Files                                    0x2000098c   Data          24  ff.o(.bss)
    .bss                                     0x200009a4   Section       12  ff_gen_drv.o(.bss)
    STACK                                    0x200009b0   Section     1024  startup_stm32l432xx.o(STACK)

    Global Symbols

    Symbol Name                              Value     Ov Type        Size  Object(Section)

    BuildAttributes$$THM_ISAv4$E$P$D$K$B$S$7EM$VFPi3$EXTD16$VFPS$VFMA$PE$A:L22UL41UL21$X:L11$S22US41US21$IEEE1$IW$USESV6$~STKCKD$USESV7$~SHL$OSPACE$EBA8$MICROLIB$REQ8$PRES8$EABIv2 0x00000000   Number         0  anon$$obj.o ABSOLUTE
    __ARM_use_no_argv                        0x00000000   Number         0  main.o ABSOLUTE
    __arm_fini_                               - Undefined Weak Reference
    __cpp_initialize__aeabi_                  - Undefined Weak Reference
    __cxa_finalize                            - Undefined Weak Reference
    __decompress                              - Undefined Weak Reference
    _clock_init                               - Undefined Weak Reference
    _microlib_exit                            - Undefined Weak Reference
    __Vectors_Size                           0x0000018c   Number         0  startup_stm32l432xx.o ABSOLUTE
    __Vectors                                0x08000000   Data           4  startup_stm32l432xx.o(RESET)
    __Vectors_End                            0x0800018c   Data           0  startup_stm32l432xx.o(RESET)
    __main                                   0x0800018d   Thumb Code     0  entry.o(.ARM.Collect$$$$00000000)
    _main_stk                                0x0800018d   Thumb Code     0  entry2.o(.ARM.Collect$$$$00000001)
    _main_scatterload                        0x08000191   Thumb Code     0  entry5.o(.ARM.Collect$$$$00000004)
    __main_after_scatterload                 0x08000195   Thumb Code     0  entry5.o(.ARM.Collect$$$$00000004)
    _main_clock                              0x08000195   Thumb Code     0  entry7b.o(.ARM.Collect$$$$00000008)
    _main_cpp_init                           0x08000195   Thumb Code     0  entry8b.o(.ARM.Collect$$$$0000000A)
    _main_init                               0x08000195   Thumb Code     0  entry9a.o(.ARM.Collect$$$$0000000B)
    __rt_lib_shutdown_fini                   0x0800019d   Thumb Code     0  entry12b.o(.ARM.Collect$$$$0000000E)
    __rt_final_cpp                           0x080001a1   Thumb Code     0  entry10a.o(.ARM.Collect$$$$0000000F)
    __rt_final_exit                          0x080001a1   Thumb Code     0  entry11a.o(.ARM.Collect$$$$00000011)
    Reset_Handler                            0x080001a5   Thumb Code     8  startup_stm32l432xx.o(.text)
    ADC1_IRQHandler                          0x080001bf   Thumb Code     0  startup_stm32l432xx.o(.text)
    CAN1_RX0_IRQHandler                      0x080001bf   Thumb Code     0  startup_stm32l432xx.o(.text)
    CAN1_RX1_IRQHandler                      0x080001bf   Thumb Code     0  startup_stm32l432xx.o(.text)
    CAN1_SCE_IRQHandler                      0x080001bf   Thumb Code     0  startup_stm32l432xx.o(.text)
    CAN1_TX_IRQHandler                       0x080001bf   Thumb Code     0  startup_stm32l432xx.o(.text)
    COMP_IRQHandler                          0x080001bf   Thumb Code     0  startup_stm32l432xx.o(.text)
    CRS_IRQHandler                           0x080001bf   Thumb Code     0  startup_stm32l432xx.o(.text)
    DMA1_Channel1_IRQHandler                 0x080001bf   Thumb Code     0  startup_stm32l432xx.o(.text)
    DMA1_Channel2_IRQHandler                 0x080001bf   Thumb Code     0  startup_stm32l432xx.o(.text)
    DMA1_Channel3_IRQHandler                 0x080001bf   Thumb Code     0  startup_stm32l432xx.o(.text)
    DMA1_Channel4_IRQHandler                 0x080001bf   Thumb Code     0  startup_stm32l432xx.o(.text)
    DMA1_Channel5_IRQHandler                 0x080001bf   Thumb Code     0  startup_stm32l432xx.o(.text)
    DMA1_Channel6_IRQHandler                 0x080001bf   Thumb Code     0  startup_stm32l432xx.o(.text)
    DMA1_Channel7_IRQHandler                 0x080001bf   Thumb Code     0  startup_stm32l432xx.o(.text)
    DMA2_Channel1_IRQHandler                 0x080001bf   Thumb Code     0  startup_stm32l432xx.o(.text)
    DMA2_Channel2_IRQHandler                 0x080001bf   Thumb Code     0  startup_stm32l432xx.o(.text)
    DMA2_Channel3_IRQHandler                 0x080001bf   Thumb Code     0  startup_stm32l432xx.o(.text)
    DMA2_Channel4_IRQHandler                 0x080001bf   Thumb Code     0  startup_stm32l432xx.o(.text)
    DMA2_Channel5_IRQHandler                 0x080001bf   Thumb Code     0  startup_stm32l432xx.o(.text)
    DMA2_Channel6_IRQHandler                 0x080001bf   Thumb Code     0  startup_stm32l432xx.o(.text)
    DMA2_Channel7_IRQHandler                 0x080001bf   Thumb Code     0  startup_stm32l432xx.o(.text)
    EXTI0_IRQHandler                         0x080001bf   Thumb Code     0  startup_stm32l432xx.o(.text)
    EXTI15_10_IRQHandler                     0x080001bf   Thumb Code     0  startup_stm32l432xx.o(.text)
    EXTI1_IRQHandler                         0x080001bf   Thumb Code     0  startup_stm32l432xx.o(.text)
    EXTI2_IRQHandler                         0x080001bf   Thumb Code     0  startup_stm32l432xx.o(.text)
    EXTI3_IRQHandler                         0x080001bf   Thumb Code     0  startup_stm32l432xx.o(.text)
    EXTI4_IRQHandler                         0x080001bf   Thumb Code     0  startup_stm32l432xx.o(.text)
    EXTI9_5_IRQHandler                       0x080001bf   Thumb Code     0  startup_stm32l432xx.o(.text)
    FLASH_IRQHandler                         0x080001bf   Thumb Code     0  startup_stm32l432xx.o(.text)
    FPU_IRQHandler                           0x080001bf   Thumb Code     0  startup_stm32l432xx.o(.text)
    I2C1_ER_IRQHandler                       0x080001bf   Thumb Code     0  startup_stm32l432xx.o(.text)
    I2C1_EV_IRQHandler                       0x080001bf   Thumb Code     0  startup_stm32l432xx.o(.text)
    I2C3_ER_IRQHandler                       0x080001bf   Thumb Code     0  startup_stm32l432xx.o(.text)
    I2C3_EV_IRQHandler                       0x080001bf   Thumb Code     0  startup_stm32l432xx.o(.text)
    LPTIM1_IRQHandler                        0x080001bf   Thumb Code     0  startup_stm32l432xx.o(.text)
    LPTIM2_IRQHandler                        0x080001bf   Thumb Code     0  startup_stm32l432xx.o(.text)
    LPUART1_IRQHandler                       0x080001bf   Thumb Code     0  startup_stm32l432xx.o(.text)
    PVD_PVM_IRQHandler                       0x080001bf   Thumb Code     0  startup_stm32l432xx.o(.text)
    QUADSPI_IRQHandler                       0x080001bf   Thumb Code     0  startup_stm32l432xx.o(.text)
    RCC_IRQHandler                           0x080001bf   Thumb Code     0  startup_stm32l432xx.o(.text)
    RNG_IRQHandler                           0x080001bf   Thumb Code     0  startup_stm32l432xx.o(.text)
    RTC_Alarm_IRQHandler                     0x080001bf   Thumb Code     0  startup_stm32l432xx.o(.text)
    RTC_WKUP_IRQHandler                      0x080001bf   Thumb Code     0  startup_stm32l432xx.o(.text)
    SAI1_IRQHandler                          0x080001bf   Thumb Code     0  startup_stm32l432xx.o(.text)
    SPI1_IRQHandler                          0x080001bf   Thumb Code     0  startup_stm32l432xx.o(.text)
    SPI3_IRQHandler                          0x080001bf   Thumb Code     0  startup_stm32l432xx.o(.text)
    SWPMI1_IRQHandler                        0x080001bf   Thumb Code     0  startup_stm32l432xx.o(.text)
    TAMP_STAMP_IRQHandler                    0x080001bf   Thumb Code     0  startup_stm32l432xx.o(.text)
    TIM1_BRK_TIM15_IRQHandler                0x080001bf   Thumb Code     0  startup_stm32l432xx.o(.text)
    TIM1_CC_IRQHandler                       0x080001bf   Thumb Code     0  startup_stm32l432xx.o(.text)
    TIM1_TRG_COM_IRQHandler                  0x080001bf   Thumb Code     0  startup_stm32l432xx.o(.text)
    TIM1_UP_TIM16_IRQHandler                 0x080001bf   Thumb Code     0  startup_stm32l432xx.o(.text)
    TIM2_IRQHandler                          0x080001bf   Thumb Code     0  startup_stm32l432xx.o(.text)
    TIM6_DAC_IRQHandler                      0x080001bf   Thumb Code     0  startup_stm32l432xx.o(.text)
    TIM7_IRQHandler                          0x080001bf   Thumb Code     0  startup_stm32l432xx.o(.text)
    TSC_IRQHandler                           0x080001bf   Thumb Code     0  startup_stm32l432xx.o(.text)
    USART1_IRQHandler                        0x080001bf   Thumb Code     0  startup_stm32l432xx.o(.text)
    USART2_IRQHandler                        0x080001bf   Thumb Code     0  startup_stm32l432xx.o(.text)
    USB_IRQHandler                           0x080001bf   Thumb Code     0  startup_stm32l432xx.o(.text)
    WWDG_IRQHandler                          0x080001bf   Thumb Code     0  startup_stm32l432xx.o(.text)
    __aeabi_uldivmod                         0x080001c9   Thumb Code    98  uldiv.o(.text)
    __aeabi_memset                           0x08000231   Thumb Code    14  memseta.o(.text)
    __aeabi_memset4                          0x08000231   Thumb Code     0  memseta.o(.text)
    __aeabi_memset8                          0x08000231   Thumb Code     0  memseta.o(.text)
    __aeabi_memclr                           0x0800023f   Thumb Code     4  memseta.o(.text)
    __aeabi_memclr4                          0x0800023f   Thumb Code     0  memseta.o(.text)
    __aeabi_memclr8                          0x0800023f   Thumb Code     0  memseta.o(.text)
    _memset$wrapper                          0x08000243   Thumb Code    18  memseta.o(.text)
    strlen                                   0x08000255   Thumb Code    14  strlen.o(.text)
    __aeabi_llsl                             0x08000263   Thumb Code    30  llshl.o(.text)
    _ll_shift_l                              0x08000263   Thumb Code     0  llshl.o(.text)
    __aeabi_llsr                             0x08000281   Thumb Code    32  llushr.o(.text)
    _ll_ushift_r                             0x08000281   Thumb Code     0  llushr.o(.text)
    __scatterload                            0x080002a1   Thumb Code    28  init.o(.text)
    __scatterload_rt2                        0x080002a1   Thumb Code     0  init.o(.text)
    BusFault_Handler                         0x080002c5   Thumb Code     2  stm32l4xx_it.o(i.BusFault_Handler)
    DebugMon_Handler                         0x080002d9   Thumb Code     2  stm32l4xx_it.o(i.DebugMon_Handler)
    FATFS_LinkDriver                         0x080002db   Thumb Code     6  ff_gen_drv.o(i.FATFS_LinkDriver)
    FATFS_LinkDriverEx                       0x080002e1   Thumb Code    60  ff_gen_drv.o(i.FATFS_LinkDriverEx)
    HAL_GPIO_Init                            0x08000321   Thumb Code   376  stm32l4xx_hal_gpio.o(i.HAL_GPIO_Init)
    HAL_GPIO_WritePin                        0x080004b3   Thumb Code    10  stm32l4xx_hal_gpio.o(i.HAL_GPIO_WritePin)
    HAL_GetTick                              0x080004bd   Thumb Code     6  stm32l4xx_hal.o(i.HAL_GetTick)
    HAL_IncTick                              0x080004c9   Thumb Code    12  stm32l4xx_hal.o(i.HAL_IncTick)
    HAL_Init                                 0x080004d9   Thumb Code    30  stm32l4xx_hal.o(i.HAL_Init)
    HAL_InitTick                             0x080004f9   Thumb Code    58  stm32l4xx_hal.o(i.HAL_InitTick)
    HAL_MspInit                              0x0800053d   Thumb Code    38  stm32l4xx_hal_msp.o(i.HAL_MspInit)
    HAL_NVIC_SetPriority                     0x08000569   Thumb Code    60  stm32l4xx_hal_cortex.o(i.HAL_NVIC_SetPriority)
    HAL_NVIC_SetPriorityGrouping             0x080005a9   Thumb Code    26  stm32l4xx_hal_cortex.o(i.HAL_NVIC_SetPriorityGrouping)
    HAL_PWREx_GetVoltageRange                0x080005cd   Thumb Code    10  stm32l4xx_hal_pwr_ex.o(i.HAL_PWREx_GetVoltageRange)
    HAL_RCC_ClockConfig                      0x080005dd   Thumb Code   266  stm32l4xx_hal_rcc.o(i.HAL_RCC_ClockConfig)
    HAL_RCC_GetPCLK1Freq                     0x080006fd   Thumb Code    24  stm32l4xx_hal_rcc.o(i.HAL_RCC_GetPCLK1Freq)
    HAL_RCC_GetPCLK2Freq                     0x08000721   Thumb Code    24  stm32l4xx_hal_rcc.o(i.HAL_RCC_GetPCLK2Freq)
    HAL_RCC_GetSysClockFreq                  0x08000745   Thumb Code   150  stm32l4xx_hal_rcc.o(i.HAL_RCC_GetSysClockFreq)
    HAL_RCC_OscConfig                        0x080007e9   Thumb Code  1312  stm32l4xx_hal_rcc.o(i.HAL_RCC_OscConfig)
    HAL_SPI_GetState                         0x08000d0d   Thumb Code     6  stm32l4xx_hal_spi.o(i.HAL_SPI_GetState)
    HAL_SPI_Init                             0x08000d13   Thumb Code   172  stm32l4xx_hal_spi.o(i.HAL_SPI_Init)
    HAL_SPI_MspInit                          0x08000dc1   Thumb Code    90  stm32l4xx_hal_msp.o(i.HAL_SPI_MspInit)
    HAL_SPI_Transmit                         0x08000e25   Thumb Code   382  stm32l4xx_hal_spi.o(i.HAL_SPI_Transmit)
    HAL_SPI_TransmitReceive                  0x08000fa9   Thumb Code   610  stm32l4xx_hal_spi.o(i.HAL_SPI_TransmitReceive)
    HAL_SYSTICK_Callback                     0x08001211   Thumb Code     2  stm32l4xx_hal_cortex.o(i.HAL_SYSTICK_Callback)
    HAL_SYSTICK_Config                       0x08001213   Thumb Code    40  stm32l4xx_hal_cortex.o(i.HAL_SYSTICK_Config)
    HAL_SYSTICK_IRQHandler                   0x0800123b   Thumb Code     8  stm32l4xx_hal_cortex.o(i.HAL_SYSTICK_IRQHandler)
    HAL_UART_Init                            0x08001243   Thumb Code   102  stm32l4xx_hal_uart.o(i.HAL_UART_Init)
    HAL_UART_MspInit                         0x080012a9   Thumb Code    90  stm32l4xx_hal_msp.o(i.HAL_UART_MspInit)
    HAL_UART_Transmit                        0x0800130d   Thumb Code   180  stm32l4xx_hal_uart.o(i.HAL_UART_Transmit)
    HardFault_Handler                        0x080013c1   Thumb Code     2  stm32l4xx_it.o(i.HardFault_Handler)
    MX_FATFS_Init                            0x080013c5   Thumb Code    18  fatfs.o(i.MX_FATFS_Init)
    MemManage_Handler                        0x08001449   Thumb Code     2  stm32l4xx_it.o(i.MemManage_Handler)
    NMI_Handler                              0x0800144b   Thumb Code     2  stm32l4xx_it.o(i.NMI_Handler)
    PendSV_Handler                           0x0800144d   Thumb Code     2  stm32l4xx_it.o(i.PendSV_Handler)
    SD_disk_initialize                       0x08001689   Thumb Code   304  fatfs_sd.o(i.SD_disk_initialize)
    SD_disk_ioctl                            0x080017c1   Thumb Code   318  fatfs_sd.o(i.SD_disk_ioctl)
    SD_disk_read                             0x08001905   Thumb Code   146  fatfs_sd.o(i.SD_disk_read)
    SD_disk_status                           0x0800199d   Thumb Code    12  fatfs_sd.o(i.SD_disk_status)
    SD_disk_write                            0x080019ad   Thumb Code   178  fatfs_sd.o(i.SD_disk_write)
    SVC_Handler                              0x08001c3b   Thumb Code     2  stm32l4xx_it.o(i.SVC_Handler)
    SysTick_Handler                          0x08001c3d   Thumb Code    36  stm32l4xx_it.o(i.SysTick_Handler)
    SystemClock_Config                       0x08001c65   Thumb Code    76  main.o(i.SystemClock_Config)
    SystemInit                               0x08001cb1   Thumb Code    56  system_stm32l4xx.o(i.SystemInit)
    UART_AdvFeatureConfig                    0x08001cf5   Thumb Code   200  stm32l4xx_hal_uart.o(i.UART_AdvFeatureConfig)
    UART_CheckIdleState                      0x08001dbd   Thumb Code    88  stm32l4xx_hal_uart.o(i.UART_CheckIdleState)
    UART_SetConfig                           0x08001e15   Thumb Code   526  stm32l4xx_hal_uart.o(i.UART_SetConfig)
    UART_WaitOnFlagUntilTimeout              0x08002049   Thumb Code    96  stm32l4xx_hal_uart.o(i.UART_WaitOnFlagUntilTimeout)
    USER_initialize                          0x080020a9   Thumb Code    14  user_diskio.o(i.USER_initialize)
    USER_ioctl                               0x080020bd   Thumb Code     4  user_diskio.o(i.USER_ioctl)
    USER_read                                0x080020c1   Thumb Code     4  user_diskio.o(i.USER_read)
    USER_status                              0x080020c5   Thumb Code     4  user_diskio.o(i.USER_status)
    USER_write                               0x080020c9   Thumb Code     4  user_diskio.o(i.USER_write)
    UsageFault_Handler                       0x080020cd   Thumb Code     2  stm32l4xx_it.o(i.UsageFault_Handler)
    __scatterload_copy                       0x080020ef   Thumb Code    14  handlers.o(i.__scatterload_copy)
    __scatterload_null                       0x080020fd   Thumb Code     2  handlers.o(i.__scatterload_null)
    __scatterload_zeroinit                   0x080020ff   Thumb Code    14  handlers.o(i.__scatterload_zeroinit)
    clust2sect                               0x0800223f   Thumb Code    30  ff.o(i.clust2sect)
    disk_initialize                          0x08002675   Thumb Code    36  diskio.o(i.disk_initialize)
    disk_ioctl                               0x0800269d   Thumb Code    24  diskio.o(i.disk_ioctl)
    disk_read                                0x080026b9   Thumb Code    24  diskio.o(i.disk_read)
    disk_status                              0x080026d5   Thumb Code    18  diskio.o(i.disk_status)
    disk_write                               0x080026ed   Thumb Code    24  diskio.o(i.disk_write)
    f_close                                  0x08002709   Thumb Code    42  ff.o(i.f_close)
    f_getfree                                0x08002733   Thumb Code   212  ff.o(i.f_getfree)
    f_mount                                  0x0800280d   Thumb Code    88  ff.o(i.f_mount)
    f_open                                   0x08002869   Thumb Code   422  ff.o(i.f_open)
    f_read                                   0x08002a15   Thumb Code   396  ff.o(i.f_read)
    f_sync                                   0x08002ba7   Thumb Code   184  ff.o(i.f_sync)
    get_fat                                  0x08002ff1   Thumb Code   204  ff.o(i.get_fat)
    get_fattime                              0x080030bd   Thumb Code     4  fatfs.o(i.get_fattime)
    main                                     0x080031b1   Thumb Code   164  main.o(i.main)
    put_fat                                  0x080032d7   Thumb Code   246  ff.o(i.put_fat)
    send_uart                                0x0800343d   Thumb Code    26  main.o(i.send_uart)
    AHBPrescTable                            0x080035b0   Data          16  system_stm32l4xx.o(.constdata)
    MSIRangeTable                            0x080035c0   Data          48  system_stm32l4xx.o(.constdata)
    APBPrescTable                            0x080035f0   Data           8  system_stm32l4xx.o(.constdata)
    Region$$Table$$Base                      0x080036a4   Number         0  anon$$obj.o(Region$$Table)
    Region$$Table$$Limit                     0x080036c4   Number         0  anon$$obj.o(Region$$Table)
    fresult                                  0x20000000   Data           1  main.o(.data)
    br                                       0x20000004   Data           4  main.o(.data)
    pfs                                      0x20000008   Data           4  main.o(.data)
    fre_clust                                0x2000000c   Data           4  main.o(.data)
    USER_Driver                              0x20000014   Data          20  user_diskio.o(.data)
    retUSER                                  0x20000028   Data           1  fatfs.o(.data)
    USERPath                                 0x20000029   Data           4  fatfs.o(.data)
    Timer1                                   0x2000002d   Data           1  stm32l4xx_it.o(.data)
    Timer2                                   0x2000002e   Data           1  stm32l4xx_it.o(.data)
    uwTickPrio                               0x20000034   Data           4  stm32l4xx_hal.o(.data)
    uwTickFreq                               0x20000038   Data           4  stm32l4xx_hal.o(.data)
    uwTick                                   0x2000003c   Data           4  stm32l4xx_hal.o(.data)
    SystemCoreClock                          0x20000040   Data           4  system_stm32l4xx.o(.data)
    hspi1                                    0x2000004c   Data         100  main.o(.bss)
    huart2                                   0x200000b0   Data         128  main.o(.bss)
    fs                                       0x20000130   Data         560  main.o(.bss)
    fil                                      0x20000360   Data         556  main.o(.bss)
    buffer                                   0x2000058c   Data        1024  main.o(.bss)
    disk                                     0x200009a4   Data          12  ff_gen_drv.o(.bss)
    __initial_sp                             0x20000db0   Data           0  startup_stm32l432xx.o(STACK)



==============================================================================

Memory Map of the image

  Image Entry point : 0x0800018d

  Load Region LR_IROM1 (Base: 0x08000000, Size: 0x00003710, Max: 0x00040000, ABSOLUTE)

    Execution Region ER_IROM1 (Exec base: 0x08000000, Load base: 0x08000000, Size: 0x000036c4, Max: 0x00040000, ABSOLUTE)

    Exec Addr    Load Addr    Size         Type   Attr      Idx    E Section Name        Object

    0x08000000   0x08000000   0x0000018c   Data   RO            3    RESET               startup_stm32l432xx.o
    0x0800018c   0x0800018c   0x00000000   Code   RO         3775  * .ARM.Collect$$$$00000000  mc_w.l(entry.o)
    0x0800018c   0x0800018c   0x00000004   Code   RO         3784    .ARM.Collect$$$$00000001  mc_w.l(entry2.o)
    0x08000190   0x08000190   0x00000004   Code   RO         3787    .ARM.Collect$$$$00000004  mc_w.l(entry5.o)
    0x08000194   0x08000194   0x00000000   Code   RO         3789    .ARM.Collect$$$$00000008  mc_w.l(entry7b.o)
    0x08000194   0x08000194   0x00000000   Code   RO         3791    .ARM.Collect$$$$0000000A  mc_w.l(entry8b.o)
    0x08000194   0x08000194   0x00000008   Code   RO         3792    .ARM.Collect$$$$0000000B  mc_w.l(entry9a.o)
    0x0800019c   0x0800019c   0x00000004   Code   RO         3799    .ARM.Collect$$$$0000000E  mc_w.l(entry12b.o)
    0x080001a0   0x080001a0   0x00000000   Code   RO         3794    .ARM.Collect$$$$0000000F  mc_w.l(entry10a.o)
    0x080001a0   0x080001a0   0x00000000   Code   RO         3796    .ARM.Collect$$$$00000011  mc_w.l(entry11a.o)
    0x080001a0   0x080001a0   0x00000004   Code   RO         3785    .ARM.Collect$$$$00002712  mc_w.l(entry2.o)
    0x080001a4   0x080001a4   0x00000024   Code   RO            4    .text               startup_stm32l432xx.o
    0x080001c8   0x080001c8   0x00000068   Code   RO         3778    .text               mc_w.l(uldiv.o)
    0x08000230   0x08000230   0x00000024   Code   RO         3780    .text               mc_w.l(memseta.o)
    0x08000254   0x08000254   0x0000000e   Code   RO         3782    .text               mc_w.l(strlen.o)
    0x08000262   0x08000262   0x0000001e   Code   RO         3800    .text               mc_w.l(llshl.o)
    0x08000280   0x08000280   0x00000020   Code   RO         3802    .text               mc_w.l(llushr.o)
    0x080002a0   0x080002a0   0x00000024   Code   RO         3804    .text               mc_w.l(init.o)
    0x080002c4   0x080002c4   0x00000002   Code   RO          331    i.BusFault_Handler  stm32l4xx_it.o
    0x080002c6   0x080002c6   0x00000002   PAD
    0x080002c8   0x080002c8   0x00000010   Code   RO          465    i.DESELECT          fatfs_sd.o
    0x080002d8   0x080002d8   0x00000002   Code   RO          332    i.DebugMon_Handler  stm32l4xx_it.o
    0x080002da   0x080002da   0x00000006   Code   RO         3698    i.FATFS_LinkDriver  ff_gen_drv.o
    0x080002e0   0x080002e0   0x00000040   Code   RO         3699    i.FATFS_LinkDriverEx  ff_gen_drv.o
    0x08000320   0x08000320   0x00000192   Code   RO         2575    i.HAL_GPIO_Init     stm32l4xx_hal_gpio.o
    0x080004b2   0x080004b2   0x0000000a   Code   RO         2579    i.HAL_GPIO_WritePin  stm32l4xx_hal_gpio.o
    0x080004bc   0x080004bc   0x0000000c   Code   RO         1381    i.HAL_GetTick       stm32l4xx_hal.o
    0x080004c8   0x080004c8   0x00000010   Code   RO         1387    i.HAL_IncTick       stm32l4xx_hal.o
    0x080004d8   0x080004d8   0x0000001e   Code   RO         1388    i.HAL_Init          stm32l4xx_hal.o
    0x080004f6   0x080004f6   0x00000002   PAD
    0x080004f8   0x080004f8   0x00000044   Code   RO         1389    i.HAL_InitTick      stm32l4xx_hal.o
    0x0800053c   0x0800053c   0x0000002c   Code   RO          417    i.HAL_MspInit       stm32l4xx_hal_msp.o
    0x08000568   0x08000568   0x00000040   Code   RO         3092    i.HAL_NVIC_SetPriority  stm32l4xx_hal_cortex.o
    0x080005a8   0x080005a8   0x00000024   Code   RO         3093    i.HAL_NVIC_SetPriorityGrouping  stm32l4xx_hal_cortex.o
    0x080005cc   0x080005cc   0x00000010   Code   RO         2893    i.HAL_PWREx_GetVoltageRange  stm32l4xx_hal_pwr_ex.o
    0x080005dc   0x080005dc   0x00000120   Code   RO         2086    i.HAL_RCC_ClockConfig  stm32l4xx_hal_rcc.o
    0x080006fc   0x080006fc   0x00000024   Code   RO         2092    i.HAL_RCC_GetPCLK1Freq  stm32l4xx_hal_rcc.o
    0x08000720   0x08000720   0x00000024   Code   RO         2093    i.HAL_RCC_GetPCLK2Freq  stm32l4xx_hal_rcc.o
    0x08000744   0x08000744   0x000000a4   Code   RO         2094    i.HAL_RCC_GetSysClockFreq  stm32l4xx_hal_rcc.o
    0x080007e8   0x080007e8   0x00000524   Code   RO         2097    i.HAL_RCC_OscConfig  stm32l4xx_hal_rcc.o
    0x08000d0c   0x08000d0c   0x00000006   Code   RO          570    i.HAL_SPI_GetState  stm32l4xx_hal_spi.o
    0x08000d12   0x08000d12   0x000000ac   Code   RO          572    i.HAL_SPI_Init      stm32l4xx_hal_spi.o
    0x08000dbe   0x08000dbe   0x00000002   PAD
    0x08000dc0   0x08000dc0   0x00000064   Code   RO          419    i.HAL_SPI_MspInit   stm32l4xx_hal_msp.o
    0x08000e24   0x08000e24   0x00000184   Code   RO          580    i.HAL_SPI_Transmit  stm32l4xx_hal_spi.o
    0x08000fa8   0x08000fa8   0x00000268   Code   RO          581    i.HAL_SPI_TransmitReceive  stm32l4xx_hal_spi.o
    0x08001210   0x08001210   0x00000002   Code   RO         3096    i.HAL_SYSTICK_Callback  stm32l4xx_hal_cortex.o
    0x08001212   0x08001212   0x00000028   Code   RO         3097    i.HAL_SYSTICK_Config  stm32l4xx_hal_cortex.o
    0x0800123a   0x0800123a   0x00000008   Code   RO         3098    i.HAL_SYSTICK_IRQHandler  stm32l4xx_hal_cortex.o
    0x08001242   0x08001242   0x00000066   Code   RO          974    i.HAL_UART_Init     stm32l4xx_hal_uart.o
    0x080012a8   0x080012a8   0x00000064   Code   RO          421    i.HAL_UART_MspInit  stm32l4xx_hal_msp.o
    0x0800130c   0x0800130c   0x000000b4   Code   RO          982    i.HAL_UART_Transmit  stm32l4xx_hal_uart.o
    0x080013c0   0x080013c0   0x00000002   Code   RO          333    i.HardFault_Handler  stm32l4xx_it.o
    0x080013c2   0x080013c2   0x00000002   PAD
    0x080013c4   0x080013c4   0x0000001c   Code   RO          293    i.MX_FATFS_Init     fatfs.o
    0x080013e0   0x080013e0   0x0000003c   Code   RO           14    i.MX_SPI1_Init      main.o
    0x0800141c   0x0800141c   0x0000002c   Code   RO           15    i.MX_USART2_UART_Init  main.o
    0x08001448   0x08001448   0x00000002   Code   RO          334    i.MemManage_Handler  stm32l4xx_it.o
    0x0800144a   0x0800144a   0x00000002   Code   RO          335    i.NMI_Handler       stm32l4xx_it.o
    0x0800144c   0x0800144c   0x00000002   Code   RO          336    i.PendSV_Handler    stm32l4xx_it.o
    0x0800144e   0x0800144e   0x00000002   PAD
    0x08001450   0x08001450   0x0000007c   Code   RO         2098    i.RCC_SetFlashLatencyFromMSIRange  stm32l4xx_hal_rcc.o
    0x080014cc   0x080014cc   0x00000070   Code   RO          466    i.SD_PowerOn        fatfs_sd.o
    0x0800153c   0x0800153c   0x00000020   Code   RO          467    i.SD_ReadyWait      fatfs_sd.o
    0x0800155c   0x0800155c   0x00000050   Code   RO          468    i.SD_RxDataBlock    fatfs_sd.o
    0x080015ac   0x080015ac   0x0000006e   Code   RO          469    i.SD_SendCmd        fatfs_sd.o
    0x0800161a   0x0800161a   0x00000002   PAD
    0x0800161c   0x0800161c   0x0000006a   Code   RO          470    i.SD_TxDataBlock    fatfs_sd.o
    0x08001686   0x08001686   0x00000002   PAD
    0x08001688   0x08001688   0x00000138   Code   RO          471    i.SD_disk_initialize  fatfs_sd.o
    0x080017c0   0x080017c0   0x00000144   Code   RO          472    i.SD_disk_ioctl     fatfs_sd.o
    0x08001904   0x08001904   0x00000098   Code   RO          473    i.SD_disk_read      fatfs_sd.o
    0x0800199c   0x0800199c   0x00000010   Code   RO          474    i.SD_disk_status    fatfs_sd.o
    0x080019ac   0x080019ac   0x000000b8   Code   RO          475    i.SD_disk_write     fatfs_sd.o
    0x08001a64   0x08001a64   0x00000010   Code   RO          476    i.SELECT            fatfs_sd.o
    0x08001a74   0x08001a74   0x00000048   Code   RO          610    i.SPI_EndRxTxTransaction  stm32l4xx_hal_spi.o
    0x08001abc   0x08001abc   0x00000034   Code   RO          477    i.SPI_RxByte        fatfs_sd.o
    0x08001af0   0x08001af0   0x00000020   Code   RO          478    i.SPI_TxByte        fatfs_sd.o
    0x08001b10   0x08001b10   0x00000096   Code   RO          615    i.SPI_WaitFifoStateUntilTimeout  stm32l4xx_hal_spi.o
    0x08001ba6   0x08001ba6   0x00000094   Code   RO          616    i.SPI_WaitFlagStateUntilTimeout  stm32l4xx_hal_spi.o
    0x08001c3a   0x08001c3a   0x00000002   Code   RO          338    i.SVC_Handler       stm32l4xx_it.o
    0x08001c3c   0x08001c3c   0x00000028   Code   RO          339    i.SysTick_Handler   stm32l4xx_it.o
    0x08001c64   0x08001c64   0x0000004c   Code   RO           16    i.SystemClock_Config  main.o
    0x08001cb0   0x08001cb0   0x00000044   Code   RO         3289    i.SystemInit        system_stm32l4xx.o
    0x08001cf4   0x08001cf4   0x000000c8   Code   RO          987    i.UART_AdvFeatureConfig  stm32l4xx_hal_uart.o
    0x08001dbc   0x08001dbc   0x00000058   Code   RO          988    i.UART_CheckIdleState  stm32l4xx_hal_uart.o
    0x08001e14   0x08001e14   0x00000234   Code   RO         1003    i.UART_SetConfig    stm32l4xx_hal_uart.o
    0x08002048   0x08002048   0x00000060   Code   RO         1006    i.UART_WaitOnFlagUntilTimeout  stm32l4xx_hal_uart.o
    0x080020a8   0x080020a8   0x00000014   Code   RO          232    i.USER_initialize   user_diskio.o
    0x080020bc   0x080020bc   0x00000004   Code   RO          233    i.USER_ioctl        user_diskio.o
    0x080020c0   0x080020c0   0x00000004   Code   RO          234    i.USER_read         user_diskio.o
    0x080020c4   0x080020c4   0x00000004   Code   RO          235    i.USER_status       user_diskio.o
    0x080020c8   0x080020c8   0x00000004   Code   RO          236    i.USER_write        user_diskio.o
    0x080020cc   0x080020cc   0x00000002   Code   RO          340    i.UsageFault_Handler  stm32l4xx_it.o
    0x080020ce   0x080020ce   0x00000020   Code   RO         3099    i.__NVIC_SetPriority  stm32l4xx_hal_cortex.o
    0x080020ee   0x080020ee   0x0000000e   Code   RO         3808    i.__scatterload_copy  mc_w.l(handlers.o)
    0x080020fc   0x080020fc   0x00000002   Code   RO         3809    i.__scatterload_null  mc_w.l(handlers.o)
    0x080020fe   0x080020fe   0x0000000e   Code   RO         3810    i.__scatterload_zeroinit  mc_w.l(handlers.o)
    0x0800210c   0x0800210c   0x00000078   Code   RO         3381    i.check_fs          ff.o
    0x08002184   0x08002184   0x0000006c   Code   RO         3382    i.chk_lock          ff.o
    0x080021f0   0x080021f0   0x00000024   Code   RO         3383    i.clear_lock        ff.o
    0x08002214   0x08002214   0x0000002a   Code   RO         3384    i.clmt_clust        ff.o
    0x0800223e   0x0800223e   0x0000001e   Code   RO         3385    i.clust2sect        ff.o
    0x0800225c   0x0800225c   0x000000b0   Code   RO         3386    i.create_chain      ff.o
    0x0800230c   0x0800230c   0x00000100   Code   RO         3387    i.create_name       ff.o
    0x0800240c   0x0800240c   0x0000003c   Code   RO         3388    i.dec_lock          ff.o
    0x08002448   0x08002448   0x0000011e   Code   RO         3389    i.dir_next          ff.o
    0x08002566   0x08002566   0x00000076   Code   RO         3391    i.dir_register      ff.o
    0x080025dc   0x080025dc   0x00000098   Code   RO         3393    i.dir_sdi           ff.o
    0x08002674   0x08002674   0x00000028   Code   RO         3326    i.disk_initialize   diskio.o
    0x0800269c   0x0800269c   0x0000001c   Code   RO         3327    i.disk_ioctl        diskio.o
    0x080026b8   0x080026b8   0x0000001c   Code   RO         3328    i.disk_read         diskio.o
    0x080026d4   0x080026d4   0x00000018   Code   RO         3329    i.disk_status       diskio.o
    0x080026ec   0x080026ec   0x0000001c   Code   RO         3330    i.disk_write        diskio.o
    0x08002708   0x08002708   0x0000002a   Code   RO         3395    i.f_close           ff.o
    0x08002732   0x08002732   0x000000da   Code   RO         3397    i.f_getfree         ff.o
    0x0800280c   0x0800280c   0x0000005c   Code   RO         3402    i.f_mount           ff.o
    0x08002868   0x08002868   0x000001ac   Code   RO         3403    i.f_open            ff.o
    0x08002a14   0x08002a14   0x00000192   Code   RO         3408    i.f_read            ff.o
    0x08002ba6   0x08002ba6   0x000000b8   Code   RO         3412    i.f_sync            ff.o
    0x08002c5e   0x08002c5e   0x00000002   PAD
    0x08002c60   0x08002c60   0x000002d0   Code   RO         3417    i.find_volume       ff.o
    0x08002f30   0x08002f30   0x000000c0   Code   RO         3418    i.follow_path       ff.o
    0x08002ff0   0x08002ff0   0x000000cc   Code   RO         3419    i.get_fat           ff.o
    0x080030bc   0x080030bc   0x00000004   Code   RO          294    i.get_fattime       fatfs.o
    0x080030c0   0x080030c0   0x0000003c   Code   RO         3421    i.get_ldnumber      ff.o
    0x080030fc   0x080030fc   0x000000a0   Code   RO         3422    i.inc_lock          ff.o
    0x0800319c   0x0800319c   0x00000014   Code   RO         3423    i.ld_clust          ff.o
    0x080031b0   0x080031b0   0x000000d0   Code   RO           19    i.main              main.o
    0x08003280   0x08003280   0x00000012   Code   RO         3424    i.mem_cpy           ff.o
    0x08003292   0x08003292   0x0000000e   Code   RO         3425    i.mem_set           ff.o
    0x080032a0   0x080032a0   0x00000036   Code   RO         3426    i.move_window       ff.o
    0x080032d6   0x080032d6   0x000000f6   Code   RO         3427    i.put_fat           ff.o
    0x080033cc   0x080033cc   0x0000006e   Code   RO         3429    i.remove_chain      ff.o
    0x0800343a   0x0800343a   0x00000002   PAD
    0x0800343c   0x0800343c   0x00000020   Code   RO           20    i.send_uart         main.o
    0x0800345c   0x0800345c   0x00000010   Code   RO         3430    i.st_clust          ff.o
    0x0800346c   0x0800346c   0x000000b6   Code   RO         3431    i.sync_fs           ff.o
    0x08003522   0x08003522   0x00000060   Code   RO         3432    i.sync_window       ff.o
    0x08003582   0x08003582   0x0000002c   Code   RO         3433    i.validate          ff.o
    0x080035ae   0x080035ae   0x00000002   PAD
    0x080035b0   0x080035b0   0x00000040   Data   RO         3290    .constdata          system_stm32l4xx.o
    0x080035f0   0x080035f0   0x00000008   Data   RO         3291    .constdata          system_stm32l4xx.o
    0x080035f8   0x080035f8   0x000000ac   Data   RO         3435    .constdata          ff.o
    0x080036a4   0x080036a4   0x00000020   Data   RO         3806    Region$$Table       anon$$obj.o


    Execution Region RW_IRAM1 (Exec base: 0x20000000, Load base: 0x080036c4, Size: 0x00000db0, Max: 0x0000c000, ABSOLUTE)

    Exec Addr    Load Addr    Size         Type   Attr      Idx    E Section Name        Object

    0x20000000   0x080036c4   0x00000010   Data   RW           24    .data               main.o
    0x20000010   0x080036d4   0x00000001   Data   RW          237    .data               user_diskio.o
    0x20000011   0x080036d5   0x00000003   PAD
    0x20000014   0x080036d8   0x00000014   Data   RW          238    .data               user_diskio.o
    0x20000028   0x080036ec   0x00000005   Data   RW          297    .data               fatfs.o
    0x2000002d   0x080036f1   0x00000002   Data   RW          342    .data               stm32l4xx_it.o
    0x2000002f   0x080036f3   0x00000003   Data   RW          479    .data               fatfs_sd.o
    0x20000032   0x080036f6   0x00000002   PAD
    0x20000034   0x080036f8   0x0000000c   Data   RW         1400    .data               stm32l4xx_hal.o
    0x20000040   0x08003704   0x00000004   Data   RW         3292    .data               system_stm32l4xx.o
    0x20000044   0x08003708   0x00000008   Data   RW         3436    .data               ff.o
    0x2000004c        -       0x00000940   Zero   RW           21    .bss                main.o
    0x2000098c        -       0x00000018   Zero   RW         3434    .bss                ff.o
    0x200009a4        -       0x0000000c   Zero   RW         3702    .bss                ff_gen_drv.o
    0x200009b0        -       0x00000400   Zero   RW            1    STACK               startup_stm32l432xx.o


==============================================================================

Image component sizes


      Code (inc. data)   RO Data    RW Data    ZI Data      Debug   Object Name

       148         22          0          0          0       3745   diskio.o
        32         10          0          5          0       1492   fatfs.o
      1544         62          0          3          0      10795   fatfs_sd.o
      4886         72        172          8         24      33897   ff.o
        70          4          0          0         12       1639   ff_gen_drv.o
       420         68          0         16       2368     615596   main.o
        36          8        396          0       1024        840   startup_stm32l432xx.o
       126         20          0         12          0       3633   stm32l4xx_hal.o
       182         14          0          0          0      34378   stm32l4xx_hal_cortex.o
       412         20          0          0          0       2416   stm32l4xx_hal_gpio.o
       244         26          0          0          0       2275   stm32l4xx_hal_msp.o
        16          6          0          0          0        576   stm32l4xx_hal_pwr_ex.o
      1964         96          0          0          0       6948   stm32l4xx_hal_rcc.o
      1552          0          0          0          0       8171   stm32l4xx_hal_spi.o
      1230         58          0          0          0       6481   stm32l4xx_hal_uart.o
        56          4          0          2          0       4940   stm32l4xx_it.o
        68         12         72          4          0       1217   system_stm32l4xx.o
        36          6          0         21          0       3476   user_diskio.o

    ----------------------------------------------------------------------
     13042        508        672         76       3428     742515   Object Totals
         0          0         32          0          0          0   (incl. Generated)
        20          0          0          5          0          0   (incl. Padding)

    ----------------------------------------------------------------------

      Code (inc. data)   RO Data    RW Data    ZI Data      Debug   Library Member Name

         0          0          0          0          0          0   entry.o
         0          0          0          0          0          0   entry10a.o
         0          0          0          0          0          0   entry11a.o
         4          0          0          0          0          0   entry12b.o
         8          4          0          0          0          0   entry2.o
         4          0          0          0          0          0   entry5.o
         0          0          0          0          0          0   entry7b.o
         0          0          0          0          0          0   entry8b.o
         8          4          0          0          0          0   entry9a.o
        30          0          0          0          0          0   handlers.o
        36          8          0          0          0         68   init.o
        30          0          0          0          0         68   llshl.o
        32          0          0          0          0         68   llushr.o
        36          0          0          0          0        108   memseta.o
        14          0          0          0          0         68   strlen.o
       104          0          0          0          0         92   uldiv.o

    ----------------------------------------------------------------------
       306         16          0          0          0        472   Library Totals
         0          0          0          0          0          0   (incl. Padding)

    ----------------------------------------------------------------------

      Code (inc. data)   RO Data    RW Data    ZI Data      Debug   Library Name

       306         16          0          0          0        472   mc_w.l

    ----------------------------------------------------------------------
       306         16          0          0          0        472   Library Totals

    ----------------------------------------------------------------------

==============================================================================


      Code (inc. data)   RO Data    RW Data    ZI Data      Debug   

     13348        524        672         76       3428     732787   Grand Totals
     13348        524        672         76       3428     732787   ELF Image Totals
     13348        524        672         76          0          0   ROM Totals

==============================================================================

    Total RO  Size (Code + RO Data)                14020 (  13.69kB)
    Total RW  Size (RW Data + ZI Data)              3504 (   3.42kB)
    Total ROM Size (Code + RO Data + RW Data)      14096 (  13.77kB)

==============================================================================

